Archive member included to satisfy reference by file (symbol)

.build/obj_lily58_r2g_paulomp90/i2c_master.a(i2c_master.o)
                              .build/obj_lily58_r2g_paulomp90/oled_driver.o (symbol from plugin) (i2c_init)
.build/obj_lily58_r2g_paulomp90/serial.a(serial.o)
                              .build/obj_lily58_r2g_paulomp90/quantum/split_common/transport.o (symbol from plugin) (soft_serial_initiator_init)
/opt/homebrew/Cellar/avr-gcc@8/8.5.0_1/lib/avr-gcc/8/gcc/avr/8.5.0/avr5/libgcc.a(_udivmodhi4.o)
                              .build/obj_lily58_r2g_paulomp90/i2c_master.a(i2c_master.o) (__udivmodhi4)
/opt/homebrew/Cellar/avr-gcc@8/8.5.0_1/lib/avr-gcc/8/gcc/avr/8.5.0/avr5/libgcc.a(_exit.o)
                              /opt/homebrew/Cellar/avr-gcc@8/8.5.0_1/lib/avr-gcc/8/gcc/avr/8.5.0/../../../../../../avr/lib/avr5/crtatmega32u4.o (exit)
/opt/homebrew/Cellar/avr-gcc@8/8.5.0_1/lib/avr-gcc/8/gcc/avr/8.5.0/avr5/libgcc.a(_prologue.o)
                              .build/obj_lily58_r2g_paulomp90/i2c_master.a(i2c_master.o) (__prologue_saves__)
/opt/homebrew/Cellar/avr-gcc@8/8.5.0_1/lib/avr-gcc/8/gcc/avr/8.5.0/avr5/libgcc.a(_epilogue.o)
                              .build/obj_lily58_r2g_paulomp90/i2c_master.a(i2c_master.o) (__epilogue_restores__)
/opt/homebrew/Cellar/avr-gcc@8/8.5.0_1/lib/avr-gcc/8/gcc/avr/8.5.0/../../../../../../avr/lib/avr5/libc.a(memcpy_P.o)
                              .build/obj_lily58_r2g_paulomp90/oled_driver.o (symbol from plugin) (memcpy_P)
/opt/homebrew/Cellar/avr-gcc@8/8.5.0_1/lib/avr-gcc/8/gcc/avr/8.5.0/../../../../../../avr/lib/avr5/libatmega32u4.a(eerd_block.o)
                              .build/obj_lily58_r2g_paulomp90/quantum/rgb_matrix/rgb_matrix.o (symbol from plugin) (eeprom_read_block)
/opt/homebrew/Cellar/avr-gcc@8/8.5.0_1/lib/avr-gcc/8/gcc/avr/8.5.0/../../../../../../avr/lib/avr5/libatmega32u4.a(eerd_byte.o)
                              .build/obj_lily58_r2g_paulomp90/quantum/eeconfig.o (symbol from plugin) (eeprom_read_byte)
/opt/homebrew/Cellar/avr-gcc@8/8.5.0_1/lib/avr-gcc/8/gcc/avr/8.5.0/../../../../../../avr/lib/avr5/libatmega32u4.a(eerd_dword.o)
                              .build/obj_lily58_r2g_paulomp90/quantum/eeconfig.o (symbol from plugin) (eeprom_read_dword)
/opt/homebrew/Cellar/avr-gcc@8/8.5.0_1/lib/avr-gcc/8/gcc/avr/8.5.0/../../../../../../avr/lib/avr5/libatmega32u4.a(eerd_word.o)
                              .build/obj_lily58_r2g_paulomp90/quantum/eeconfig.o (symbol from plugin) (eeprom_read_word)
/opt/homebrew/Cellar/avr-gcc@8/8.5.0_1/lib/avr-gcc/8/gcc/avr/8.5.0/../../../../../../avr/lib/avr5/libatmega32u4.a(eeupd_block.o)
                              .build/obj_lily58_r2g_paulomp90/quantum/eeconfig.o (symbol from plugin) (eeprom_update_block)
/opt/homebrew/Cellar/avr-gcc@8/8.5.0_1/lib/avr-gcc/8/gcc/avr/8.5.0/../../../../../../avr/lib/avr5/libatmega32u4.a(eeupd_byte.o)
                              .build/obj_lily58_r2g_paulomp90/quantum/eeconfig.o (symbol from plugin) (eeprom_update_byte)
/opt/homebrew/Cellar/avr-gcc@8/8.5.0_1/lib/avr-gcc/8/gcc/avr/8.5.0/../../../../../../avr/lib/avr5/libatmega32u4.a(eeupd_dword.o)
                              .build/obj_lily58_r2g_paulomp90/quantum/eeconfig.o (symbol from plugin) (eeprom_update_dword)
/opt/homebrew/Cellar/avr-gcc@8/8.5.0_1/lib/avr-gcc/8/gcc/avr/8.5.0/../../../../../../avr/lib/avr5/libatmega32u4.a(eeupd_word.o)
                              .build/obj_lily58_r2g_paulomp90/quantum/eeconfig.o (symbol from plugin) (eeprom_update_word)
/opt/homebrew/Cellar/avr-gcc@8/8.5.0_1/lib/avr-gcc/8/gcc/avr/8.5.0/avr5/libgcc.a(_udivmodqi4.o)
                              /var/folders/f8/qwbwqdc504lddb_gqcxyf_wr0000gn/T//ccpjkBs8.ltrans0.ltrans.o (__udivmodqi4)
/opt/homebrew/Cellar/avr-gcc@8/8.5.0_1/lib/avr-gcc/8/gcc/avr/8.5.0/avr5/libgcc.a(_udivmodsi4.o)
                              /var/folders/f8/qwbwqdc504lddb_gqcxyf_wr0000gn/T//ccpjkBs8.ltrans0.ltrans.o (__udivmodsi4)
/opt/homebrew/Cellar/avr-gcc@8/8.5.0_1/lib/avr-gcc/8/gcc/avr/8.5.0/avr5/libgcc.a(_divmodsi4.o)
                              /var/folders/f8/qwbwqdc504lddb_gqcxyf_wr0000gn/T//ccpjkBs8.ltrans0.ltrans.o (__divmodsi4)
/opt/homebrew/Cellar/avr-gcc@8/8.5.0_1/lib/avr-gcc/8/gcc/avr/8.5.0/avr5/libgcc.a(_negsi2.o)
                              /opt/homebrew/Cellar/avr-gcc@8/8.5.0_1/lib/avr-gcc/8/gcc/avr/8.5.0/avr5/libgcc.a(_divmodsi4.o) (__negsi2)
/opt/homebrew/Cellar/avr-gcc@8/8.5.0_1/lib/avr-gcc/8/gcc/avr/8.5.0/avr5/libgcc.a(_tablejump2.o)
                              /var/folders/f8/qwbwqdc504lddb_gqcxyf_wr0000gn/T//ccpjkBs8.ltrans0.ltrans.o (__tablejump2__)
/opt/homebrew/Cellar/avr-gcc@8/8.5.0_1/lib/avr-gcc/8/gcc/avr/8.5.0/avr5/libgcc.a(_copy_data.o)
                              /var/folders/f8/qwbwqdc504lddb_gqcxyf_wr0000gn/T//ccpjkBs8.ltrans0.ltrans.o (__do_copy_data)
/opt/homebrew/Cellar/avr-gcc@8/8.5.0_1/lib/avr-gcc/8/gcc/avr/8.5.0/avr5/libgcc.a(_clear_bss.o)
[...]
Memory Configuration

Name             Origin             Length             Attributes
text             0x00000000         0x00020000         xr
data             0x00800060         0x0000ffa0         rw!x
eeprom           0x00810000         0x00010000         rw!x
fuse             0x00820000         0x00000003         rw!x
lock             0x00830000         0x00000400         rw!x
signature        0x00840000         0x00000400         rw!x
user_signatures  0x00850000         0x00000400         rw!x
*default*        0x00000000         0xffffffff

Linker script and memory map

Address of section .data set to 0x800100
LOAD /opt/homebrew/Cellar/avr-gcc@8/8.5.0_1/lib/avr-gcc/8/gcc/avr/8.5.0/../../../../../../avr/lib/avr5/crtatmega32u4.o
LOAD .build/obj_lily58_r2g_paulomp90/./lib/rgb_state_reader.o
LOAD /var/folders/f8/qwbwqdc504lddb_gqcxyf_wr0000gn/T//ccfWvKEldebugobj
LOAD /var/folders/f8/qwbwqdc504lddb_gqcxyf_wr0000gn/T//ccpjkBs8.ltrans0.ltrans.o
LOAD .build/obj_lily58_r2g_paulomp90/./lib/layer_state_reader.o
LOAD .build/obj_lily58_r2g_paulomp90/./lib/logo_reader.o
LOAD .build/obj_lily58_r2g_paulomp90/./lib/keylogger.o
LOAD .build/obj_lily58_r2g_paulomp90/keyboards/lily58/r2g/r2g.o
LOAD .build/obj_lily58_r2g_paulomp90/.build/obj_lily58_r2g/src/default_keyboard.o
LOAD .build/obj_lily58_r2g_paulomp90/quantum/keymap_introspection.o
LOAD .build/obj_lily58_r2g_paulomp90/quantum/quantum.o
LOAD .build/obj_lily58_r2g_paulomp90/quantum/bitwise.o
LOAD .build/obj_lily58_r2g_paulomp90/quantum/led.o
LOAD .build/obj_lily58_r2g_paulomp90/quantum/action.o
LOAD .build/obj_lily58_r2g_paulomp90/quantum/action_layer.o
LOAD .build/obj_lily58_r2g_paulomp90/quantum/action_tapping.o
LOAD .build/obj_lily58_r2g_paulomp90/quantum/action_util.o
LOAD .build/obj_lily58_r2g_paulomp90/quantum/eeconfig.o
LOAD .build/obj_lily58_r2g_paulomp90/quantum/keyboard.o
LOAD .build/obj_lily58_r2g_paulomp90/quantum/keymap_common.o
LOAD .build/obj_lily58_r2g_paulomp90/quantum/keycode_config.o
LOAD .build/obj_lily58_r2g_paulomp90/quantum/sync_timer.o
LOAD .build/obj_lily58_r2g_paulomp90/quantum/logging/debug.o
LOAD .build/obj_lily58_r2g_paulomp90/quantum/logging/sendchar.o
LOAD .build/obj_lily58_r2g_paulomp90/quantum/bootmagic/magic.o
LOAD .build/obj_lily58_r2g_paulomp90/quantum/matrix_common.o
LOAD .build/obj_lily58_r2g_paulomp90/quantum/matrix.o
LOAD .build/obj_lily58_r2g_paulomp90/quantum/debounce/sym_defer_g.o
LOAD .build/obj_lily58_r2g_paulomp90/quantum/split_common/split_util.o
LOAD .build/obj_lily58_r2g_paulomp90/quantum/split_common/transport.o
LOAD .build/obj_lily58_r2g_paulomp90/quantum/split_common/transactions.o
LOAD .build/obj_lily58_r2g_paulomp90/quantum/main.o
LOAD .build/obj_lily58_r2g_paulomp90/quantum/color.o
LOAD .build/obj_lily58_r2g_paulomp90/quantum/rgb_matrix/rgb_matrix.o
LOAD .build/obj_lily58_r2g_paulomp90/quantum/rgb_matrix/rgb_matrix_drivers.o
LOAD .build/obj_lily58_r2g_paulomp90/lib/lib8tion/lib8tion.o
LOAD .build/obj_lily58_r2g_paulomp90/quantum/process_keycode/process_rgb.o
LOAD .build/obj_lily58_r2g_paulomp90/ws2812_bitbang.o
LOAD .build/obj_lily58_r2g_paulomp90/quantum/led_tables.o
LOAD .build/obj_lily58_r2g_paulomp90/crc.o
LOAD .build/obj_lily58_r2g_paulomp90/oled_driver.o
LOAD .build/obj_lily58_r2g_paulomp90/quantum/send_string/send_string.o
LOAD .build/obj_lily58_r2g_paulomp90/quantum/process_keycode/process_space_cadet.o
LOAD .build/obj_lily58_r2g_paulomp90/quantum/process_keycode/process_tri_layer.o
LOAD .build/obj_lily58_r2g_paulomp90/quantum/tri_layer.o
LOAD .build/obj_lily58_r2g_paulomp90/i2c_master.a
LOAD .build/obj_lily58_r2g_paulomp90/i2c_slave.a
LOAD .build/obj_lily58_r2g_paulomp90/serial.a
LOAD .build/obj_lily58_r2g_paulomp90/platforms/avr/xprintf.o
LOAD .build/obj_lily58_r2g_paulomp90/platforms/avr/printf.o
LOAD .build/obj_lily58_r2g_paulomp90/protocol/host.o
LOAD .build/obj_lily58_r2g_paulomp90/protocol/report.o
LOAD .build/obj_lily58_r2g_paulomp90/protocol/usb_device_state.o
LOAD .build/obj_lily58_r2g_paulomp90/protocol/usb_util.o
LOAD .build/obj_lily58_r2g_paulomp90/platforms/suspend.o
LOAD .build/obj_lily58_r2g_paulomp90/platforms/synchronization_util.o
LOAD .build/obj_lily58_r2g_paulomp90/platforms/timer.o
LOAD .build/obj_lily58_r2g_paulomp90/platforms/avr/hardware_id.o
LOAD .build/obj_lily58_r2g_paulomp90/platforms/avr/platform.o
LOAD .build/obj_lily58_r2g_paulomp90/platforms/avr/suspend.o
LOAD .build/obj_lily58_r2g_paulomp90/platforms/avr/timer.o
LOAD .build/obj_lily58_r2g_paulomp90/platforms/avr/bootloaders/dfu.o
LOAD .build/obj_lily58_r2g_paulomp90/lufa.o
LOAD .build/obj_lily58_r2g_paulomp90/usb_descriptor.o
LOAD .build/obj_lily58_r2g_paulomp90/lib/lufa/LUFA/Drivers/USB/Class/Common/HIDParser.o
LOAD .build/obj_lily58_r2g_paulomp90/lib/lufa/LUFA/Drivers/USB/Core/AVR8/Device_AVR8.o
LOAD .build/obj_lily58_r2g_paulomp90/lib/lufa/LUFA/Drivers/USB/Core/AVR8/EndpointStream_AVR8.o
LOAD .build/obj_lily58_r2g_paulomp90/lib/lufa/LUFA/Drivers/USB/Core/AVR8/Endpoint_AVR8.o
LOAD .build/obj_lily58_r2g_paulomp90/lib/lufa/LUFA/Drivers/USB/Core/AVR8/Host_AVR8.o
LOAD .build/obj_lily58_r2g_paulomp90/lib/lufa/LUFA/Drivers/USB/Core/AVR8/PipeStream_AVR8.o
LOAD .build/obj_lily58_r2g_paulomp90/lib/lufa/LUFA/Drivers/USB/Core/AVR8/Pipe_AVR8.o
LOAD .build/obj_lily58_r2g_paulomp90/lib/lufa/LUFA/Drivers/USB/Core/AVR8/USBController_AVR8.o
LOAD .build/obj_lily58_r2g_paulomp90/lib/lufa/LUFA/Drivers/USB/Core/AVR8/USBInterrupt_AVR8.o
LOAD .build/obj_lily58_r2g_paulomp90/lib/lufa/LUFA/Drivers/USB/Core/ConfigDescriptors.o
LOAD .build/obj_lily58_r2g_paulomp90/lib/lufa/LUFA/Drivers/USB/Core/DeviceStandardReq.o
LOAD .build/obj_lily58_r2g_paulomp90/lib/lufa/LUFA/Drivers/USB/Core/Events.o
LOAD .build/obj_lily58_r2g_paulomp90/lib/lufa/LUFA/Drivers/USB/Core/HostStandardReq.o
LOAD .build/obj_lily58_r2g_paulomp90/lib/lufa/LUFA/Drivers/USB/Core/USBTask.o
LOAD .build/obj_lily58_r2g_paulomp90/protocol/lufa/usb_util.o
LOAD /opt/homebrew/Cellar/avr-gcc@8/8.5.0_1/lib/avr-gcc/8/gcc/avr/8.5.0/../../../../../../avr/lib/avr5/libm.a
START GROUP
LOAD /opt/homebrew/Cellar/avr-gcc@8/8.5.0_1/lib/avr-gcc/8/gcc/avr/8.5.0/avr5/libgcc.a
LOAD /opt/homebrew/Cellar/avr-gcc@8/8.5.0_1/lib/avr-gcc/8/gcc/avr/8.5.0/../../../../../../avr/lib/avr5/libm.a
LOAD /opt/homebrew/Cellar/avr-gcc@8/8.5.0_1/lib/avr-gcc/8/gcc/avr/8.5.0/../../../../../../avr/lib/avr5/libc.a
LOAD /opt/homebrew/Cellar/avr-gcc@8/8.5.0_1/lib/avr-gcc/8/gcc/avr/8.5.0/../../../../../../avr/lib/avr5/libatmega32u4.a
END GROUP
                0x00020000                        __TEXT_REGION_LENGTH__ = DEFINED (__TEXT_REGION_LENGTH__)?__TEXT_REGION_LENGTH__:0x20000
                0x00800060                        __DATA_REGION_ORIGIN__ = DEFINED (__DATA_REGION_ORIGIN__)?__DATA_REGION_ORIGIN__:0x800060
                0x0000ffa0                        __DATA_REGION_LENGTH__ = DEFINED (__DATA_REGION_LENGTH__)?__DATA_REGION_LENGTH__:0xffa0
                0x00010000                        __EEPROM_REGION_LENGTH__ = DEFINED (__EEPROM_REGION_LENGTH__)?__EEPROM_REGION_LENGTH__:0x10000
                [0x00000003]                      __FUSE_REGION_LENGTH__ = DEFINED (__FUSE_REGION_LENGTH__)?__FUSE_REGION_LENGTH__:0x400
                0x00000400                        __LOCK_REGION_LENGTH__ = DEFINED (__LOCK_REGION_LENGTH__)?__LOCK_REGION_LENGTH__:0x400
                0x00000400                        __SIGNATURE_REGION_LENGTH__ = DEFINED (__SIGNATURE_REGION_LENGTH__)?__SIGNATURE_REGION_LENGTH__:0x400
                0x00000400                        __USER_SIGNATURE_REGION_LENGTH__ = DEFINED (__USER_SIGNATURE_REGION_LENGTH__)?__USER_SIGNATURE_REGION_LENGTH__:0x400

.hash
 *(.hash)

.dynsym
 *(.dynsym)

.dynstr
 *(.dynstr)

.gnu.version
 *(.gnu.version)

.gnu.version_d
 *(.gnu.version_d)

.gnu.version_r
 *(.gnu.version_r)

.rel.init
 *(.rel.init)

.rela.init
 *(.rela.init)

.rel.text
 *(.rel.text)
 *(.rel.text.*)
 *(.rel.gnu.linkonce.t*)

.rela.text
 *(.rela.text)
 *(.rela.text.*)
 *(.rela.gnu.linkonce.t*)

.rel.fini
 *(.rel.fini)

.rela.fini
 *(.rela.fini)

.rel.rodata
 *(.rel.rodata)
 *(.rel.rodata.*)
 *(.rel.gnu.linkonce.r*)

.rela.rodata
 *(.rela.rodata)
 *(.rela.rodata.*)
 *(.rela.gnu.linkonce.r*)

.rel.data
 *(.rel.data)
 *(.rel.data.*)
 *(.rel.gnu.linkonce.d*)

.rela.data
 *(.rela.data)
 *(.rela.data.*)
 *(.rela.gnu.linkonce.d*)

.rel.ctors
 *(.rel.ctors)

.rela.ctors
 *(.rela.ctors)

.rel.dtors
 *(.rel.dtors)

.rela.dtors
 *(.rela.dtors)

.rel.got
 *(.rel.got)

.rela.got
 *(.rela.got)

.rel.bss
 *(.rel.bss)

.rela.bss
 *(.rela.bss)

.rel.plt
 *(.rel.plt)

.rela.plt
 *(.rela.plt)

.text           0x00000000     0x5884
 *(.vectors)
 .vectors       0x00000000       0xac /opt/homebrew/Cellar/avr-gcc@8/8.5.0_1/lib/avr-gcc/8/gcc/avr/8.5.0/../../../../../../avr/lib/avr5/crtatmega32u4.o
                0x00000000                __vectors
                0x00000000                __vector_default
 *(.vectors)
 *(.progmem.gcc*)
                0x000000ac                        . = ALIGN (0x2)
                0x000000ac                        __trampolines_start = .
 *(.trampolines)
 .trampolines   0x000000ac        0x0 linker stubs
 *(.trampolines*)
                0x000000ac                        __trampolines_end = .
 *libprintf_flt.a:*(.progmem.data)
 *libc.a:*(.progmem.data)
 *(.progmem.*)
 .progmem.data.keymaps
                0x000000ac      0x258 /var/folders/f8/qwbwqdc504lddb_gqcxyf_wr0000gn/T//ccpjkBs8.ltrans0.ltrans.o
 .progmem.data.display_setup2.2301
                0x00000304        0xd /var/folders/f8/qwbwqdc504lddb_gqcxyf_wr0000gn/T//ccpjkBs8.ltrans0.ltrans.o
 .progmem.data.display_flipped.2300
                0x00000311        0x5 /var/folders/f8/qwbwqdc504lddb_gqcxyf_wr0000gn/T//ccpjkBs8.ltrans0.ltrans.o
 .progmem.data.display_normal.2299
                0x00000316        0x5 /var/folders/f8/qwbwqdc504lddb_gqcxyf_wr0000gn/T//ccpjkBs8.ltrans0.ltrans.o
 .progmem.data.display_setup1.2298
                0x0000031b        0xb /var/folders/f8/qwbwqdc504lddb_gqcxyf_wr0000gn/T//ccpjkBs8.ltrans0.ltrans.o
 .progmem.data.__c.4918
                0x00000326        0x8 /var/folders/f8/qwbwqdc504lddb_gqcxyf_wr0000gn/T//ccpjkBs8.ltrans0.ltrans.o
 .progmem.data.__c.4915
                0x0000032e        0x5 /var/folders/f8/qwbwqdc504lddb_gqcxyf_wr0000gn/T//ccpjkBs8.ltrans0.ltrans.o
 .progmem.data.__c.4912
                0x00000333        0x7 /var/folders/f8/qwbwqdc504lddb_gqcxyf_wr0000gn/T//ccpjkBs8.ltrans0.ltrans.o
 .progmem.data.__c.4909
                0x0000033a        0x6 /var/folders/f8/qwbwqdc504lddb_gqcxyf_wr0000gn/T//ccpjkBs8.ltrans0.ltrans.o
 .progmem.data.__c.4906
                0x00000340        0x6 /var/folders/f8/qwbwqdc504lddb_gqcxyf_wr0000gn/T//ccpjkBs8.ltrans0.ltrans.o
 .progmem.data.__c.4902
                0x00000346        0x8 /var/folders/f8/qwbwqdc504lddb_gqcxyf_wr0000gn/T//ccpjkBs8.ltrans0.ltrans.o
 .progmem.data.__c.4899.lto_priv.82
                0x0000034e        0x8 /var/folders/f8/qwbwqdc504lddb_gqcxyf_wr0000gn/T//ccpjkBs8.ltrans0.ltrans.o
 .progmem.data.mb_logo.4923
                0x00000356      0x1a0 /var/folders/f8/qwbwqdc504lddb_gqcxyf_wr0000gn/T//ccpjkBs8.ltrans0.ltrans.o
 .progmem.data.__c.4927.lto_priv.80
                0x000004f6        0x5 /var/folders/f8/qwbwqdc504lddb_gqcxyf_wr0000gn/T//ccpjkBs8.ltrans0.ltrans.o
 .progmem.data.CIE1931_CURVE
                0x000004fb      0x100 /var/folders/f8/qwbwqdc504lddb_gqcxyf_wr0000gn/T//ccpjkBs8.ltrans0.ltrans.o
 .progmem.data.display_on.2477
                0x000005fb        0x2 /var/folders/f8/qwbwqdc504lddb_gqcxyf_wr0000gn/T//ccpjkBs8.ltrans0.ltrans.o
 .progmem.data.display_off.2481
                0x000005fd        0x2 /var/folders/f8/qwbwqdc504lddb_gqcxyf_wr0000gn/T//ccpjkBs8.ltrans0.ltrans.o
 .progmem.data.SharedReport
                0x000005ff       0x32 /var/folders/f8/qwbwqdc504lddb_gqcxyf_wr0000gn/T//ccpjkBs8.ltrans0.ltrans.o
 .progmem.data.KeyboardReport
                0x00000631       0x40 /var/folders/f8/qwbwqdc504lddb_gqcxyf_wr0000gn/T//ccpjkBs8.ltrans0.ltrans.o
 .progmem.data.ConfigurationDescriptor
                0x00000671       0x3b /var/folders/f8/qwbwqdc504lddb_gqcxyf_wr0000gn/T//ccpjkBs8.ltrans0.ltrans.o
 .progmem.data.DeviceDescriptor
                0x000006ac       0x12 /var/folders/f8/qwbwqdc504lddb_gqcxyf_wr0000gn/T//ccpjkBs8.ltrans0.ltrans.o
 .progmem.data.ProductString
                0x000006be       0x18 /var/folders/f8/qwbwqdc504lddb_gqcxyf_wr0000gn/T//ccpjkBs8.ltrans0.ltrans.o
 .progmem.data.ManufacturerString
                0x000006d6       0x1e /var/folders/f8/qwbwqdc504lddb_gqcxyf_wr0000gn/T//ccpjkBs8.ltrans0.ltrans.o
 .progmem.data.LanguageString
                0x000006f4        0x4 /var/folders/f8/qwbwqdc504lddb_gqcxyf_wr0000gn/T//ccpjkBs8.ltrans0.ltrans.o
 .progmem.data.font
                0x000006f8      0x540 /var/folders/f8/qwbwqdc504lddb_gqcxyf_wr0000gn/T//ccpjkBs8.ltrans0.ltrans.o
                0x00000c38                        . = ALIGN (0x2)
 *(.lowtext)
 *(.lowtext*)
                0x00000c38                        __ctors_start = .
 *(.ctors)
                0x00000c38                        __ctors_end = .
                0x00000c38                        __dtors_start = .
 *(.dtors)
                0x00000c38                        __dtors_end = .
 SORT_BY_NAME(*)(.ctors)
 SORT_BY_NAME(*)(.dtors)
 *(.init0)
 .init0         0x00000c38        0x0 /opt/homebrew/Cellar/avr-gcc@8/8.5.0_1/lib/avr-gcc/8/gcc/avr/8.5.0/../../../../../../avr/lib/avr5/crtatmega32u4.o
                0x00000c38                __init
 *(.init0)
 *(.init1)
 *(.init1)
 *(.init2)
 .init2         0x00000c38        0xc /opt/homebrew/Cellar/avr-gcc@8/8.5.0_1/lib/avr-gcc/8/gcc/avr/8.5.0/../../../../../../avr/lib/avr5/crtatmega32u4.o
 *(.init2)
 *(.init3)
 .init3         0x00000c44       0x36 /var/folders/f8/qwbwqdc504lddb_gqcxyf_wr0000gn/T//ccpjkBs8.ltrans0.ltrans.o
                0x00000c44                bootloader_jump_after_watchdog_reset
 *(.init3)
 *(.init4)
 .init4         0x00000c7a       0x16 /opt/homebrew/Cellar/avr-gcc@8/8.5.0_1/lib/avr-gcc/8/gcc/avr/8.5.0/avr5/libgcc.a(_copy_data.o)
                0x00000c7a                __do_copy_data
 .init4         0x00000c90       0x10 /opt/homebrew/Cellar/avr-gcc@8/8.5.0_1/lib/avr-gcc/8/gcc/avr/8.5.0/avr5/libgcc.a(_clear_bss.o)
                0x00000c90                __do_clear_bss
 *(.init4)
 *(.init5)
 *(.init5)
 *(.init6)
 *(.init6)
 *(.init7)
 *(.init7)
 *(.init8)
 *(.init8)
 *(.init9)
 .init9         0x00000ca0        0x8 /opt/homebrew/Cellar/avr-gcc@8/8.5.0_1/lib/avr-gcc/8/gcc/avr/8.5.0/../../../../../../avr/lib/avr5/crtatmega32u4.o
 *(.init9)
 *(.text)
 .text          0x00000ca8        0x4 /opt/homebrew/Cellar/avr-gcc@8/8.5.0_1/lib/avr-gcc/8/gcc/avr/8.5.0/../../../../../../avr/lib/avr5/crtatmega32u4.o
                0x00000ca8                __vector_42
                0x00000ca8                __vector_22
                0x00000ca8                __vector_28
                0x00000ca8                __vector_1
                0x00000ca8                __vector_32
                0x00000ca8                __vector_34
                0x00000ca8                __vector_24
                0x00000ca8                __bad_interrupt
                0x00000ca8                __vector_6
                0x00000ca8                __vector_31
                0x00000ca8                __vector_35
                0x00000ca8                __vector_39
                0x00000ca8                __vector_23
                0x00000ca8                __vector_30
                0x00000ca8                __vector_25
                0x00000ca8                __vector_13
                0x00000ca8                __vector_17
                0x00000ca8                __vector_19
                0x00000ca8                __vector_7
                0x00000ca8                __vector_41
                0x00000ca8                __vector_27
                0x00000ca8                __vector_5
                0x00000ca8                __vector_33
                0x00000ca8                __vector_37
                0x00000ca8                __vector_4
                0x00000ca8                __vector_9
                0x00000ca8                __vector_2
                0x00000ca8                __vector_15
                0x00000ca8                __vector_36
                0x00000ca8                __vector_29
                0x00000ca8                __vector_40
                0x00000ca8                __vector_8
                0x00000ca8                __vector_26
                0x00000ca8                __vector_14
                0x00000ca8                __vector_16
                0x00000ca8                __vector_18
                0x00000ca8                __vector_20
                0x00000ca8                __vector_38
                0x00000cac                        . = ALIGN (0x2)
 *(.text.*)
 .text.rgb_matrix_mode_eeprom_helper.constprop.61
                0x00000cac       0x32 /var/folders/f8/qwbwqdc504lddb_gqcxyf_wr0000gn/T//ccpjkBs8.ltrans0.ltrans.o
 .text.waiting_buffer_typed.isra.2.constprop.36
                0x00000cde       0x3e /var/folders/f8/qwbwqdc504lddb_gqcxyf_wr0000gn/T//ccpjkBs8.ltrans0.ltrans.o
 .text.crc8.constprop.28
                0x00000d1c       0x2e /var/folders/f8/qwbwqdc504lddb_gqcxyf_wr0000gn/T//ccpjkBs8.ltrans0.ltrans.o
 .text.rgb_matrix_sethsv_eeprom_helper.constprop.13
                0x00000d4a       0x26 /var/folders/f8/qwbwqdc504lddb_gqcxyf_wr0000gn/T//ccpjkBs8.ltrans0.ltrans.o
 .text.USB_Disable
                0x00000d70       0x3e /var/folders/f8/qwbwqdc504lddb_gqcxyf_wr0000gn/T//ccpjkBs8.ltrans0.ltrans.o
 .text.Endpoint_WaitUntilReady
                0x00000dae       0x62 /var/folders/f8/qwbwqdc504lddb_gqcxyf_wr0000gn/T//ccpjkBs8.ltrans0.ltrans.o
 .text.Endpoint_ClearStatusStage
                0x00000e10       0x3e /var/folders/f8/qwbwqdc504lddb_gqcxyf_wr0000gn/T//ccpjkBs8.ltrans0.ltrans.o
 .text.Endpoint_ConfigureEndpoint_Prv
                0x00000e4e       0x64 /var/folders/f8/qwbwqdc504lddb_gqcxyf_wr0000gn/T//ccpjkBs8.ltrans0.ltrans.o
 .text.USB_Init
                0x00000eb2       0xb6 /var/folders/f8/qwbwqdc504lddb_gqcxyf_wr0000gn/T//ccpjkBs8.ltrans0.ltrans.o
 .text.Endpoint_Write_Control_Stream_LE
                0x00000f68       0xbc /var/folders/f8/qwbwqdc504lddb_gqcxyf_wr0000gn/T//ccpjkBs8.ltrans0.ltrans.o
 .text.send_mouse
                0x00001024        0x2 /var/folders/f8/qwbwqdc504lddb_gqcxyf_wr0000gn/T//ccpjkBs8.ltrans0.ltrans.o
 .text.keyboard_leds
                0x00001026        0x6 /var/folders/f8/qwbwqdc504lddb_gqcxyf_wr0000gn/T//ccpjkBs8.ltrans0.ltrans.o
 .text.timer_read32
                0x0000102c       0x18 /var/folders/f8/qwbwqdc504lddb_gqcxyf_wr0000gn/T//ccpjkBs8.ltrans0.ltrans.o
 .text.host_consumer_send
                0x00001044       0x4a /var/folders/f8/qwbwqdc504lddb_gqcxyf_wr0000gn/T//ccpjkBs8.ltrans0.ltrans.o
 .text.host_system_send
                0x0000108e       0x4a /var/folders/f8/qwbwqdc504lddb_gqcxyf_wr0000gn/T//ccpjkBs8.ltrans0.ltrans.o
 .text.oled_write_raw_P
                0x000010d8       0x80 /var/folders/f8/qwbwqdc504lddb_gqcxyf_wr0000gn/T//ccpjkBs8.ltrans0.ltrans.o
 .text.handleKeycodeRGB
                0x00001158        0xc /var/folders/f8/qwbwqdc504lddb_gqcxyf_wr0000gn/T//ccpjkBs8.ltrans0.ltrans.o
 .text.rgb_matrix_decrease_speed
                0x00001164       0x1c /var/folders/f8/qwbwqdc504lddb_gqcxyf_wr0000gn/T//ccpjkBs8.ltrans0.ltrans.o
 .text.rgb_matrix_increase_speed
                0x00001180       0x1c /var/folders/f8/qwbwqdc504lddb_gqcxyf_wr0000gn/T//ccpjkBs8.ltrans0.ltrans.o
 .text.rgb_matrix_decrease_val
                0x0000119c       0x1a /var/folders/f8/qwbwqdc504lddb_gqcxyf_wr0000gn/T//ccpjkBs8.ltrans0.ltrans.o
 .text.rgb_matrix_increase_val
                0x000011b6       0x1a /var/folders/f8/qwbwqdc504lddb_gqcxyf_wr0000gn/T//ccpjkBs8.ltrans0.ltrans.o
 .text.rgb_matrix_decrease_sat
                0x000011d0       0x1a /var/folders/f8/qwbwqdc504lddb_gqcxyf_wr0000gn/T//ccpjkBs8.ltrans0.ltrans.o
 .text.rgb_matrix_increase_sat
                0x000011ea       0x1a /var/folders/f8/qwbwqdc504lddb_gqcxyf_wr0000gn/T//ccpjkBs8.ltrans0.ltrans.o
 .text.rgb_matrix_decrease_hue
                0x00001204       0x14 /var/folders/f8/qwbwqdc504lddb_gqcxyf_wr0000gn/T//ccpjkBs8.ltrans0.ltrans.o
 .text.rgb_matrix_increase_hue
                0x00001218       0x14 /var/folders/f8/qwbwqdc504lddb_gqcxyf_wr0000gn/T//ccpjkBs8.ltrans0.ltrans.o
 .text.rgb_matrix_step_reverse
                0x0000122c       0x14 /var/folders/f8/qwbwqdc504lddb_gqcxyf_wr0000gn/T//ccpjkBs8.ltrans0.ltrans.o
 .text.rgb_matrix_step
                0x00001240       0x16 /var/folders/f8/qwbwqdc504lddb_gqcxyf_wr0000gn/T//ccpjkBs8.ltrans0.ltrans.o
 .text.rgb_task_flush
                0x00001256       0x1a /var/folders/f8/qwbwqdc504lddb_gqcxyf_wr0000gn/T//ccpjkBs8.ltrans0.ltrans.o
 .text.SOLID_REACTIVE_math
                0x00001270        0xc /var/folders/f8/qwbwqdc504lddb_gqcxyf_wr0000gn/T//ccpjkBs8.ltrans0.ltrans.o
 .text.SOLID_REACTIVE_SIMPLE_math
                0x0000127c        0xe /var/folders/f8/qwbwqdc504lddb_gqcxyf_wr0000gn/T//ccpjkBs8.ltrans0.ltrans.o
 .text.HUE_WAVE_math
                0x0000128a       0x22 /var/folders/f8/qwbwqdc504lddb_gqcxyf_wr0000gn/T//ccpjkBs8.ltrans0.ltrans.o
 .text.RAINBOW_MOVING_CHEVRON_math
                0x000012ac       0x32 /var/folders/f8/qwbwqdc504lddb_gqcxyf_wr0000gn/T//ccpjkBs8.ltrans0.ltrans.o
 .text.rgb_matrix_set_color
                0x000012de        0x6 /var/folders/f8/qwbwqdc504lddb_gqcxyf_wr0000gn/T//ccpjkBs8.ltrans0.ltrans.o
 .text.rgb_matrix_set_color_all
                0x000012e4       0x32 /var/folders/f8/qwbwqdc504lddb_gqcxyf_wr0000gn/T//ccpjkBs8.ltrans0.ltrans.o
 .text.RAINBOW_BEACON_math
                0x00001316       0x5c /var/folders/f8/qwbwqdc504lddb_gqcxyf_wr0000gn/T//ccpjkBs8.ltrans0.ltrans.o
 .text.sin8_avr
                0x00001372       0x3e /var/folders/f8/qwbwqdc504lddb_gqcxyf_wr0000gn/T//ccpjkBs8.ltrans0.ltrans.o
 .text.scale16by8
                0x000013b0       0x14 /var/folders/f8/qwbwqdc504lddb_gqcxyf_wr0000gn/T//ccpjkBs8.ltrans0.ltrans.o
 .text.hsv_to_rgb
                0x000013c4      0x128 /var/folders/f8/qwbwqdc504lddb_gqcxyf_wr0000gn/T//ccpjkBs8.ltrans0.ltrans.o
 .text.sendchar
                0x000014ec        0x4 /var/folders/f8/qwbwqdc504lddb_gqcxyf_wr0000gn/T//ccpjkBs8.ltrans0.ltrans.o
 .text.setPinInputHigh_atomic
                0x000014f0       0x2e /var/folders/f8/qwbwqdc504lddb_gqcxyf_wr0000gn/T//ccpjkBs8.ltrans0.ltrans.o
 .text.mod_config
                0x0000151e       0x86 /var/folders/f8/qwbwqdc504lddb_gqcxyf_wr0000gn/T//ccpjkBs8.ltrans0.ltrans.o
 .text.keycode_config
                0x000015a4      0x144 /var/folders/f8/qwbwqdc504lddb_gqcxyf_wr0000gn/T//ccpjkBs8.ltrans0.ltrans.o
 .text.keymap_key_to_keycode
                0x000016e8       0x3e /var/folders/f8/qwbwqdc504lddb_gqcxyf_wr0000gn/T//ccpjkBs8.ltrans0.ltrans.o
 .text.action_for_keycode
                0x00001726      0x23c /var/folders/f8/qwbwqdc504lddb_gqcxyf_wr0000gn/T//ccpjkBs8.ltrans0.ltrans.o
 .text.del_mods
                0x00001962        0xe /var/folders/f8/qwbwqdc504lddb_gqcxyf_wr0000gn/T//ccpjkBs8.ltrans0.ltrans.o
 .text.debug_waiting_buffer
                0x00001970       0x14 /var/folders/f8/qwbwqdc504lddb_gqcxyf_wr0000gn/T//ccpjkBs8.ltrans0.ltrans.o
 .text.layer_switch_get_layer
                0x00001984       0x5e /var/folders/f8/qwbwqdc504lddb_gqcxyf_wr0000gn/T//ccpjkBs8.ltrans0.ltrans.o
 .text.layer_switch_get_action
                0x000019e2       0x1a /var/folders/f8/qwbwqdc504lddb_gqcxyf_wr0000gn/T//ccpjkBs8.ltrans0.ltrans.o
 .text.read_source_layers_cache
                0x000019fc       0x68 /var/folders/f8/qwbwqdc504lddb_gqcxyf_wr0000gn/T//ccpjkBs8.ltrans0.ltrans.o
 .text.update_source_layers_cache
                0x00001a64       0x6e /var/folders/f8/qwbwqdc504lddb_gqcxyf_wr0000gn/T//ccpjkBs8.ltrans0.ltrans.o
 .text.layer_state_set
                0x00001ad2        0x6 /var/folders/f8/qwbwqdc504lddb_gqcxyf_wr0000gn/T//ccpjkBs8.ltrans0.ltrans.o
 .text.update_tri_layer
                0x00001ad8       0x40 /var/folders/f8/qwbwqdc504lddb_gqcxyf_wr0000gn/T//ccpjkBs8.ltrans0.ltrans.o
 .text.layer_off
                0x00001b18       0x1a /var/folders/f8/qwbwqdc504lddb_gqcxyf_wr0000gn/T//ccpjkBs8.ltrans0.ltrans.o
 .text.clear_oneshot_layer_state
                0x00001b32       0x2e /var/folders/f8/qwbwqdc504lddb_gqcxyf_wr0000gn/T//ccpjkBs8.ltrans0.ltrans.o
 .text.layer_on
                0x00001b60       0x18 /var/folders/f8/qwbwqdc504lddb_gqcxyf_wr0000gn/T//ccpjkBs8.ltrans0.ltrans.o
 .text.default_layer_state_set
                0x00001b78        0x6 /var/folders/f8/qwbwqdc504lddb_gqcxyf_wr0000gn/T//ccpjkBs8.ltrans0.ltrans.o
 .text.is_tap_record
                0x00001b7e       0x46 /var/folders/f8/qwbwqdc504lddb_gqcxyf_wr0000gn/T//ccpjkBs8.ltrans0.ltrans.o
 .text.biton    0x00001bc4       0x22 /var/folders/f8/qwbwqdc504lddb_gqcxyf_wr0000gn/T//ccpjkBs8.ltrans0.ltrans.o
 .text.get_event_keycode
                0x00001be6       0x4a /var/folders/f8/qwbwqdc504lddb_gqcxyf_wr0000gn/T//ccpjkBs8.ltrans0.ltrans.o
 .text.oled_write_char.constprop.77
                0x00001c30      0x100 /var/folders/f8/qwbwqdc504lddb_gqcxyf_wr0000gn/T//ccpjkBs8.ltrans0.ltrans.o
 .text.oled_write_P.constprop.76
                0x00001d30       0x1c /var/folders/f8/qwbwqdc504lddb_gqcxyf_wr0000gn/T//ccpjkBs8.ltrans0.ltrans.o
 .text.oled_advance_page
                0x00001d4c       0x64 /var/folders/f8/qwbwqdc504lddb_gqcxyf_wr0000gn/T//ccpjkBs8.ltrans0.ltrans.o
 .text.oled_write_ln_P.constprop.75
                0x00001db0        0xc /var/folders/f8/qwbwqdc504lddb_gqcxyf_wr0000gn/T//ccpjkBs8.ltrans0.ltrans.o
 .text.send_keyboard_report
                0x00001dbc       0x7a /var/folders/f8/qwbwqdc504lddb_gqcxyf_wr0000gn/T//ccpjkBs8.ltrans0.ltrans.o
 .text.clear_keyboard_but_mods
                0x00001e36       0x28 /var/folders/f8/qwbwqdc504lddb_gqcxyf_wr0000gn/T//ccpjkBs8.ltrans0.ltrans.o
 .text.USB_Device_ProcessControlRequest
                0x00001e5e      0x566 /var/folders/f8/qwbwqdc504lddb_gqcxyf_wr0000gn/T//ccpjkBs8.ltrans0.ltrans.o
 .text.unregister_mods
                0x000023c4        0xe /var/folders/f8/qwbwqdc504lddb_gqcxyf_wr0000gn/T//ccpjkBs8.ltrans0.ltrans.o
 .text.register_mods
                0x000023d2       0x14 /var/folders/f8/qwbwqdc504lddb_gqcxyf_wr0000gn/T//ccpjkBs8.ltrans0.ltrans.o
 .text.unregister_code
                0x000023e6       0x6a /var/folders/f8/qwbwqdc504lddb_gqcxyf_wr0000gn/T//ccpjkBs8.ltrans0.ltrans.o
 .text.register_code
                0x00002450       0xd8 /var/folders/f8/qwbwqdc504lddb_gqcxyf_wr0000gn/T//ccpjkBs8.ltrans0.ltrans.o
 .text.oled_write.constprop.73
                0x00002528       0x30 /var/folders/f8/qwbwqdc504lddb_gqcxyf_wr0000gn/T//ccpjkBs8.ltrans0.ltrans.o
 .text.send_report
                0x00002558       0x76 /var/folders/f8/qwbwqdc504lddb_gqcxyf_wr0000gn/T//ccpjkBs8.ltrans0.ltrans.o
 .text.send_extra
                0x000025ce        0xe /var/folders/f8/qwbwqdc504lddb_gqcxyf_wr0000gn/T//ccpjkBs8.ltrans0.ltrans.o
 .text.send_keyboard
                0x000025dc       0x28 /var/folders/f8/qwbwqdc504lddb_gqcxyf_wr0000gn/T//ccpjkBs8.ltrans0.ltrans.o
 .text.flush    0x00002604       0x4e /var/folders/f8/qwbwqdc504lddb_gqcxyf_wr0000gn/T//ccpjkBs8.ltrans0.ltrans.o
 .text.transaction_handler_master.isra.2
                0x00002652       0x66 /var/folders/f8/qwbwqdc504lddb_gqcxyf_wr0000gn/T//ccpjkBs8.ltrans0.ltrans.o
 .text.is_keyboard_master
                0x000026b8       0x46 /var/folders/f8/qwbwqdc504lddb_gqcxyf_wr0000gn/T//ccpjkBs8.ltrans0.ltrans.o
 .text.host_keyboard_leds
                0x000026fe       0x22 /var/folders/f8/qwbwqdc504lddb_gqcxyf_wr0000gn/T//ccpjkBs8.ltrans0.ltrans.o
 .text.setled   0x00002720       0x48 /var/folders/f8/qwbwqdc504lddb_gqcxyf_wr0000gn/T//ccpjkBs8.ltrans0.ltrans.o
 .text.rgb_matrix_check_finished_leds
                0x00002768       0x20 /var/folders/f8/qwbwqdc504lddb_gqcxyf_wr0000gn/T//ccpjkBs8.ltrans0.ltrans.o
 .text.effect_runner_reactive.constprop.57
                0x00002788       0xf6 /var/folders/f8/qwbwqdc504lddb_gqcxyf_wr0000gn/T//ccpjkBs8.ltrans0.ltrans.o
 .text.effect_runner_i.constprop.54
                0x0000287e       0xac /var/folders/f8/qwbwqdc504lddb_gqcxyf_wr0000gn/T//ccpjkBs8.ltrans0.ltrans.o
 .text.rgb_task_render
                0x0000292a      0x456 /var/folders/f8/qwbwqdc504lddb_gqcxyf_wr0000gn/T//ccpjkBs8.ltrans0.ltrans.o
 .text.sync_timer_read32
                0x00002d80       0x34 /var/folders/f8/qwbwqdc504lddb_gqcxyf_wr0000gn/T//ccpjkBs8.ltrans0.ltrans.o
 .text.sync_timer_elapsed32
                0x00002db4       0x42 /var/folders/f8/qwbwqdc504lddb_gqcxyf_wr0000gn/T//ccpjkBs8.ltrans0.ltrans.o
 .text.soft_reset_keyboard
                0x00002df6       0x30 /var/folders/f8/qwbwqdc504lddb_gqcxyf_wr0000gn/T//ccpjkBs8.ltrans0.ltrans.o
 .text.oled_send_cmd_P
                0x00002e26       0x54 /var/folders/f8/qwbwqdc504lddb_gqcxyf_wr0000gn/T//ccpjkBs8.ltrans0.ltrans.o
 .text.oled_off
                0x00002e7a       0x36 /var/folders/f8/qwbwqdc504lddb_gqcxyf_wr0000gn/T//ccpjkBs8.ltrans0.ltrans.o
 .text.oled_on  0x00002eb0       0x50 /var/folders/f8/qwbwqdc504lddb_gqcxyf_wr0000gn/T//ccpjkBs8.ltrans0.ltrans.o
 .text.rgb_matrix_task
                0x00002f00      0x170 /var/folders/f8/qwbwqdc504lddb_gqcxyf_wr0000gn/T//ccpjkBs8.ltrans0.ltrans.o
 .text.eeconfig_update_rgb_matrix_default
                0x00003070       0x36 /var/folders/f8/qwbwqdc504lddb_gqcxyf_wr0000gn/T//ccpjkBs8.ltrans0.ltrans.o
 .text.sync_timer_handlers_master
                0x000030a6       0xac /var/folders/f8/qwbwqdc504lddb_gqcxyf_wr0000gn/T//ccpjkBs8.ltrans0.ltrans.o
 .text.slave_matrix_handlers_master
                0x00003152      0x13e /var/folders/f8/qwbwqdc504lddb_gqcxyf_wr0000gn/T//ccpjkBs8.ltrans0.ltrans.o
 .text.send_if_condition
                0x00003290       0xc2 /var/folders/f8/qwbwqdc504lddb_gqcxyf_wr0000gn/T//ccpjkBs8.ltrans0.ltrans.o
 .text.rgb_matrix_handlers_master
                0x00003352       0x58 /var/folders/f8/qwbwqdc504lddb_gqcxyf_wr0000gn/T//ccpjkBs8.ltrans0.ltrans.o
 .text.master_matrix_handlers_master
                0x000033aa       0x38 /var/folders/f8/qwbwqdc504lddb_gqcxyf_wr0000gn/T//ccpjkBs8.ltrans0.ltrans.o
 .text.eeconfig_init_quantum
                0x000033e2       0xd8 /var/folders/f8/qwbwqdc504lddb_gqcxyf_wr0000gn/T//ccpjkBs8.ltrans0.ltrans.o
 .text.oneshot_set
                0x000034ba       0x2e /var/folders/f8/qwbwqdc504lddb_gqcxyf_wr0000gn/T//ccpjkBs8.ltrans0.ltrans.o
 .text.__vector_11
                0x000034e8       0x88 /var/folders/f8/qwbwqdc504lddb_gqcxyf_wr0000gn/T//ccpjkBs8.ltrans0.ltrans.o
                0x000034e8                __vector_11
 .text.__vector_10
                0x00003570      0x1b2 /var/folders/f8/qwbwqdc504lddb_gqcxyf_wr0000gn/T//ccpjkBs8.ltrans0.ltrans.o
                0x00003570                __vector_10
 .text.__vector_21
                0x00003722       0x48 /var/folders/f8/qwbwqdc504lddb_gqcxyf_wr0000gn/T//ccpjkBs8.ltrans0.ltrans.o
                0x00003722                __vector_21
 .text.timer_elapsed
                0x0000376a       0x1e /var/folders/f8/qwbwqdc504lddb_gqcxyf_wr0000gn/T//ccpjkBs8.ltrans0.ltrans.o
                0x0000376a                timer_elapsed
 .text.timer_read
                0x00003788       0x18 /var/folders/f8/qwbwqdc504lddb_gqcxyf_wr0000gn/T//ccpjkBs8.ltrans0.ltrans.o
                0x00003788                timer_read
 .text.perform_space_cadet.constprop.59
                0x000037a0       0xc0 /var/folders/f8/qwbwqdc504lddb_gqcxyf_wr0000gn/T//ccpjkBs8.ltrans0.ltrans.o
 .text.process_record
                0x00003860      0x766 /var/folders/f8/qwbwqdc504lddb_gqcxyf_wr0000gn/T//ccpjkBs8.ltrans0.ltrans.o
 .text.waiting_buffer_scan_tap
                0x00003fc6       0xb6 /var/folders/f8/qwbwqdc504lddb_gqcxyf_wr0000gn/T//ccpjkBs8.ltrans0.ltrans.o
 .text.process_tapping
                0x0000407c      0x2b0 /var/folders/f8/qwbwqdc504lddb_gqcxyf_wr0000gn/T//ccpjkBs8.ltrans0.ltrans.o
 .text.action_exec
                0x0000432c      0x11c /var/folders/f8/qwbwqdc504lddb_gqcxyf_wr0000gn/T//ccpjkBs8.ltrans0.ltrans.o
 .text.matrix_scan
                0x00004448      0x33c /var/folders/f8/qwbwqdc504lddb_gqcxyf_wr0000gn/T//ccpjkBs8.ltrans0.ltrans.o
 .text.generate_tick_event
                0x00004784       0x48 /var/folders/f8/qwbwqdc504lddb_gqcxyf_wr0000gn/T//ccpjkBs8.ltrans0.ltrans.o
 .text.__vector_12
                0x000047cc       0x4e /var/folders/f8/qwbwqdc504lddb_gqcxyf_wr0000gn/T//ccpjkBs8.ltrans0.ltrans.o
                0x000047cc                __vector_12
 .text.startup.main
                0x0000481a      0x87e /var/folders/f8/qwbwqdc504lddb_gqcxyf_wr0000gn/T//ccpjkBs8.ltrans0.ltrans.o
                0x0000481a                main
 .text.i2c_init
                0x00005098        0xc .build/obj_lily58_r2g_paulomp90/i2c_master.a(i2c_master.o)
                0x00005098                i2c_init
 .text.i2c_start
                0x000050a4       0xd8 .build/obj_lily58_r2g_paulomp90/i2c_master.a(i2c_master.o)
                0x000050a4                i2c_start
 .text.i2c_write
                0x0000517c       0x5c .build/obj_lily58_r2g_paulomp90/i2c_master.a(i2c_master.o)
                0x0000517c                i2c_write
 .text.i2c_transmit
                0x000051d8       0x42 .build/obj_lily58_r2g_paulomp90/i2c_master.a(i2c_master.o)
                0x000051d8                i2c_transmit
 .text.i2c_writeReg
                0x0000521a       0x4e .build/obj_lily58_r2g_paulomp90/i2c_master.a(i2c_master.o)
                0x0000521a                i2c_writeReg
 .text.i2c_stop
                0x00005268        0x8 .build/obj_lily58_r2g_paulomp90/i2c_master.a(i2c_master.o)
                0x00005268                i2c_stop
 .text.sync_recv
                0x00005270       0x10 .build/obj_lily58_r2g_paulomp90/serial.a(serial.o)
 .text.sync_send
                0x00005280        0xc .build/obj_lily58_r2g_paulomp90/serial.a(serial.o)
 .text.serial_read_chunk.constprop.0
                0x0000528c       0x58 .build/obj_lily58_r2g_paulomp90/serial.a(serial.o)
 .text.serial_recive_packet
                0x000052e4       0x40 .build/obj_lily58_r2g_paulomp90/serial.a(serial.o)
 .text.soft_serial_initiator_init
                0x00005324        0x6 .build/obj_lily58_r2g_paulomp90/serial.a(serial.o)
                0x00005324                soft_serial_initiator_init
 .text.soft_serial_target_init
                0x0000532a       0x12 .build/obj_lily58_r2g_paulomp90/serial.a(serial.o)
                0x0000532a                soft_serial_target_init
 .text.serial_write_chunk
                0x0000533c       0x42 .build/obj_lily58_r2g_paulomp90/serial.a(serial.o)
                0x0000533c                serial_write_chunk
 .text.serial_send_packet
                0x0000537e       0x32 .build/obj_lily58_r2g_paulomp90/serial.a(serial.o)
 .text.__vector_3
                0x000053b0      0x14c .build/obj_lily58_r2g_paulomp90/serial.a(serial.o)
                0x000053b0                __vector_3
 .text.soft_serial_transaction
                0x000054fc       0xec .build/obj_lily58_r2g_paulomp90/serial.a(serial.o)
                0x000054fc                soft_serial_transaction
 .text.libgcc.div
                0x000055e8       0x28 /opt/homebrew/Cellar/avr-gcc@8/8.5.0_1/lib/avr-gcc/8/gcc/avr/8.5.0/avr5/libgcc.a(_udivmodhi4.o)
                0x000055e8                __udivmodhi4
 .text.libgcc.prologue
                0x00005610       0x38 /opt/homebrew/Cellar/avr-gcc@8/8.5.0_1/lib/avr-gcc/8/gcc/avr/8.5.0/avr5/libgcc.a(_prologue.o)
                0x00005610                __prologue_saves__
 .text.libgcc.prologue
                0x00005648       0x36 /opt/homebrew/Cellar/avr-gcc@8/8.5.0_1/lib/avr-gcc/8/gcc/avr/8.5.0/avr5/libgcc.a(_epilogue.o)
                0x00005648                __epilogue_restores__
 .text.libgcc.div
                0x0000567e       0x18 /opt/homebrew/Cellar/avr-gcc@8/8.5.0_1/lib/avr-gcc/8/gcc/avr/8.5.0/avr5/libgcc.a(_udivmodqi4.o)
                0x0000567e                __udivmodqi4
 .text.libgcc.div
                0x00005696       0x44 /opt/homebrew/Cellar/avr-gcc@8/8.5.0_1/lib/avr-gcc/8/gcc/avr/8.5.0/avr5/libgcc.a(_udivmodsi4.o)
                0x00005696                __udivmodsi4
 .text.libgcc.div
                0x000056da       0x2e /opt/homebrew/Cellar/avr-gcc@8/8.5.0_1/lib/avr-gcc/8/gcc/avr/8.5.0/avr5/libgcc.a(_divmodsi4.o)
                0x000056da                __divmodsi4
 .text.libgcc.div
                0x00005708       0x10 /opt/homebrew/Cellar/avr-gcc@8/8.5.0_1/lib/avr-gcc/8/gcc/avr/8.5.0/avr5/libgcc.a(_negsi2.o)
                0x00005708                __negsi2
 .text.libgcc   0x00005718        0xc /opt/homebrew/Cellar/avr-gcc@8/8.5.0_1/lib/avr-gcc/8/gcc/avr/8.5.0/avr5/libgcc.a(_tablejump2.o)
                0x00005718                __tablejump2__
 .text.avr-libc
                0x00005724       0x12 /opt/homebrew/Cellar/avr-gcc@8/8.5.0_1/lib/avr-gcc/8/gcc/avr/8.5.0/../../../../../../avr/lib/avr5/libc.a(memcpy_P.o)
                0x00005724                memcpy_P
 .text.avr-libc
                0x00005736       0x1a /opt/homebrew/Cellar/avr-gcc@8/8.5.0_1/lib/avr-gcc/8/gcc/avr/8.5.0/../../../../../../avr/lib/avr5/libc.a(memcmp.o)
                0x00005736                memcmp
 .text.avr-libc
                0x00005750       0x12 /opt/homebrew/Cellar/avr-gcc@8/8.5.0_1/lib/avr-gcc/8/gcc/avr/8.5.0/../../../../../../avr/lib/avr5/libc.a(memcpy.o)
                0x00005750                memcpy
 .text.avr-libc
                0x00005762       0x20 /opt/homebrew/Cellar/avr-gcc@8/8.5.0_1/lib/avr-gcc/8/gcc/avr/8.5.0/../../../../../../avr/lib/avr5/libatmega32u4.a(eerd_block.o)
                0x00005762                eeprom_read_block
                0x00005766                eeprom_read_blraw
 .text.avr-libc
                0x00005782       0x10 /opt/homebrew/Cellar/avr-gcc@8/8.5.0_1/lib/avr-gcc/8/gcc/avr/8.5.0/../../../../../../avr/lib/avr5/libatmega32u4.a(eerd_byte.o)
                0x00005782                eeprom_read_byte
 .text.avr-libc
                0x00005792        0xc /opt/homebrew/Cellar/avr-gcc@8/8.5.0_1/lib/avr-gcc/8/gcc/avr/8.5.0/../../../../../../avr/lib/avr5/libatmega32u4.a(eerd_word.o)
                0x00005792                eeprom_read_word
 .text.avr-libc
                0x0000579e       0x20 /opt/homebrew/Cellar/avr-gcc@8/8.5.0_1/lib/avr-gcc/8/gcc/avr/8.5.0/../../../../../../avr/lib/avr5/libatmega32u4.a(eeupd_block.o)
                0x0000579e                eeprom_update_block
 .text.avr-libc
                0x000057be       0x24 /opt/homebrew/Cellar/avr-gcc@8/8.5.0_1/lib/avr-gcc/8/gcc/avr/8.5.0/../../../../../../avr/lib/avr5/libatmega32u4.a(eeupd_byte.o)
                0x000057be                eeprom_update_byte
                0x000057c0                eeprom_update_r18
 .text.avr-libc
                0x000057e2       0x18 /opt/homebrew/Cellar/avr-gcc@8/8.5.0_1/lib/avr-gcc/8/gcc/avr/8.5.0/../../../../../../avr/lib/avr5/libatmega32u4.a(eeupd_dword.o)
                0x000057e2                eeprom_update_dword
                0x000057e2                eeprom_update_float
 .text.avr-libc
                0x000057fa        0xc /opt/homebrew/Cellar/avr-gcc@8/8.5.0_1/lib/avr-gcc/8/gcc/avr/8.5.0/../../../../../../avr/lib/avr5/libatmega32u4.a(eeupd_word.o)
                0x000057fa                eeprom_update_word
                0x00005806                        . = ALIGN (0x2)
 *(.fini9)
 .fini9         0x00005806        0x0 /opt/homebrew/Cellar/avr-gcc@8/8.5.0_1/lib/avr-gcc/8/gcc/avr/8.5.0/avr5/libgcc.a(_exit.o)
                0x00005806                exit
                0x00005806                _exit
 *(.fini9)
 *(.fini8)
 *(.fini8)
 *(.fini7)
 *(.fini7)
 *(.fini6)
 *(.fini6)
 *(.fini5)
 *(.fini5)
 *(.fini4)
 *(.fini4)
 *(.fini3)
 *(.fini3)
 *(.fini2)
 *(.fini2)
 *(.fini1)
 *(.fini1)
 *(.fini0)
 .fini0         0x00005806        0x4 /opt/homebrew/Cellar/avr-gcc@8/8.5.0_1/lib/avr-gcc/8/gcc/avr/8.5.0/avr5/libgcc.a(_exit.o)
 *(.fini0)
 *(.hightext)
 *(.hightext*)
 *(.progmemx.*)
                0x0000580a                        . = ALIGN (0x2)
 *(.jumptables)
 *(.jumptables*)
 .jumptables.gcc.USB_Device_ProcessControlRequest
                0x0000580a       0x14 /var/folders/f8/qwbwqdc504lddb_gqcxyf_wr0000gn/T//ccpjkBs8.ltrans0.ltrans.o
 .jumptables.gcc.rgb_task_render
                0x0000581e       0x16 /var/folders/f8/qwbwqdc504lddb_gqcxyf_wr0000gn/T//ccpjkBs8.ltrans0.ltrans.o
 .jumptables.gcc.process_record
                0x00005834       0x50 /var/folders/f8/qwbwqdc504lddb_gqcxyf_wr0000gn/T//ccpjkBs8.ltrans0.ltrans.o
                0x00005884                        _etext = .

.data           0x00800100      0x1f0 load address 0x00005884
                0x00800100                        PROVIDE (__data_start = .)
 *(.data)
 *(.data*)
 .data.split_transaction_table
                0x00800100       0x28 /var/folders/f8/qwbwqdc504lddb_gqcxyf_wr0000gn/T//ccpjkBs8.ltrans0.ltrans.o
                0x00800100                split_transaction_table
 .data.isLeftHand
                0x00800128        0x1 /var/folders/f8/qwbwqdc504lddb_gqcxyf_wr0000gn/T//ccpjkBs8.ltrans0.ltrans.o
 .data.lufa_driver
                0x00800129        0x8 /var/folders/f8/qwbwqdc504lddb_gqcxyf_wr0000gn/T//ccpjkBs8.ltrans0.ltrans.o
 .data.key_name_r2g
                0x00800131        0x1 /var/folders/f8/qwbwqdc504lddb_gqcxyf_wr0000gn/T//ccpjkBs8.ltrans0.ltrans.o
 .data.display_start.2351
                0x00800132        0x7 /var/folders/f8/qwbwqdc504lddb_gqcxyf_wr0000gn/T//ccpjkBs8.ltrans0.ltrans.o
 .data.rgb_last_enable
                0x00800139        0x1 /var/folders/f8/qwbwqdc504lddb_gqcxyf_wr0000gn/T//ccpjkBs8.ltrans0.ltrans.o
 .data.rgb_last_effect
                0x0080013a        0x1 /var/folders/f8/qwbwqdc504lddb_gqcxyf_wr0000gn/T//ccpjkBs8.ltrans0.ltrans.o
 .data.keyboard_protocol
                0x0080013b        0x1 /var/folders/f8/qwbwqdc504lddb_gqcxyf_wr0000gn/T//ccpjkBs8.ltrans0.ltrans.o
 .data.rgb_effect_params
                0x0080013c        0x3 /var/folders/f8/qwbwqdc504lddb_gqcxyf_wr0000gn/T//ccpjkBs8.ltrans0.ltrans.o
 .data.rgb_task_state
                0x0080013f        0x1 /var/folders/f8/qwbwqdc504lddb_gqcxyf_wr0000gn/T//ccpjkBs8.ltrans0.ltrans.o
 *(.gnu.linkonce.d*)
 *(.rodata)
 .rodata        0x00800140        0x3 /var/folders/f8/qwbwqdc504lddb_gqcxyf_wr0000gn/T//ccpjkBs8.ltrans0.ltrans.o
 *(.rodata*)
 .rodata.code_to_name_r2g
                0x00800143       0x3c /var/folders/f8/qwbwqdc504lddb_gqcxyf_wr0000gn/T//ccpjkBs8.ltrans0.ltrans.o
 .rodata.CSWTCH.12
                0x0080017f        0x3 /var/folders/f8/qwbwqdc504lddb_gqcxyf_wr0000gn/T//ccpjkBs8.ltrans0.ltrans.o
 .rodata.CSWTCH.13
                0x00800182       0x36 /var/folders/f8/qwbwqdc504lddb_gqcxyf_wr0000gn/T//ccpjkBs8.ltrans0.ltrans.o
 .rodata.split_shmem
                0x008001b8        0x2 /var/folders/f8/qwbwqdc504lddb_gqcxyf_wr0000gn/T//ccpjkBs8.ltrans0.ltrans.o
                0x008001b8                split_shmem
 .rodata.row_pins
                0x008001ba        0x5 /var/folders/f8/qwbwqdc504lddb_gqcxyf_wr0000gn/T//ccpjkBs8.ltrans0.ltrans.o
 .rodata.col_pins
                0x008001bf        0x6 /var/folders/f8/qwbwqdc504lddb_gqcxyf_wr0000gn/T//ccpjkBs8.ltrans0.ltrans.o
 .rodata.source_map.2352
                0x008001c5        0x4 /var/folders/f8/qwbwqdc504lddb_gqcxyf_wr0000gn/T//ccpjkBs8.ltrans0.ltrans.o
 .rodata.target_map.2353
                0x008001c9        0x4 /var/folders/f8/qwbwqdc504lddb_gqcxyf_wr0000gn/T//ccpjkBs8.ltrans0.ltrans.o
 .rodata.b_m16_interleave
                0x008001cd        0x8 /var/folders/f8/qwbwqdc504lddb_gqcxyf_wr0000gn/T//ccpjkBs8.ltrans0.ltrans.o
 .rodata.g_led_config
                0x008001d5      0x11a /var/folders/f8/qwbwqdc504lddb_gqcxyf_wr0000gn/T//ccpjkBs8.ltrans0.ltrans.o
 *(.gnu.linkonce.r*)
                0x008002f0                        . = ALIGN (0x2)
 *fill*         0x008002ef        0x1 
                0x008002f0                        _edata = .
                0x008002f0                        PROVIDE (__data_end = .)

.bss            0x008002f0      0x4a2
                0x008002f0                        PROVIDE (__bss_start = .)
 *(.bss)
 .bss           0x008002f0        0x2 .build/obj_lily58_r2g_paulomp90/platforms/avr/xprintf.o
                0x008002f0                xfunc_out
 *(.bss*)
 .bss.__compound_literal.0
                0x008002f2        0x8 /var/folders/f8/qwbwqdc504lddb_gqcxyf_wr0000gn/T//ccpjkBs8.ltrans0.ltrans.o
 .bss.oneshot_locked_mods
                0x008002fa        0x1 /var/folders/f8/qwbwqdc504lddb_gqcxyf_wr0000gn/T//ccpjkBs8.ltrans0.ltrans.o
 .bss.source_layers_cache
                0x008002fb       0x18 /var/folders/f8/qwbwqdc504lddb_gqcxyf_wr0000gn/T//ccpjkBs8.ltrans0.ltrans.o
 .bss.tapping_key
                0x00800313        0x7 /var/folders/f8/qwbwqdc504lddb_gqcxyf_wr0000gn/T//ccpjkBs8.ltrans0.ltrans.o
 .bss.oneshot_layer_data
                0x0080031a        0x1 /var/folders/f8/qwbwqdc504lddb_gqcxyf_wr0000gn/T//ccpjkBs8.ltrans0.ltrans.o
 .bss.last_report.4022
                0x0080031b        0x8 /var/folders/f8/qwbwqdc504lddb_gqcxyf_wr0000gn/T//ccpjkBs8.ltrans0.ltrans.o
 .bss.oneshot_mods
                0x00800323        0x1 /var/folders/f8/qwbwqdc504lddb_gqcxyf_wr0000gn/T//ccpjkBs8.ltrans0.ltrans.o
 .bss.weak_mods
                0x00800324        0x1 /var/folders/f8/qwbwqdc504lddb_gqcxyf_wr0000gn/T//ccpjkBs8.ltrans0.ltrans.o
 .bss.default_layer_state
                0x00800325        0x1 /var/folders/f8/qwbwqdc504lddb_gqcxyf_wr0000gn/T//ccpjkBs8.ltrans0.ltrans.o
 .bss.last_tick.5018
                0x00800326        0x2 /var/folders/f8/qwbwqdc504lddb_gqcxyf_wr0000gn/T//ccpjkBs8.ltrans0.ltrans.o
 .bss.debouncing_time
                0x00800328        0x2 /var/folders/f8/qwbwqdc504lddb_gqcxyf_wr0000gn/T//ccpjkBs8.ltrans0.ltrans.o
 .bss.debouncing
                0x0080032a        0x1 /var/folders/f8/qwbwqdc504lddb_gqcxyf_wr0000gn/T//ccpjkBs8.ltrans0.ltrans.o
 .bss.connection_check_timer.4964
                0x0080032b        0x2 /var/folders/f8/qwbwqdc504lddb_gqcxyf_wr0000gn/T//ccpjkBs8.ltrans0.ltrans.o
 .bss.last_sync_timer.5193
                0x0080032d        0x4 /var/folders/f8/qwbwqdc504lddb_gqcxyf_wr0000gn/T//ccpjkBs8.ltrans0.ltrans.o
 .bss.last_connected.5145
                0x00800331        0x1 /var/folders/f8/qwbwqdc504lddb_gqcxyf_wr0000gn/T//ccpjkBs8.ltrans0.ltrans.o
 .bss.usbstate.4950
                0x00800332        0x1 /var/folders/f8/qwbwqdc504lddb_gqcxyf_wr0000gn/T//ccpjkBs8.ltrans0.ltrans.o
 .bss.last_matrix.5166
                0x00800333        0x5 /var/folders/f8/qwbwqdc504lddb_gqcxyf_wr0000gn/T//ccpjkBs8.ltrans0.ltrans.o
 .bss.last_update.5165
                0x00800338        0x4 /var/folders/f8/qwbwqdc504lddb_gqcxyf_wr0000gn/T//ccpjkBs8.ltrans0.ltrans.o
 .bss.last_update.5177
                0x0080033c        0x4 /var/folders/f8/qwbwqdc504lddb_gqcxyf_wr0000gn/T//ccpjkBs8.ltrans0.ltrans.o
 .bss.shared_memory
                0x00800340       0x18 /var/folders/f8/qwbwqdc504lddb_gqcxyf_wr0000gn/T//ccpjkBs8.ltrans0.ltrans.o
 .bss.last_update.5186
                0x00800358        0x4 /var/folders/f8/qwbwqdc504lddb_gqcxyf_wr0000gn/T//ccpjkBs8.ltrans0.ltrans.o
 .bss.last_update.5198
                0x0080035c        0x4 /var/folders/f8/qwbwqdc504lddb_gqcxyf_wr0000gn/T//ccpjkBs8.ltrans0.ltrans.o
 .bss.connection_errors
                0x00800360        0x1 /var/folders/f8/qwbwqdc504lddb_gqcxyf_wr0000gn/T//ccpjkBs8.ltrans0.ltrans.o
 .bss.sync_timer_ms
                0x00800361        0x4 /var/folders/f8/qwbwqdc504lddb_gqcxyf_wr0000gn/T//ccpjkBs8.ltrans0.ltrans.o
 .bss.raw_matrix
                0x00800365        0xa /var/folders/f8/qwbwqdc504lddb_gqcxyf_wr0000gn/T//ccpjkBs8.ltrans0.ltrans.o
 .bss.thatHand  0x0080036f        0x1 /var/folders/f8/qwbwqdc504lddb_gqcxyf_wr0000gn/T//ccpjkBs8.ltrans0.ltrans.o
 .bss.thisHand  0x00800370        0x1 /var/folders/f8/qwbwqdc504lddb_gqcxyf_wr0000gn/T//ccpjkBs8.ltrans0.ltrans.o
 .bss.keymap_config
                0x00800371        0x2 /var/folders/f8/qwbwqdc504lddb_gqcxyf_wr0000gn/T//ccpjkBs8.ltrans0.ltrans.o
 .bss.matrix    0x00800373        0xa /var/folders/f8/qwbwqdc504lddb_gqcxyf_wr0000gn/T//ccpjkBs8.ltrans0.ltrans.o
 .bss.debug_config
                0x0080037d        0x1 /var/folders/f8/qwbwqdc504lddb_gqcxyf_wr0000gn/T//ccpjkBs8.ltrans0.ltrans.o
 .bss.matrix_previous.5025
                0x0080037e        0xa /var/folders/f8/qwbwqdc504lddb_gqcxyf_wr0000gn/T//ccpjkBs8.ltrans0.ltrans.o
 .bss.keylog_str
                0x00800388       0x18 /var/folders/f8/qwbwqdc504lddb_gqcxyf_wr0000gn/T//ccpjkBs8.ltrans0.ltrans.o
 .bss.keylogs_str
                0x008003a0       0x15 /var/folders/f8/qwbwqdc504lddb_gqcxyf_wr0000gn/T//ccpjkBs8.ltrans0.ltrans.o
 .bss.layer_state
                0x008003b5        0x1 /var/folders/f8/qwbwqdc504lddb_gqcxyf_wr0000gn/T//ccpjkBs8.ltrans0.ltrans.o
 .bss.last_keycode_r2g
                0x008003b6        0x2 /var/folders/f8/qwbwqdc504lddb_gqcxyf_wr0000gn/T//ccpjkBs8.ltrans0.ltrans.o
 .bss.last_col_r2g
                0x008003b8        0x1 /var/folders/f8/qwbwqdc504lddb_gqcxyf_wr0000gn/T//ccpjkBs8.ltrans0.ltrans.o
 .bss.last_row_r2g
                0x008003b9        0x1 /var/folders/f8/qwbwqdc504lddb_gqcxyf_wr0000gn/T//ccpjkBs8.ltrans0.ltrans.o
 .bss.temp_buffer.2354
                0x008003ba       0x20 /var/folders/f8/qwbwqdc504lddb_gqcxyf_wr0000gn/T//ccpjkBs8.ltrans0.ltrans.o
 .bss.oled_rotation
                0x008003da        0x1 /var/folders/f8/qwbwqdc504lddb_gqcxyf_wr0000gn/T//ccpjkBs8.ltrans0.ltrans.o
 .bss.oled_scrolling
                0x008003db        0x1 /var/folders/f8/qwbwqdc504lddb_gqcxyf_wr0000gn/T//ccpjkBs8.ltrans0.ltrans.o
 .bss.oled_update_timeout
                0x008003dc        0x2 /var/folders/f8/qwbwqdc504lddb_gqcxyf_wr0000gn/T//ccpjkBs8.ltrans0.ltrans.o
 .bss.last_led_status.3387
                0x008003de        0x1 /var/folders/f8/qwbwqdc504lddb_gqcxyf_wr0000gn/T//ccpjkBs8.ltrans0.ltrans.o
 .bss.last_hit_buffer
                0x008003df       0x29 /var/folders/f8/qwbwqdc504lddb_gqcxyf_wr0000gn/T//ccpjkBs8.ltrans0.ltrans.o
 .bss.rgb_timer_buffer
                0x00800408        0x4 /var/folders/f8/qwbwqdc504lddb_gqcxyf_wr0000gn/T//ccpjkBs8.ltrans0.ltrans.o
 .bss.suspend_state
                0x0080040c        0x1 /var/folders/f8/qwbwqdc504lddb_gqcxyf_wr0000gn/T//ccpjkBs8.ltrans0.ltrans.o
 .bss.rgb_matrix_ws2812_array
                0x0080040d       0xde /var/folders/f8/qwbwqdc504lddb_gqcxyf_wr0000gn/T//ccpjkBs8.ltrans0.ltrans.o
 .bss.oled_timeout
                0x008004eb        0x4 /var/folders/f8/qwbwqdc504lddb_gqcxyf_wr0000gn/T//ccpjkBs8.ltrans0.ltrans.o
 .bss.oled_active
                0x008004ef        0x1 /var/folders/f8/qwbwqdc504lddb_gqcxyf_wr0000gn/T//ccpjkBs8.ltrans0.ltrans.o
 .bss.oled_initialized
                0x008004f0        0x1 /var/folders/f8/qwbwqdc504lddb_gqcxyf_wr0000gn/T//ccpjkBs8.ltrans0.ltrans.o
 .bss.last_system_usage
                0x008004f1        0x2 /var/folders/f8/qwbwqdc504lddb_gqcxyf_wr0000gn/T//ccpjkBs8.ltrans0.ltrans.o
 .bss.driver    0x008004f3        0x2 /var/folders/f8/qwbwqdc504lddb_gqcxyf_wr0000gn/T//ccpjkBs8.ltrans0.ltrans.o
 .bss.last_consumer_usage
                0x008004f5        0x2 /var/folders/f8/qwbwqdc504lddb_gqcxyf_wr0000gn/T//ccpjkBs8.ltrans0.ltrans.o
 .bss.wdt_timeout
                0x008004f7        0x1 /var/folders/f8/qwbwqdc504lddb_gqcxyf_wr0000gn/T//ccpjkBs8.ltrans0.ltrans.o
 .bss.timer_count
                0x008004f8        0x4 /var/folders/f8/qwbwqdc504lddb_gqcxyf_wr0000gn/T//ccpjkBs8.ltrans0.ltrans.o
 .bss.USB_IsInitialized
                0x008004fc        0x1 /var/folders/f8/qwbwqdc504lddb_gqcxyf_wr0000gn/T//ccpjkBs8.ltrans0.ltrans.o
 .bss.real_mods
                0x008004fd        0x1 /var/folders/f8/qwbwqdc504lddb_gqcxyf_wr0000gn/T//ccpjkBs8.ltrans0.ltrans.o
 .bss.keyboard_idle
                0x008004fe        0x1 /var/folders/f8/qwbwqdc504lddb_gqcxyf_wr0000gn/T//ccpjkBs8.ltrans0.ltrans.o
 .bss.keyboard_led_state
                0x008004ff        0x1 /var/folders/f8/qwbwqdc504lddb_gqcxyf_wr0000gn/T//ccpjkBs8.ltrans0.ltrans.o
 .bss.keyboard_report_sent
                0x00800500        0x8 /var/folders/f8/qwbwqdc504lddb_gqcxyf_wr0000gn/T//ccpjkBs8.ltrans0.ltrans.o
 .bss.USB_Device_CurrentlySelfPowered
                0x00800508        0x1 /var/folders/f8/qwbwqdc504lddb_gqcxyf_wr0000gn/T//ccpjkBs8.ltrans0.ltrans.o
 .bss.USB_Device_RemoteWakeupEnabled
                0x00800509        0x1 /var/folders/f8/qwbwqdc504lddb_gqcxyf_wr0000gn/T//ccpjkBs8.ltrans0.ltrans.o
 .bss.USB_DeviceState
                0x0080050a        0x1 /var/folders/f8/qwbwqdc504lddb_gqcxyf_wr0000gn/T//ccpjkBs8.ltrans0.ltrans.o
 .bss.USB_Device_ConfigurationNumber
                0x0080050b        0x1 /var/folders/f8/qwbwqdc504lddb_gqcxyf_wr0000gn/T//ccpjkBs8.ltrans0.ltrans.o
 .bss.USB_ControlRequest
                0x0080050c        0x8 /var/folders/f8/qwbwqdc504lddb_gqcxyf_wr0000gn/T//ccpjkBs8.ltrans0.ltrans.o
 .bss.waiting_buffer_head
                0x00800514        0x1 /var/folders/f8/qwbwqdc504lddb_gqcxyf_wr0000gn/T//ccpjkBs8.ltrans0.ltrans.o
 .bss.waiting_buffer
                0x00800515       0x38 /var/folders/f8/qwbwqdc504lddb_gqcxyf_wr0000gn/T//ccpjkBs8.ltrans0.ltrans.o
 .bss.waiting_buffer_tail
                0x0080054d        0x1 /var/folders/f8/qwbwqdc504lddb_gqcxyf_wr0000gn/T//ccpjkBs8.ltrans0.ltrans.o
 .bss.g_rgb_timer
                0x0080054e        0x4 /var/folders/f8/qwbwqdc504lddb_gqcxyf_wr0000gn/T//ccpjkBs8.ltrans0.ltrans.o
 .bss.g_last_hit_tracker
                0x00800552       0x29 /var/folders/f8/qwbwqdc504lddb_gqcxyf_wr0000gn/T//ccpjkBs8.ltrans0.ltrans.o
 .bss.sc_timer  0x0080057b        0x2 /var/folders/f8/qwbwqdc504lddb_gqcxyf_wr0000gn/T//ccpjkBs8.ltrans0.ltrans.o
 .bss.sc_last   0x0080057d        0x1 /var/folders/f8/qwbwqdc504lddb_gqcxyf_wr0000gn/T//ccpjkBs8.ltrans0.ltrans.o
 .bss.dirty_rgb_matrix
                0x0080057e        0x1 /var/folders/f8/qwbwqdc504lddb_gqcxyf_wr0000gn/T//ccpjkBs8.ltrans0.ltrans.o
 .bss.rgb_matrix_config
                0x0080057f        0x8 /var/folders/f8/qwbwqdc504lddb_gqcxyf_wr0000gn/T//ccpjkBs8.ltrans0.ltrans.o
 .bss.oled_rotation_width
                0x00800587        0x1 /var/folders/f8/qwbwqdc504lddb_gqcxyf_wr0000gn/T//ccpjkBs8.ltrans0.ltrans.o
 .bss.oled_dirty
                0x00800588        0x2 /var/folders/f8/qwbwqdc504lddb_gqcxyf_wr0000gn/T//ccpjkBs8.ltrans0.ltrans.o
 .bss.oled_buffer
                0x0080058a      0x200 /var/folders/f8/qwbwqdc504lddb_gqcxyf_wr0000gn/T//ccpjkBs8.ltrans0.ltrans.o
 .bss.oled_temp_buffer.2384
                0x0080078a        0x6 /var/folders/f8/qwbwqdc504lddb_gqcxyf_wr0000gn/T//ccpjkBs8.ltrans0.ltrans.o
 .bss.oled_cursor
                0x00800790        0x2 /var/folders/f8/qwbwqdc504lddb_gqcxyf_wr0000gn/T//ccpjkBs8.ltrans0.ltrans.o
 *(COMMON)
                0x00800792                        PROVIDE (__bss_end = .)
                0x00005884                        __data_load_start = LOADADDR (.data)
                0x00005a74                        __data_load_end = (__data_load_start + SIZEOF (.data))

.noinit         0x00800792        0x4
                [!provide]                        PROVIDE (__noinit_start = .)
 *(.noinit .noinit.* .gnu.linkonce.n.*)
 .noinit        0x00800792        0x4 /var/folders/f8/qwbwqdc504lddb_gqcxyf_wr0000gn/T//ccpjkBs8.ltrans0.ltrans.o
                [!provide]                        PROVIDE (__noinit_end = .)
                0x00800796                        _end = .
                [!provide]                        PROVIDE (__heap_start = .)

.eeprom         0x00810000        0x0
 *(.eeprom*)
                0x00810000                        __eeprom_end = .

.fuse
 *(.fuse)
 *(.lfuse)
 *(.hfuse)
 *(.efuse)

.lock
 *(.lock*)

.signature
 *(.signature*)

.stab
 *(.stab)

.stabstr
 *(.stabstr)

.stab.excl
 *(.stab.excl)

.stab.exclstr
 *(.stab.exclstr)

.stab.index
 *(.stab.index)

.stab.indexstr
 *(.stab.indexstr)

.comment        0x00000000       0x26
 *(.comment)
 .comment       0x00000000       0x27 /var/folders/f8/qwbwqdc504lddb_gqcxyf_wr0000gn/T//ccpjkBs8.ltrans0.ltrans.o
 .comment       0x00000000       0x26 .build/obj_lily58_r2g_paulomp90/i2c_master.a(i2c_master.o)
                                 0x27 (size before relaxing)
 .comment       0x00000026       0x27 .build/obj_lily58_r2g_paulomp90/serial.a(serial.o)

.note.gnu.avr.deviceinfo
                0x00000000       0x40
 .note.gnu.avr.deviceinfo
                0x00000000       0x40 /opt/homebrew/Cellar/avr-gcc@8/8.5.0_1/lib/avr-gcc/8/gcc/avr/8.5.0/../../../../../../avr/lib/avr5/crtatmega32u4.o

.note.gnu.build-id
 *(.note.gnu.build-id)

.debug
 *(.debug)

.line
 *(.line)

.debug_srcinfo
 *(.debug_srcinfo)

.debug_sfnames
 *(.debug_sfnames)

.debug_aranges  0x00000000      0x5f8
 *(.debug_aranges)
 .debug_aranges
                0x00000000      0x3b8 /var/folders/f8/qwbwqdc504lddb_gqcxyf_wr0000gn/T//ccpjkBs8.ltrans0.ltrans.o
 .debug_aranges
                0x000003b8       0x78 .build/obj_lily58_r2g_paulomp90/i2c_master.a(i2c_master.o)
 .debug_aranges
                0x00000430       0x68 .build/obj_lily58_r2g_paulomp90/serial.a(serial.o)
 .debug_aranges
                0x00000498       0x20 /opt/homebrew/Cellar/avr-gcc@8/8.5.0_1/lib/avr-gcc/8/gcc/avr/8.5.0/avr5/libgcc.a(_udivmodhi4.o)
 .debug_aranges
                0x000004b8       0x20 /opt/homebrew/Cellar/avr-gcc@8/8.5.0_1/lib/avr-gcc/8/gcc/avr/8.5.0/avr5/libgcc.a(_exit.o)
 .debug_aranges
                0x000004d8       0x20 /opt/homebrew/Cellar/avr-gcc@8/8.5.0_1/lib/avr-gcc/8/gcc/avr/8.5.0/avr5/libgcc.a(_prologue.o)
 .debug_aranges
                0x000004f8       0x20 /opt/homebrew/Cellar/avr-gcc@8/8.5.0_1/lib/avr-gcc/8/gcc/avr/8.5.0/avr5/libgcc.a(_epilogue.o)
 .debug_aranges
                0x00000518       0x20 /opt/homebrew/Cellar/avr-gcc@8/8.5.0_1/lib/avr-gcc/8/gcc/avr/8.5.0/avr5/libgcc.a(_udivmodqi4.o)
 .debug_aranges
                0x00000538       0x20 /opt/homebrew/Cellar/avr-gcc@8/8.5.0_1/lib/avr-gcc/8/gcc/avr/8.5.0/avr5/libgcc.a(_udivmodsi4.o)
 .debug_aranges
                0x00000558       0x20 /opt/homebrew/Cellar/avr-gcc@8/8.5.0_1/lib/avr-gcc/8/gcc/avr/8.5.0/avr5/libgcc.a(_divmodsi4.o)
 .debug_aranges
                0x00000578       0x20 /opt/homebrew/Cellar/avr-gcc@8/8.5.0_1/lib/avr-gcc/8/gcc/avr/8.5.0/avr5/libgcc.a(_negsi2.o)
 .debug_aranges
                0x00000598       0x20 /opt/homebrew/Cellar/avr-gcc@8/8.5.0_1/lib/avr-gcc/8/gcc/avr/8.5.0/avr5/libgcc.a(_tablejump2.o)
 .debug_aranges
                0x000005b8       0x20 /opt/homebrew/Cellar/avr-gcc@8/8.5.0_1/lib/avr-gcc/8/gcc/avr/8.5.0/avr5/libgcc.a(_copy_data.o)
 .debug_aranges
                0x000005d8       0x20 /opt/homebrew/Cellar/avr-gcc@8/8.5.0_1/lib/avr-gcc/8/gcc/avr/8.5.0/avr5/libgcc.a(_clear_bss.o)

.debug_pubnames
 *(.debug_pubnames)

.debug_info     0x00000000    0x3f6c0
 *(.debug_info .gnu.linkonce.wi.*)
 .debug_info    0x00000000      0x9f4 /opt/homebrew/Cellar/avr-gcc@8/8.5.0_1/lib/avr-gcc/8/gcc/avr/8.5.0/../../../../../../avr/lib/avr5/crtatmega32u4.o
 .debug_info    0x000009f4    0x31c58 /var/folders/f8/qwbwqdc504lddb_gqcxyf_wr0000gn/T//ccfWvKEldebugobj
                0x000009f4                rgb_state_reader.c.a0e4b5da
                0x00000a11                layer_state_reader.c.49506e68
                0x0000136e                logo_reader.c.d20e5cc9
                0x000013d4                keylogger.c.d29954b2
                0x0000177e                r2g.c.3ab36d48
                0x000025d5                default_keyboard.c.70558037
                0x00002e26                keymap_introspection.c.f79f2eb6
                0x00005c1a                quantum.c.e8ea217e
                0x00008dee                bitwise.c.cac3923f
                0x00008fb7                led.c.355e670c
                0x000092aa                action.c.24b67825
                0x0000c931                action_layer.c.a52def22
                0x0000d915                action_tapping.c.b7a3c442
                0x00010142                action_util.c.0bfe264c
                0x0001089c                eeconfig.c.d7a0c5f3
                0x00010b3c                keyboard.c.5ce107bf
                0x000117c3                keymap_common.c.eb0f2de5
                0x00014957                keycode_config.c.09f29ee7
                0x00016cea                sync_timer.c.53251d7b
                0x00016e1b                debug.c.3ae98f63
                0x00016f25                sendchar.c.fecb44b7
                0x00016fac                magic.c.4635d956
                0x00017262                matrix_common.c.1534a7b0
                0x00017f61                matrix.c.d97228a5
                0x00018c7b                sym_defer_g.c.bd135bc5
                0x0001959b                split_util.c.1c39ea7c
                0x0001a014                transport.c.549c1524
                0x0001ab7d                transactions.c.ca7b0c4e
                0x0001ba7e                main.c.5dcdb497
                0x0001bafd                color.c.7b8d599d
                0x0001bd1c                rgb_matrix.c.fa96d441
                0x0001db05                rgb_matrix_drivers.c.be6bb761
                0x0001e46c                lib8tion.c.d60bb087
                0x0001e591                process_rgb.c.3a6e5e8f
                0x000211df                ws2812_bitbang.c.7339de9e
                0x000213b6                led_tables.c.85090ee1
                0x00021443                crc.c.c48fbf4d
                0x00021541                oled_driver.c.df44e961
                0x00022123                send_string.c.70047f3e
                0x000249a4                process_space_cadet.c.39cccd1a
                0x0002755c                process_tri_layer.c.2c593200
                0x00029917                tri_layer.c.ff5d568f
                0x00029a47                printf.c.a6bac3f2
                0x00029b0e                host.c.d4644c96
                0x0002a14a                report.c.b87b7a9b
                0x0002c71f                usb_device_state.c.e6afd27e
                0x0002c89e                usb_util.c.3aa76bfa
                0x0002d10d                suspend.c.2d36b06d
                0x0002d1d1                synchronization_util.c.bd993847
                0x0002d239                timer.c.031e07c6
                0x0002d2f3                hardware_id.c.b39ebd85
                0x0002d3e1                platform.c.a9fbfe74
                0x0002d456                suspend.c.543c85e4
                0x0002d952                timer.c.17789611
                0x0002db5b                dfu.c.dbc854f9
                0x0002dc85                lufa.c.b2f7c911
                0x0002eecd                usb_descriptor.c.c41655b0
                0x0002f80b                HIDParser.c.177da1b6
                0x0002fe81                Device_AVR8.c.36e81661
                0x0002ffe8                EndpointStream_AVR8.c.6b08e35e
                0x00030b02                Endpoint_AVR8.c.b027f7b4
                0x00030f39                Host_AVR8.c.52daf144
                0x00030f96                PipeStream_AVR8.c.7210cd19
                0x00030ff3                Pipe_AVR8.c.154a0dd2
                0x00031050                USBController_AVR8.c.dd1f0cc8
                0x00031374                USBInterrupt_AVR8.c.ca936655
                0x00031704                ConfigDescriptors.c.af77bc21
                0x00031a65                DeviceStandardReq.c.06b7600c
                0x00032008                Events.c.16185671
                0x000320bf                HostStandardReq.c.93e4ae36
                0x0003211c                USBTask.c.615fb1b6
                0x00032313                usb_util.c.1ed4bba9
 .debug_info    0x0003264c     0xac7d /var/folders/f8/qwbwqdc504lddb_gqcxyf_wr0000gn/T//ccpjkBs8.ltrans0.ltrans.o
 .debug_info    0x0003d2c9      0xadf .build/obj_lily58_r2g_paulomp90/i2c_master.a(i2c_master.o)
 .debug_info    0x0003dda8     0x1776 .build/obj_lily58_r2g_paulomp90/serial.a(serial.o)
 .debug_info    0x0003f51e       0x26 /opt/homebrew/Cellar/avr-gcc@8/8.5.0_1/lib/avr-gcc/8/gcc/avr/8.5.0/avr5/libgcc.a(_udivmodhi4.o)
 .debug_info    0x0003f544       0x26 /opt/homebrew/Cellar/avr-gcc@8/8.5.0_1/lib/avr-gcc/8/gcc/avr/8.5.0/avr5/libgcc.a(_exit.o)
 .debug_info    0x0003f56a       0x26 /opt/homebrew/Cellar/avr-gcc@8/8.5.0_1/lib/avr-gcc/8/gcc/avr/8.5.0/avr5/libgcc.a(_prologue.o)
 .debug_info    0x0003f590       0x26 /opt/homebrew/Cellar/avr-gcc@8/8.5.0_1/lib/avr-gcc/8/gcc/avr/8.5.0/avr5/libgcc.a(_epilogue.o)
 .debug_info    0x0003f5b6       0x26 /opt/homebrew/Cellar/avr-gcc@8/8.5.0_1/lib/avr-gcc/8/gcc/avr/8.5.0/avr5/libgcc.a(_udivmodqi4.o)
 .debug_info    0x0003f5dc       0x26 /opt/homebrew/Cellar/avr-gcc@8/8.5.0_1/lib/avr-gcc/8/gcc/avr/8.5.0/avr5/libgcc.a(_udivmodsi4.o)
 .debug_info    0x0003f602       0x26 /opt/homebrew/Cellar/avr-gcc@8/8.5.0_1/lib/avr-gcc/8/gcc/avr/8.5.0/avr5/libgcc.a(_divmodsi4.o)
 .debug_info    0x0003f628       0x26 /opt/homebrew/Cellar/avr-gcc@8/8.5.0_1/lib/avr-gcc/8/gcc/avr/8.5.0/avr5/libgcc.a(_negsi2.o)
 .debug_info    0x0003f64e       0x26 /opt/homebrew/Cellar/avr-gcc@8/8.5.0_1/lib/avr-gcc/8/gcc/avr/8.5.0/avr5/libgcc.a(_tablejump2.o)
 .debug_info    0x0003f674       0x26 /opt/homebrew/Cellar/avr-gcc@8/8.5.0_1/lib/avr-gcc/8/gcc/avr/8.5.0/avr5/libgcc.a(_copy_data.o)
 .debug_info    0x0003f69a       0x26 /opt/homebrew/Cellar/avr-gcc@8/8.5.0_1/lib/avr-gcc/8/gcc/avr/8.5.0/avr5/libgcc.a(_clear_bss.o)

.debug_abbrev   0x00000000     0x720a
 *(.debug_abbrev)
 .debug_abbrev  0x00000000      0x96a /opt/homebrew/Cellar/avr-gcc@8/8.5.0_1/lib/avr-gcc/8/gcc/avr/8.5.0/../../../../../../avr/lib/avr5/crtatmega32u4.o
 .debug_abbrev  0x0000096a     0x5d67 /var/folders/f8/qwbwqdc504lddb_gqcxyf_wr0000gn/T//ccfWvKEldebugobj
 .debug_abbrev  0x000066d1      0x395 /var/folders/f8/qwbwqdc504lddb_gqcxyf_wr0000gn/T//ccpjkBs8.ltrans0.ltrans.o
 .debug_abbrev  0x00006a66      0x276 .build/obj_lily58_r2g_paulomp90/i2c_master.a(i2c_master.o)
 .debug_abbrev  0x00006cdc      0x452 .build/obj_lily58_r2g_paulomp90/serial.a(serial.o)
 .debug_abbrev  0x0000712e       0x14 /opt/homebrew/Cellar/avr-gcc@8/8.5.0_1/lib/avr-gcc/8/gcc/avr/8.5.0/avr5/libgcc.a(_udivmodhi4.o)
 .debug_abbrev  0x00007142       0x14 /opt/homebrew/Cellar/avr-gcc@8/8.5.0_1/lib/avr-gcc/8/gcc/avr/8.5.0/avr5/libgcc.a(_exit.o)
 .debug_abbrev  0x00007156       0x14 /opt/homebrew/Cellar/avr-gcc@8/8.5.0_1/lib/avr-gcc/8/gcc/avr/8.5.0/avr5/libgcc.a(_prologue.o)
 .debug_abbrev  0x0000716a       0x14 /opt/homebrew/Cellar/avr-gcc@8/8.5.0_1/lib/avr-gcc/8/gcc/avr/8.5.0/avr5/libgcc.a(_epilogue.o)
 .debug_abbrev  0x0000717e       0x14 /opt/homebrew/Cellar/avr-gcc@8/8.5.0_1/lib/avr-gcc/8/gcc/avr/8.5.0/avr5/libgcc.a(_udivmodqi4.o)
 .debug_abbrev  0x00007192       0x14 /opt/homebrew/Cellar/avr-gcc@8/8.5.0_1/lib/avr-gcc/8/gcc/avr/8.5.0/avr5/libgcc.a(_udivmodsi4.o)
 .debug_abbrev  0x000071a6       0x14 /opt/homebrew/Cellar/avr-gcc@8/8.5.0_1/lib/avr-gcc/8/gcc/avr/8.5.0/avr5/libgcc.a(_divmodsi4.o)
 .debug_abbrev  0x000071ba       0x14 /opt/homebrew/Cellar/avr-gcc@8/8.5.0_1/lib/avr-gcc/8/gcc/avr/8.5.0/avr5/libgcc.a(_negsi2.o)
 .debug_abbrev  0x000071ce       0x14 /opt/homebrew/Cellar/avr-gcc@8/8.5.0_1/lib/avr-gcc/8/gcc/avr/8.5.0/avr5/libgcc.a(_tablejump2.o)
 .debug_abbrev  0x000071e2       0x14 /opt/homebrew/Cellar/avr-gcc@8/8.5.0_1/lib/avr-gcc/8/gcc/avr/8.5.0/avr5/libgcc.a(_copy_data.o)
 .debug_abbrev  0x000071f6       0x14 /opt/homebrew/Cellar/avr-gcc@8/8.5.0_1/lib/avr-gcc/8/gcc/avr/8.5.0/avr5/libgcc.a(_clear_bss.o)

.debug_line     0x00000000    0x1661b
 *(.debug_line .debug_line.* .debug_line_end)
 .debug_line    0x00000000       0x1d /opt/homebrew/Cellar/avr-gcc@8/8.5.0_1/lib/avr-gcc/8/gcc/avr/8.5.0/../../../../../../avr/lib/avr5/crtatmega32u4.o
 .debug_line    0x0000001d     0x6440 /var/folders/f8/qwbwqdc504lddb_gqcxyf_wr0000gn/T//ccfWvKEldebugobj
 .debug_line    0x0000645d     0xd7cd /var/folders/f8/qwbwqdc504lddb_gqcxyf_wr0000gn/T//ccpjkBs8.ltrans0.ltrans.o
 .debug_line    0x00013c2a      0xe8e .build/obj_lily58_r2g_paulomp90/i2c_master.a(i2c_master.o)
 .debug_line    0x00014ab8     0x13c0 .build/obj_lily58_r2g_paulomp90/serial.a(serial.o)
 .debug_line    0x00015e78       0xcd /opt/homebrew/Cellar/avr-gcc@8/8.5.0_1/lib/avr-gcc/8/gcc/avr/8.5.0/avr5/libgcc.a(_udivmodhi4.o)
 .debug_line    0x00015f45       0x61 /opt/homebrew/Cellar/avr-gcc@8/8.5.0_1/lib/avr-gcc/8/gcc/avr/8.5.0/avr5/libgcc.a(_exit.o)
 .debug_line    0x00015fa6       0xfd /opt/homebrew/Cellar/avr-gcc@8/8.5.0_1/lib/avr-gcc/8/gcc/avr/8.5.0/avr5/libgcc.a(_prologue.o)
 .debug_line    0x000160a3       0xf7 /opt/homebrew/Cellar/avr-gcc@8/8.5.0_1/lib/avr-gcc/8/gcc/avr/8.5.0/avr5/libgcc.a(_epilogue.o)
 .debug_line    0x0001619a       0x9d /opt/homebrew/Cellar/avr-gcc@8/8.5.0_1/lib/avr-gcc/8/gcc/avr/8.5.0/avr5/libgcc.a(_udivmodqi4.o)
 .debug_line    0x00016237      0x121 /opt/homebrew/Cellar/avr-gcc@8/8.5.0_1/lib/avr-gcc/8/gcc/avr/8.5.0/avr5/libgcc.a(_udivmodsi4.o)
 .debug_line    0x00016358       0xcd /opt/homebrew/Cellar/avr-gcc@8/8.5.0_1/lib/avr-gcc/8/gcc/avr/8.5.0/avr5/libgcc.a(_divmodsi4.o)
 .debug_line    0x00016425       0x61 /opt/homebrew/Cellar/avr-gcc@8/8.5.0_1/lib/avr-gcc/8/gcc/avr/8.5.0/avr5/libgcc.a(_negsi2.o)
 .debug_line    0x00016486       0x79 /opt/homebrew/Cellar/avr-gcc@8/8.5.0_1/lib/avr-gcc/8/gcc/avr/8.5.0/avr5/libgcc.a(_tablejump2.o)
 .debug_line    0x000164ff       0x97 /opt/homebrew/Cellar/avr-gcc@8/8.5.0_1/lib/avr-gcc/8/gcc/avr/8.5.0/avr5/libgcc.a(_copy_data.o)
 .debug_line    0x00016596       0x85 /opt/homebrew/Cellar/avr-gcc@8/8.5.0_1/lib/avr-gcc/8/gcc/avr/8.5.0/avr5/libgcc.a(_clear_bss.o)

.debug_frame    0x00000000      0xec8
 *(.debug_frame)
 .debug_frame   0x00000000      0xbcc /var/folders/f8/qwbwqdc504lddb_gqcxyf_wr0000gn/T//ccpjkBs8.ltrans0.ltrans.o
 .debug_frame   0x00000bcc      0x1a8 .build/obj_lily58_r2g_paulomp90/i2c_master.a(i2c_master.o)
 .debug_frame   0x00000d74      0x154 .build/obj_lily58_r2g_paulomp90/serial.a(serial.o)

.debug_str      0x00000000     0xbc87
 *(.debug_str)
 .debug_str     0x00000000      0x371 /opt/homebrew/Cellar/avr-gcc@8/8.5.0_1/lib/avr-gcc/8/gcc/avr/8.5.0/../../../../../../avr/lib/avr5/crtatmega32u4.o
 .debug_str     0x00000371     0xac66 /var/folders/f8/qwbwqdc504lddb_gqcxyf_wr0000gn/T//ccfWvKEldebugobj
                              0x44753 (size before relaxing)
 .debug_str     0x0000afd7      0x137 /var/folders/f8/qwbwqdc504lddb_gqcxyf_wr0000gn/T//ccpjkBs8.ltrans0.ltrans.o
                                0x183 (size before relaxing)
 .debug_str     0x0000b10e      0x2b0 .build/obj_lily58_r2g_paulomp90/i2c_master.a(i2c_master.o)
                                0x320 (size before relaxing)
 .debug_str     0x0000b3be      0x845 .build/obj_lily58_r2g_paulomp90/serial.a(serial.o)
                                0xb7c (size before relaxing)
 .debug_str     0x0000bc03       0x84 /opt/homebrew/Cellar/avr-gcc@8/8.5.0_1/lib/avr-gcc/8/gcc/avr/8.5.0/avr5/libgcc.a(_udivmodhi4.o)
 .debug_str     0x0000bc87       0x84 /opt/homebrew/Cellar/avr-gcc@8/8.5.0_1/lib/avr-gcc/8/gcc/avr/8.5.0/avr5/libgcc.a(_exit.o)
 .debug_str     0x0000bc87       0x84 /opt/homebrew/Cellar/avr-gcc@8/8.5.0_1/lib/avr-gcc/8/gcc/avr/8.5.0/avr5/libgcc.a(_prologue.o)
 .debug_str     0x0000bc87       0x84 /opt/homebrew/Cellar/avr-gcc@8/8.5.0_1/lib/avr-gcc/8/gcc/avr/8.5.0/avr5/libgcc.a(_epilogue.o)
 .debug_str     0x0000bc87       0x84 /opt/homebrew/Cellar/avr-gcc@8/8.5.0_1/lib/avr-gcc/8/gcc/avr/8.5.0/avr5/libgcc.a(_udivmodqi4.o)
 .debug_str     0x0000bc87       0x84 /opt/homebrew/Cellar/avr-gcc@8/8.5.0_1/lib/avr-gcc/8/gcc/avr/8.5.0/avr5/libgcc.a(_udivmodsi4.o)
 .debug_str     0x0000bc87       0x84 /opt/homebrew/Cellar/avr-gcc@8/8.5.0_1/lib/avr-gcc/8/gcc/avr/8.5.0/avr5/libgcc.a(_divmodsi4.o)
 .debug_str     0x0000bc87       0x84 /opt/homebrew/Cellar/avr-gcc@8/8.5.0_1/lib/avr-gcc/8/gcc/avr/8.5.0/avr5/libgcc.a(_negsi2.o)
 .debug_str     0x0000bc87       0x84 /opt/homebrew/Cellar/avr-gcc@8/8.5.0_1/lib/avr-gcc/8/gcc/avr/8.5.0/avr5/libgcc.a(_tablejump2.o)
 .debug_str     0x0000bc87       0x84 /opt/homebrew/Cellar/avr-gcc@8/8.5.0_1/lib/avr-gcc/8/gcc/avr/8.5.0/avr5/libgcc.a(_copy_data.o)
 .debug_str     0x0000bc87       0x84 /opt/homebrew/Cellar/avr-gcc@8/8.5.0_1/lib/avr-gcc/8/gcc/avr/8.5.0/avr5/libgcc.a(_clear_bss.o)

.debug_loc      0x00000000     0xa97d
 *(.debug_loc)
 .debug_loc     0x00000000     0x913c /var/folders/f8/qwbwqdc504lddb_gqcxyf_wr0000gn/T//ccpjkBs8.ltrans0.ltrans.o
 .debug_loc     0x0000913c      0xd9c .build/obj_lily58_r2g_paulomp90/i2c_master.a(i2c_master.o)
 .debug_loc     0x00009ed8      0xaa5 .build/obj_lily58_r2g_paulomp90/serial.a(serial.o)

.debug_macinfo
 *(.debug_macinfo)

.debug_weaknames
 *(.debug_weaknames)

.debug_funcnames
 *(.debug_funcnames)

.debug_typenames
 *(.debug_typenames)

.debug_varnames
 *(.debug_varnames)

.debug_pubtypes
 *(.debug_pubtypes)

.debug_ranges   0x00000000     0x2600
 *(.debug_ranges)
 .debug_ranges  0x00000000     0x21c0 /var/folders/f8/qwbwqdc504lddb_gqcxyf_wr0000gn/T//ccpjkBs8.ltrans0.ltrans.o
 .debug_ranges  0x000021c0      0x120 .build/obj_lily58_r2g_paulomp90/i2c_master.a(i2c_master.o)
 .debug_ranges  0x000022e0      0x320 .build/obj_lily58_r2g_paulomp90/serial.a(serial.o)

.debug_addr
 *(.debug_addr)

.debug_line_str
 *(.debug_line_str)

.debug_loclists
 *(.debug_loclists)

.debug_macro
 *(.debug_macro)

.debug_names
 *(.debug_names)

.debug_rnglists
 *(.debug_rnglists)

.debug_str_offsets
 *(.debug_str_offsets)

.debug_sup
 *(.debug_sup)
OUTPUT(.build/lily58_r2g_paulomp90.elf elf32-avr)
LOAD linker stubs

Cross Reference Table

Symbol                                            File
ALPHAS_MODS                                       .build/obj_lily58_r2g_paulomp90/quantum/rgb_matrix/rgb_matrix.o (symbol from plugin)
BREATHING                                         .build/obj_lily58_r2g_paulomp90/quantum/rgb_matrix/rgb_matrix.o (symbol from plugin)
CALLBACK_HIDParser_FilterHIDReportItem            .build/obj_lily58_r2g_paulomp90/lib/lufa/LUFA/Drivers/USB/Class/Common/HIDParser.o (symbol from plugin)
CALLBACK_USB_GetDescriptor                        .build/obj_lily58_r2g_paulomp90/lufa.o (symbol from plugin)
                                                  .build/obj_lily58_r2g_paulomp90/lib/lufa/LUFA/Drivers/USB/Core/DeviceStandardReq.o (symbol from plugin)
CIE1931_CURVE                                     .build/obj_lily58_r2g_paulomp90/quantum/led_tables.o (symbol from plugin)
                                                  .build/obj_lily58_r2g_paulomp90/quantum/color.o (symbol from plugin)
ConfigDescriptors.c.af77bc21                      /var/folders/f8/qwbwqdc504lddb_gqcxyf_wr0000gn/T//ccfWvKEldebugobj
ConfigurationDescriptor                           .build/obj_lily58_r2g_paulomp90/usb_descriptor.o (symbol from plugin)
DeviceDescriptor                                  .build/obj_lily58_r2g_paulomp90/usb_descriptor.o (symbol from plugin)
DeviceStandardReq.c.06b7600c                      /var/folders/f8/qwbwqdc504lddb_gqcxyf_wr0000gn/T//ccfWvKEldebugobj
                                                  /var/folders/f8/qwbwqdc504lddb_gqcxyf_wr0000gn/T//ccpjkBs8.ltrans0.ltrans.o
Device_AVR8.c.36e81661                            /var/folders/f8/qwbwqdc504lddb_gqcxyf_wr0000gn/T//ccfWvKEldebugobj
                                                  /var/folders/f8/qwbwqdc504lddb_gqcxyf_wr0000gn/T//ccpjkBs8.ltrans0.ltrans.o
EVENT_USB_Device_ConfigurationChanged             .build/obj_lily58_r2g_paulomp90/lufa.o (symbol from plugin)
                                                  .build/obj_lily58_r2g_paulomp90/lib/lufa/LUFA/Drivers/USB/Core/DeviceStandardReq.o (symbol from plugin)
EVENT_USB_Device_Connect                          .build/obj_lily58_r2g_paulomp90/lufa.o (symbol from plugin)
                                                  .build/obj_lily58_r2g_paulomp90/lib/lufa/LUFA/Drivers/USB/Core/AVR8/USBInterrupt_AVR8.o (symbol from plugin)
EVENT_USB_Device_ControlRequest                   .build/obj_lily58_r2g_paulomp90/lufa.o (symbol from plugin)
                                                  .build/obj_lily58_r2g_paulomp90/lib/lufa/LUFA/Drivers/USB/Core/DeviceStandardReq.o (symbol from plugin)
EVENT_USB_Device_Disconnect                       .build/obj_lily58_r2g_paulomp90/lufa.o (symbol from plugin)
                                                  .build/obj_lily58_r2g_paulomp90/lib/lufa/LUFA/Drivers/USB/Core/AVR8/USBInterrupt_AVR8.o (symbol from plugin)
EVENT_USB_Device_Reset                            .build/obj_lily58_r2g_paulomp90/lufa.o (symbol from plugin)
                                                  .build/obj_lily58_r2g_paulomp90/lib/lufa/LUFA/Drivers/USB/Core/AVR8/USBInterrupt_AVR8.o (symbol from plugin)
EVENT_USB_Device_StartOfFrame                     .build/obj_lily58_r2g_paulomp90/lib/lufa/LUFA/Drivers/USB/Core/Events.o (symbol from plugin)
                                                  .build/obj_lily58_r2g_paulomp90/lib/lufa/LUFA/Drivers/USB/Core/AVR8/USBInterrupt_AVR8.o (symbol from plugin)
EVENT_USB_Device_Suspend                          .build/obj_lily58_r2g_paulomp90/lufa.o (symbol from plugin)
                                                  .build/obj_lily58_r2g_paulomp90/lib/lufa/LUFA/Drivers/USB/Core/AVR8/USBInterrupt_AVR8.o (symbol from plugin)
EVENT_USB_Device_WakeUp                           .build/obj_lily58_r2g_paulomp90/lufa.o (symbol from plugin)
                                                  .build/obj_lily58_r2g_paulomp90/lib/lufa/LUFA/Drivers/USB/Core/AVR8/USBInterrupt_AVR8.o (symbol from plugin)
EndpointStream_AVR8.c.6b08e35e                    /var/folders/f8/qwbwqdc504lddb_gqcxyf_wr0000gn/T//ccfWvKEldebugobj
                                                  /var/folders/f8/qwbwqdc504lddb_gqcxyf_wr0000gn/T//ccpjkBs8.ltrans0.ltrans.o
Endpoint_AVR8.c.b027f7b4                          /var/folders/f8/qwbwqdc504lddb_gqcxyf_wr0000gn/T//ccfWvKEldebugobj
                                                  /var/folders/f8/qwbwqdc504lddb_gqcxyf_wr0000gn/T//ccpjkBs8.ltrans0.ltrans.o
Endpoint_ClearEndpoints                           .build/obj_lily58_r2g_paulomp90/lib/lufa/LUFA/Drivers/USB/Core/AVR8/Endpoint_AVR8.o (symbol from plugin)
Endpoint_ClearStatusStage                         .build/obj_lily58_r2g_paulomp90/lib/lufa/LUFA/Drivers/USB/Core/AVR8/Endpoint_AVR8.o (symbol from plugin)
                                                  .build/obj_lily58_r2g_paulomp90/lib/lufa/LUFA/Drivers/USB/Core/DeviceStandardReq.o (symbol from plugin)
                                                  .build/obj_lily58_r2g_paulomp90/lufa.o (symbol from plugin)
Endpoint_ConfigureEndpointTable                   .build/obj_lily58_r2g_paulomp90/lib/lufa/LUFA/Drivers/USB/Core/AVR8/Endpoint_AVR8.o (symbol from plugin)
Endpoint_ConfigureEndpoint_Prv                    .build/obj_lily58_r2g_paulomp90/lib/lufa/LUFA/Drivers/USB/Core/AVR8/Endpoint_AVR8.o (symbol from plugin)
                                                  .build/obj_lily58_r2g_paulomp90/lib/lufa/LUFA/Drivers/USB/Core/AVR8/USBInterrupt_AVR8.o (symbol from plugin)
                                                  .build/obj_lily58_r2g_paulomp90/lib/lufa/LUFA/Drivers/USB/Core/AVR8/USBController_AVR8.o (symbol from plugin)
                                                  .build/obj_lily58_r2g_paulomp90/lufa.o (symbol from plugin)
Endpoint_Discard_Stream                           .build/obj_lily58_r2g_paulomp90/lib/lufa/LUFA/Drivers/USB/Core/AVR8/EndpointStream_AVR8.o (symbol from plugin)
Endpoint_Null_Stream                              .build/obj_lily58_r2g_paulomp90/lib/lufa/LUFA/Drivers/USB/Core/AVR8/EndpointStream_AVR8.o (symbol from plugin)
Endpoint_Read_Control_EStream_BE                  .build/obj_lily58_r2g_paulomp90/lib/lufa/LUFA/Drivers/USB/Core/AVR8/EndpointStream_AVR8.o (symbol from plugin)
Endpoint_Read_Control_EStream_LE                  .build/obj_lily58_r2g_paulomp90/lib/lufa/LUFA/Drivers/USB/Core/AVR8/EndpointStream_AVR8.o (symbol from plugin)
Endpoint_Read_Control_Stream_BE                   .build/obj_lily58_r2g_paulomp90/lib/lufa/LUFA/Drivers/USB/Core/AVR8/EndpointStream_AVR8.o (symbol from plugin)
Endpoint_Read_Control_Stream_LE                   .build/obj_lily58_r2g_paulomp90/lib/lufa/LUFA/Drivers/USB/Core/AVR8/EndpointStream_AVR8.o (symbol from plugin)
Endpoint_Read_EStream_BE                          .build/obj_lily58_r2g_paulomp90/lib/lufa/LUFA/Drivers/USB/Core/AVR8/EndpointStream_AVR8.o (symbol from plugin)
Endpoint_Read_EStream_LE                          .build/obj_lily58_r2g_paulomp90/lib/lufa/LUFA/Drivers/USB/Core/AVR8/EndpointStream_AVR8.o (symbol from plugin)
Endpoint_Read_Stream_BE                           .build/obj_lily58_r2g_paulomp90/lib/lufa/LUFA/Drivers/USB/Core/AVR8/EndpointStream_AVR8.o (symbol from plugin)
Endpoint_Read_Stream_LE                           .build/obj_lily58_r2g_paulomp90/lib/lufa/LUFA/Drivers/USB/Core/AVR8/EndpointStream_AVR8.o (symbol from plugin)
Endpoint_WaitUntilReady                           .build/obj_lily58_r2g_paulomp90/lib/lufa/LUFA/Drivers/USB/Core/AVR8/Endpoint_AVR8.o (symbol from plugin)
                                                  .build/obj_lily58_r2g_paulomp90/lib/lufa/LUFA/Drivers/USB/Core/AVR8/EndpointStream_AVR8.o (symbol from plugin)
Endpoint_Write_Control_EStream_BE                 .build/obj_lily58_r2g_paulomp90/lib/lufa/LUFA/Drivers/USB/Core/AVR8/EndpointStream_AVR8.o (symbol from plugin)
Endpoint_Write_Control_EStream_LE                 .build/obj_lily58_r2g_paulomp90/lib/lufa/LUFA/Drivers/USB/Core/AVR8/EndpointStream_AVR8.o (symbol from plugin)
Endpoint_Write_Control_PStream_BE                 .build/obj_lily58_r2g_paulomp90/lib/lufa/LUFA/Drivers/USB/Core/AVR8/EndpointStream_AVR8.o (symbol from plugin)
Endpoint_Write_Control_PStream_LE                 .build/obj_lily58_r2g_paulomp90/lib/lufa/LUFA/Drivers/USB/Core/AVR8/EndpointStream_AVR8.o (symbol from plugin)
                                                  .build/obj_lily58_r2g_paulomp90/lib/lufa/LUFA/Drivers/USB/Core/DeviceStandardReq.o (symbol from plugin)
Endpoint_Write_Control_Stream_BE                  .build/obj_lily58_r2g_paulomp90/lib/lufa/LUFA/Drivers/USB/Core/AVR8/EndpointStream_AVR8.o (symbol from plugin)
Endpoint_Write_Control_Stream_LE                  .build/obj_lily58_r2g_paulomp90/lib/lufa/LUFA/Drivers/USB/Core/AVR8/EndpointStream_AVR8.o (symbol from plugin)
                                                  .build/obj_lily58_r2g_paulomp90/lib/lufa/LUFA/Drivers/USB/Core/DeviceStandardReq.o (symbol from plugin)
                                                  .build/obj_lily58_r2g_paulomp90/lufa.o (symbol from plugin)
Endpoint_Write_EStream_BE                         .build/obj_lily58_r2g_paulomp90/lib/lufa/LUFA/Drivers/USB/Core/AVR8/EndpointStream_AVR8.o (symbol from plugin)
Endpoint_Write_EStream_LE                         .build/obj_lily58_r2g_paulomp90/lib/lufa/LUFA/Drivers/USB/Core/AVR8/EndpointStream_AVR8.o (symbol from plugin)
Endpoint_Write_PStream_BE                         .build/obj_lily58_r2g_paulomp90/lib/lufa/LUFA/Drivers/USB/Core/AVR8/EndpointStream_AVR8.o (symbol from plugin)
Endpoint_Write_PStream_LE                         .build/obj_lily58_r2g_paulomp90/lib/lufa/LUFA/Drivers/USB/Core/AVR8/EndpointStream_AVR8.o (symbol from plugin)
Endpoint_Write_Stream_BE                          .build/obj_lily58_r2g_paulomp90/lib/lufa/LUFA/Drivers/USB/Core/AVR8/EndpointStream_AVR8.o (symbol from plugin)
Endpoint_Write_Stream_LE                          .build/obj_lily58_r2g_paulomp90/lib/lufa/LUFA/Drivers/USB/Core/AVR8/EndpointStream_AVR8.o (symbol from plugin)
                                                  .build/obj_lily58_r2g_paulomp90/lufa.o (symbol from plugin)
Events.c.16185671                                 /var/folders/f8/qwbwqdc504lddb_gqcxyf_wr0000gn/T//ccfWvKEldebugobj
                                                  /var/folders/f8/qwbwqdc504lddb_gqcxyf_wr0000gn/T//ccpjkBs8.ltrans0.ltrans.o
GRADIENT_LEFT_RIGHT                               .build/obj_lily58_r2g_paulomp90/quantum/rgb_matrix/rgb_matrix.o (symbol from plugin)
GRADIENT_UP_DOWN                                  .build/obj_lily58_r2g_paulomp90/quantum/rgb_matrix/rgb_matrix.o (symbol from plugin)
HIDParser.c.177da1b6                              /var/folders/f8/qwbwqdc504lddb_gqcxyf_wr0000gn/T//ccfWvKEldebugobj
HUE_WAVE                                          .build/obj_lily58_r2g_paulomp90/quantum/rgb_matrix/rgb_matrix.o (symbol from plugin)
HostStandardReq.c.93e4ae36                        /var/folders/f8/qwbwqdc504lddb_gqcxyf_wr0000gn/T//ccfWvKEldebugobj
Host_AVR8.c.52daf144                              /var/folders/f8/qwbwqdc504lddb_gqcxyf_wr0000gn/T//ccfWvKEldebugobj
KeyboardReport                                    .build/obj_lily58_r2g_paulomp90/usb_descriptor.o (symbol from plugin)
LanguageString                                    .build/obj_lily58_r2g_paulomp90/usb_descriptor.o (symbol from plugin)
ManufacturerString                                .build/obj_lily58_r2g_paulomp90/usb_descriptor.o (symbol from plugin)
PipeStream_AVR8.c.7210cd19                        /var/folders/f8/qwbwqdc504lddb_gqcxyf_wr0000gn/T//ccfWvKEldebugobj
Pipe_AVR8.c.154a0dd2                              /var/folders/f8/qwbwqdc504lddb_gqcxyf_wr0000gn/T//ccfWvKEldebugobj
ProductString                                     .build/obj_lily58_r2g_paulomp90/usb_descriptor.o (symbol from plugin)
RAINBOW_BEACON                                    .build/obj_lily58_r2g_paulomp90/quantum/rgb_matrix/rgb_matrix.o (symbol from plugin)
RAINBOW_MOVING_CHEVRON                            .build/obj_lily58_r2g_paulomp90/quantum/rgb_matrix/rgb_matrix.o (symbol from plugin)
SOLID_COLOR                                       .build/obj_lily58_r2g_paulomp90/quantum/rgb_matrix/rgb_matrix.o (symbol from plugin)
SOLID_REACTIVE                                    .build/obj_lily58_r2g_paulomp90/quantum/rgb_matrix/rgb_matrix.o (symbol from plugin)
SOLID_REACTIVE_SIMPLE                             .build/obj_lily58_r2g_paulomp90/quantum/rgb_matrix/rgb_matrix.o (symbol from plugin)
SharedReport                                      .build/obj_lily58_r2g_paulomp90/usb_descriptor.o (symbol from plugin)
USBController_AVR8.c.dd1f0cc8                     /var/folders/f8/qwbwqdc504lddb_gqcxyf_wr0000gn/T//ccfWvKEldebugobj
                                                  /var/folders/f8/qwbwqdc504lddb_gqcxyf_wr0000gn/T//ccpjkBs8.ltrans0.ltrans.o
USBInterrupt_AVR8.c.ca936655                      /var/folders/f8/qwbwqdc504lddb_gqcxyf_wr0000gn/T//ccfWvKEldebugobj
                                                  /var/folders/f8/qwbwqdc504lddb_gqcxyf_wr0000gn/T//ccpjkBs8.ltrans0.ltrans.o
USBTask.c.615fb1b6                                /var/folders/f8/qwbwqdc504lddb_gqcxyf_wr0000gn/T//ccfWvKEldebugobj
                                                  /var/folders/f8/qwbwqdc504lddb_gqcxyf_wr0000gn/T//ccpjkBs8.ltrans0.ltrans.o
USB_ControlRequest                                .build/obj_lily58_r2g_paulomp90/lib/lufa/LUFA/Drivers/USB/Core/USBTask.o (symbol from plugin)
                                                  .build/obj_lily58_r2g_paulomp90/lib/lufa/LUFA/Drivers/USB/Core/DeviceStandardReq.o (symbol from plugin)
                                                  .build/obj_lily58_r2g_paulomp90/lib/lufa/LUFA/Drivers/USB/Core/AVR8/Endpoint_AVR8.o (symbol from plugin)
                                                  .build/obj_lily58_r2g_paulomp90/lib/lufa/LUFA/Drivers/USB/Core/AVR8/EndpointStream_AVR8.o (symbol from plugin)
                                                  .build/obj_lily58_r2g_paulomp90/lufa.o (symbol from plugin)
USB_DeviceState                                   .build/obj_lily58_r2g_paulomp90/lib/lufa/LUFA/Drivers/USB/Core/USBTask.o (symbol from plugin)
                                                  .build/obj_lily58_r2g_paulomp90/protocol/lufa/usb_util.o (symbol from plugin)
                                                  .build/obj_lily58_r2g_paulomp90/lib/lufa/LUFA/Drivers/USB/Core/DeviceStandardReq.o (symbol from plugin)
                                                  .build/obj_lily58_r2g_paulomp90/lib/lufa/LUFA/Drivers/USB/Core/AVR8/USBInterrupt_AVR8.o (symbol from plugin)
                                                  .build/obj_lily58_r2g_paulomp90/lib/lufa/LUFA/Drivers/USB/Core/AVR8/USBController_AVR8.o (symbol from plugin)
                                                  .build/obj_lily58_r2g_paulomp90/lib/lufa/LUFA/Drivers/USB/Core/AVR8/Endpoint_AVR8.o (symbol from plugin)
                                                  .build/obj_lily58_r2g_paulomp90/lib/lufa/LUFA/Drivers/USB/Core/AVR8/EndpointStream_AVR8.o (symbol from plugin)
                                                  .build/obj_lily58_r2g_paulomp90/lufa.o (symbol from plugin)
                                                  .build/obj_lily58_r2g_paulomp90/platforms/avr/suspend.o (symbol from plugin)
USB_Device_ConfigurationNumber                    .build/obj_lily58_r2g_paulomp90/lib/lufa/LUFA/Drivers/USB/Core/DeviceStandardReq.o (symbol from plugin)
                                                  .build/obj_lily58_r2g_paulomp90/lib/lufa/LUFA/Drivers/USB/Core/AVR8/USBInterrupt_AVR8.o (symbol from plugin)
                                                  .build/obj_lily58_r2g_paulomp90/lib/lufa/LUFA/Drivers/USB/Core/AVR8/USBController_AVR8.o (symbol from plugin)
                                                  .build/obj_lily58_r2g_paulomp90/lufa.o (symbol from plugin)
USB_Device_CurrentlySelfPowered                   .build/obj_lily58_r2g_paulomp90/lib/lufa/LUFA/Drivers/USB/Core/DeviceStandardReq.o (symbol from plugin)
                                                  .build/obj_lily58_r2g_paulomp90/lib/lufa/LUFA/Drivers/USB/Core/AVR8/USBController_AVR8.o (symbol from plugin)
USB_Device_ProcessControlRequest                  .build/obj_lily58_r2g_paulomp90/lib/lufa/LUFA/Drivers/USB/Core/DeviceStandardReq.o (symbol from plugin)
                                                  .build/obj_lily58_r2g_paulomp90/lib/lufa/LUFA/Drivers/USB/Core/USBTask.o (symbol from plugin)
                                                  .build/obj_lily58_r2g_paulomp90/lib/lufa/LUFA/Drivers/USB/Core/AVR8/USBInterrupt_AVR8.o (symbol from plugin)
USB_Device_RemoteWakeupEnabled                    .build/obj_lily58_r2g_paulomp90/lib/lufa/LUFA/Drivers/USB/Core/DeviceStandardReq.o (symbol from plugin)
                                                  .build/obj_lily58_r2g_paulomp90/lib/lufa/LUFA/Drivers/USB/Core/AVR8/USBController_AVR8.o (symbol from plugin)
                                                  .build/obj_lily58_r2g_paulomp90/lufa.o (symbol from plugin)
USB_Device_SendRemoteWakeup                       .build/obj_lily58_r2g_paulomp90/lib/lufa/LUFA/Drivers/USB/Core/AVR8/Device_AVR8.o (symbol from plugin)
                                                  .build/obj_lily58_r2g_paulomp90/lufa.o (symbol from plugin)
USB_Disable                                       .build/obj_lily58_r2g_paulomp90/lib/lufa/LUFA/Drivers/USB/Core/AVR8/USBController_AVR8.o (symbol from plugin)
                                                  .build/obj_lily58_r2g_paulomp90/protocol/lufa/usb_util.o (symbol from plugin)
                                                  .build/obj_lily58_r2g_paulomp90/lufa.o (symbol from plugin)
USB_Event_Stub                                    .build/obj_lily58_r2g_paulomp90/lib/lufa/LUFA/Drivers/USB/Core/Events.o (symbol from plugin)
USB_Event_Stub_2                                  .build/obj_lily58_r2g_paulomp90/lib/lufa/LUFA/Drivers/USB/Core/Events.o (symbol from plugin)
USB_Event_Stub_3                                  .build/obj_lily58_r2g_paulomp90/lib/lufa/LUFA/Drivers/USB/Core/Events.o (symbol from plugin)
USB_GetHIDReportItemInfo                          .build/obj_lily58_r2g_paulomp90/lib/lufa/LUFA/Drivers/USB/Class/Common/HIDParser.o (symbol from plugin)
USB_GetHIDReportSize                              .build/obj_lily58_r2g_paulomp90/lib/lufa/LUFA/Drivers/USB/Class/Common/HIDParser.o (symbol from plugin)
USB_GetNextDescriptorComp                         .build/obj_lily58_r2g_paulomp90/lib/lufa/LUFA/Drivers/USB/Core/ConfigDescriptors.o (symbol from plugin)
USB_GetNextDescriptorOfType                       .build/obj_lily58_r2g_paulomp90/lib/lufa/LUFA/Drivers/USB/Core/ConfigDescriptors.o (symbol from plugin)
USB_GetNextDescriptorOfTypeAfter                  .build/obj_lily58_r2g_paulomp90/lib/lufa/LUFA/Drivers/USB/Core/ConfigDescriptors.o (symbol from plugin)
USB_GetNextDescriptorOfTypeBefore                 .build/obj_lily58_r2g_paulomp90/lib/lufa/LUFA/Drivers/USB/Core/ConfigDescriptors.o (symbol from plugin)
USB_INT_ClearAllInterrupts                        .build/obj_lily58_r2g_paulomp90/lib/lufa/LUFA/Drivers/USB/Core/AVR8/USBInterrupt_AVR8.o (symbol from plugin)
                                                  .build/obj_lily58_r2g_paulomp90/lib/lufa/LUFA/Drivers/USB/Core/AVR8/USBController_AVR8.o (symbol from plugin)
USB_INT_DisableAllInterrupts                      .build/obj_lily58_r2g_paulomp90/lib/lufa/LUFA/Drivers/USB/Core/AVR8/USBInterrupt_AVR8.o (symbol from plugin)
                                                  .build/obj_lily58_r2g_paulomp90/lib/lufa/LUFA/Drivers/USB/Core/AVR8/USBController_AVR8.o (symbol from plugin)
USB_Init                                          .build/obj_lily58_r2g_paulomp90/lib/lufa/LUFA/Drivers/USB/Core/AVR8/USBController_AVR8.o (symbol from plugin)
                                                  .build/obj_lily58_r2g_paulomp90/lufa.o (symbol from plugin)
USB_IsInitialized                                 .build/obj_lily58_r2g_paulomp90/lib/lufa/LUFA/Drivers/USB/Core/USBTask.o (symbol from plugin)
                                                  .build/obj_lily58_r2g_paulomp90/lib/lufa/LUFA/Drivers/USB/Core/AVR8/USBController_AVR8.o (symbol from plugin)
                                                  .build/obj_lily58_r2g_paulomp90/lufa.o (symbol from plugin)
USB_ProcessHIDReport                              .build/obj_lily58_r2g_paulomp90/lib/lufa/LUFA/Drivers/USB/Class/Common/HIDParser.o (symbol from plugin)
USB_ResetInterface                                .build/obj_lily58_r2g_paulomp90/lib/lufa/LUFA/Drivers/USB/Core/AVR8/USBController_AVR8.o (symbol from plugin)