Archive member included to satisfy reference by file (symbol)

.build/obj_lily58_r2g_paulomp90/i2c_master.a(i2c_master.o)
                              .build/obj_lily58_r2g_paulomp90/oled_driver.o (symbol from plugin) (i2c_init)
.build/obj_lily58_r2g_paulomp90/serial.a(serial.o)
                              .build/obj_lily58_r2g_paulomp90/quantum/split_common/transport.o (symbol from plugin) (soft_serial_initiator_init)
/opt/homebrew/Cellar/avr-gcc@8/8.5.0_1/lib/avr-gcc/8/gcc/avr/8.5.0/avr5/libgcc.a(_udivmodhi4.o)
                              .build/obj_lily58_r2g_paulomp90/i2c_master.a(i2c_master.o) (__udivmodhi4)
/opt/homebrew/Cellar/avr-gcc@8/8.5.0_1/lib/avr-gcc/8/gcc/avr/8.5.0/avr5/libgcc.a(_exit.o)
                              /opt/homebrew/Cellar/avr-gcc@8/8.5.0_1/lib/avr-gcc/8/gcc/avr/8.5.0/../../../../../../avr/lib/avr5/crtatmega32u4.o (exit)
/opt/homebrew/Cellar/avr-gcc@8/8.5.0_1/lib/avr-gcc/8/gcc/avr/8.5.0/avr5/libgcc.a(_prologue.o)
                              .build/obj_lily58_r2g_paulomp90/i2c_master.a(i2c_master.o) (__prologue_saves__)
/opt/homebrew/Cellar/avr-gcc@8/8.5.0_1/lib/avr-gcc/8/gcc/avr/8.5.0/avr5/libgcc.a(_epilogue.o)
                              .build/obj_lily58_r2g_paulomp90/i2c_master.a(i2c_master.o) (__epilogue_restores__)
/opt/homebrew/Cellar/avr-gcc@8/8.5.0_1/lib/avr-gcc/8/gcc/avr/8.5.0/../../../../../../avr/lib/avr5/libc.a(memcpy_P.o)
                              .build/obj_lily58_r2g_paulomp90/oled_driver.o (symbol from plugin) (memcpy_P)
/opt/homebrew/Cellar/avr-gcc@8/8.5.0_1/lib/avr-gcc/8/gcc/avr/8.5.0/../../../../../../avr/lib/avr5/libatmega32u4.a(eerd_block.o)
                              .build/obj_lily58_r2g_paulomp90/quantum/rgb_matrix/rgb_matrix.o (symbol from plugin) (eeprom_read_block)
/opt/homebrew/Cellar/avr-gcc@8/8.5.0_1/lib/avr-gcc/8/gcc/avr/8.5.0/../../../../../../avr/lib/avr5/libatmega32u4.a(eerd_byte.o)
                              .build/obj_lily58_r2g_paulomp90/quantum/eeconfig.o (symbol from plugin) (eeprom_read_byte)
/opt/homebrew/Cellar/avr-gcc@8/8.5.0_1/lib/avr-gcc/8/gcc/avr/8.5.0/../../../../../../avr/lib/avr5/libatmega32u4.a(eerd_dword.o)
                              .build/obj_lily58_r2g_paulomp90/quantum/eeconfig.o (symbol from plugin) (eeprom_read_dword)
/opt/homebrew/Cellar/avr-gcc@8/8.5.0_1/lib/avr-gcc/8/gcc/avr/8.5.0/../../../../../../avr/lib/avr5/libatmega32u4.a(eerd_word.o)
                              .build/obj_lily58_r2g_paulomp90/quantum/eeconfig.o (symbol from plugin) (eeprom_read_word)
/opt/homebrew/Cellar/avr-gcc@8/8.5.0_1/lib/avr-gcc/8/gcc/avr/8.5.0/../../../../../../avr/lib/avr5/libatmega32u4.a(eeupd_block.o)
                              .build/obj_lily58_r2g_paulomp90/quantum/eeconfig.o (symbol from plugin) (eeprom_update_block)
/opt/homebrew/Cellar/avr-gcc@8/8.5.0_1/lib/avr-gcc/8/gcc/avr/8.5.0/../../../../../../avr/lib/avr5/libatmega32u4.a(eeupd_byte.o)
                              .build/obj_lily58_r2g_paulomp90/quantum/eeconfig.o (symbol from plugin) (eeprom_update_byte)
/opt/homebrew/Cellar/avr-gcc@8/8.5.0_1/lib/avr-gcc/8/gcc/avr/8.5.0/../../../../../../avr/lib/avr5/libatmega32u4.a(eeupd_dword.o)
                              .build/obj_lily58_r2g_paulomp90/quantum/eeconfig.o (symbol from plugin) (eeprom_update_dword)
/opt/homebrew/Cellar/avr-gcc@8/8.5.0_1/lib/avr-gcc/8/gcc/avr/8.5.0/../../../../../../avr/lib/avr5/libatmega32u4.a(eeupd_word.o)
                              .build/obj_lily58_r2g_paulomp90/quantum/eeconfig.o (symbol from plugin) (eeprom_update_word)
/opt/homebrew/Cellar/avr-gcc@8/8.5.0_1/lib/avr-gcc/8/gcc/avr/8.5.0/avr5/libgcc.a(_udivmodqi4.o)
                              /var/folders/f8/qwbwqdc504lddb_gqcxyf_wr0000gn/T//ccM8S64a.ltrans0.ltrans.o (__udivmodqi4)
/opt/homebrew/Cellar/avr-gcc@8/8.5.0_1/lib/avr-gcc/8/gcc/avr/8.5.0/avr5/libgcc.a(_udivmodsi4.o)
                              /var/folders/f8/qwbwqdc504lddb_gqcxyf_wr0000gn/T//ccM8S64a.ltrans0.ltrans.o (__udivmodsi4)
/opt/homebrew/Cellar/avr-gcc@8/8.5.0_1/lib/avr-gcc/8/gcc/avr/8.5.0/avr5/libgcc.a(_divmodsi4.o)
                              /var/folders/f8/qwbwqdc504lddb_gqcxyf_wr0000gn/T//ccM8S64a.ltrans0.ltrans.o (__divmodsi4)
/opt/homebrew/Cellar/avr-gcc@8/8.5.0_1/lib/avr-gcc/8/gcc/avr/8.5.0/avr5/libgcc.a(_negsi2.o)
                              /opt/homebrew/Cellar/avr-gcc@8/8.5.0_1/lib/avr-gcc/8/gcc/avr/8.5.0/avr5/libgcc.a(_divmodsi4.o) (__negsi2)
/opt/homebrew/Cellar/avr-gcc@8/8.5.0_1/lib/avr-gcc/8/gcc/avr/8.5.0/avr5/libgcc.a(_tablejump2.o)
                              /var/folders/f8/qwbwqdc504lddb_gqcxyf_wr0000gn/T//ccM8S64a.ltrans0.ltrans.o (__tablejump2__)
/opt/homebrew/Cellar/avr-gcc@8/8.5.0_1/lib/avr-gcc/8/gcc/avr/8.5.0/avr5/libgcc.a(_copy_data.o)
                              /var/folders/f8/qwbwqdc504lddb_gqcxyf_wr0000gn/T//ccM8S64a.ltrans0.ltrans.o (__do_copy_data)
/opt/homebrew/Cellar/avr-gcc@8/8.5.0_1/lib/avr-gcc/8/gcc/avr/8.5.0/avr5/libgcc.a(_clear_bss.o)
[...]
Memory Configuration

Name             Origin             Length             Attributes
text             0x00000000         0x00020000         xr
data             0x00800060         0x0000ffa0         rw!x
eeprom           0x00810000         0x00010000         rw!x
fuse             0x00820000         0x00000003         rw!x
lock             0x00830000         0x00000400         rw!x
signature        0x00840000         0x00000400         rw!x
user_signatures  0x00850000         0x00000400         rw!x
*default*        0x00000000         0xffffffff

Linker script and memory map

Address of section .data set to 0x800100
LOAD /opt/homebrew/Cellar/avr-gcc@8/8.5.0_1/lib/avr-gcc/8/gcc/avr/8.5.0/../../../../../../avr/lib/avr5/crtatmega32u4.o
LOAD .build/obj_lily58_r2g_paulomp90/./lib/rgb_state_reader.o
LOAD /var/folders/f8/qwbwqdc504lddb_gqcxyf_wr0000gn/T//ccDFh4n4debugobj
LOAD /var/folders/f8/qwbwqdc504lddb_gqcxyf_wr0000gn/T//ccM8S64a.ltrans0.ltrans.o
LOAD .build/obj_lily58_r2g_paulomp90/./lib/layer_state_reader.o
LOAD .build/obj_lily58_r2g_paulomp90/./lib/logo_reader.o
LOAD .build/obj_lily58_r2g_paulomp90/./lib/keylogger.o
LOAD .build/obj_lily58_r2g_paulomp90/keyboards/lily58/r2g/r2g.o
LOAD .build/obj_lily58_r2g_paulomp90/.build/obj_lily58_r2g/src/default_keyboard.o
LOAD .build/obj_lily58_r2g_paulomp90/quantum/keymap_introspection.o
LOAD .build/obj_lily58_r2g_paulomp90/quantum/quantum.o
LOAD .build/obj_lily58_r2g_paulomp90/quantum/bitwise.o
LOAD .build/obj_lily58_r2g_paulomp90/quantum/led.o
LOAD .build/obj_lily58_r2g_paulomp90/quantum/action.o
LOAD .build/obj_lily58_r2g_paulomp90/quantum/action_layer.o
LOAD .build/obj_lily58_r2g_paulomp90/quantum/action_tapping.o
LOAD .build/obj_lily58_r2g_paulomp90/quantum/action_util.o
LOAD .build/obj_lily58_r2g_paulomp90/quantum/eeconfig.o
LOAD .build/obj_lily58_r2g_paulomp90/quantum/keyboard.o
LOAD .build/obj_lily58_r2g_paulomp90/quantum/keymap_common.o
LOAD .build/obj_lily58_r2g_paulomp90/quantum/keycode_config.o
LOAD .build/obj_lily58_r2g_paulomp90/quantum/sync_timer.o
LOAD .build/obj_lily58_r2g_paulomp90/quantum/logging/debug.o
LOAD .build/obj_lily58_r2g_paulomp90/quantum/logging/sendchar.o
LOAD .build/obj_lily58_r2g_paulomp90/quantum/bootmagic/magic.o
LOAD .build/obj_lily58_r2g_paulomp90/quantum/matrix_common.o
LOAD .build/obj_lily58_r2g_paulomp90/quantum/matrix.o
LOAD .build/obj_lily58_r2g_paulomp90/quantum/debounce/sym_defer_g.o
LOAD .build/obj_lily58_r2g_paulomp90/quantum/split_common/split_util.o
LOAD .build/obj_lily58_r2g_paulomp90/quantum/split_common/transport.o
LOAD .build/obj_lily58_r2g_paulomp90/quantum/split_common/transactions.o
LOAD .build/obj_lily58_r2g_paulomp90/quantum/main.o
LOAD .build/obj_lily58_r2g_paulomp90/quantum/color.o
LOAD .build/obj_lily58_r2g_paulomp90/quantum/rgb_matrix/rgb_matrix.o
LOAD .build/obj_lily58_r2g_paulomp90/quantum/rgb_matrix/rgb_matrix_drivers.o
LOAD .build/obj_lily58_r2g_paulomp90/lib/lib8tion/lib8tion.o
LOAD .build/obj_lily58_r2g_paulomp90/quantum/process_keycode/process_rgb.o
LOAD .build/obj_lily58_r2g_paulomp90/ws2812_bitbang.o
LOAD .build/obj_lily58_r2g_paulomp90/quantum/led_tables.o
LOAD .build/obj_lily58_r2g_paulomp90/crc.o
LOAD .build/obj_lily58_r2g_paulomp90/oled_driver.o
LOAD .build/obj_lily58_r2g_paulomp90/quantum/send_string/send_string.o
LOAD .build/obj_lily58_r2g_paulomp90/quantum/process_keycode/process_caps_word.o
LOAD .build/obj_lily58_r2g_paulomp90/quantum/caps_word.o
LOAD .build/obj_lily58_r2g_paulomp90/quantum/process_keycode/process_space_cadet.o
LOAD .build/obj_lily58_r2g_paulomp90/quantum/process_keycode/process_tri_layer.o
LOAD .build/obj_lily58_r2g_paulomp90/quantum/tri_layer.o
LOAD .build/obj_lily58_r2g_paulomp90/i2c_master.a
LOAD .build/obj_lily58_r2g_paulomp90/i2c_slave.a
LOAD .build/obj_lily58_r2g_paulomp90/serial.a
LOAD .build/obj_lily58_r2g_paulomp90/platforms/avr/xprintf.o
LOAD .build/obj_lily58_r2g_paulomp90/platforms/avr/printf.o
LOAD .build/obj_lily58_r2g_paulomp90/protocol/host.o
LOAD .build/obj_lily58_r2g_paulomp90/protocol/report.o
LOAD .build/obj_lily58_r2g_paulomp90/protocol/usb_device_state.o
LOAD .build/obj_lily58_r2g_paulomp90/protocol/usb_util.o
LOAD .build/obj_lily58_r2g_paulomp90/platforms/suspend.o
LOAD .build/obj_lily58_r2g_paulomp90/platforms/synchronization_util.o
LOAD .build/obj_lily58_r2g_paulomp90/platforms/timer.o
LOAD .build/obj_lily58_r2g_paulomp90/platforms/avr/hardware_id.o
LOAD .build/obj_lily58_r2g_paulomp90/platforms/avr/platform.o
LOAD .build/obj_lily58_r2g_paulomp90/platforms/avr/suspend.o
LOAD .build/obj_lily58_r2g_paulomp90/platforms/avr/timer.o
LOAD .build/obj_lily58_r2g_paulomp90/platforms/avr/bootloaders/dfu.o
LOAD .build/obj_lily58_r2g_paulomp90/lufa.o
LOAD .build/obj_lily58_r2g_paulomp90/usb_descriptor.o
LOAD .build/obj_lily58_r2g_paulomp90/lib/lufa/LUFA/Drivers/USB/Class/Common/HIDParser.o
LOAD .build/obj_lily58_r2g_paulomp90/lib/lufa/LUFA/Drivers/USB/Core/AVR8/Device_AVR8.o
LOAD .build/obj_lily58_r2g_paulomp90/lib/lufa/LUFA/Drivers/USB/Core/AVR8/EndpointStream_AVR8.o
LOAD .build/obj_lily58_r2g_paulomp90/lib/lufa/LUFA/Drivers/USB/Core/AVR8/Endpoint_AVR8.o
LOAD .build/obj_lily58_r2g_paulomp90/lib/lufa/LUFA/Drivers/USB/Core/AVR8/Host_AVR8.o
LOAD .build/obj_lily58_r2g_paulomp90/lib/lufa/LUFA/Drivers/USB/Core/AVR8/PipeStream_AVR8.o
LOAD .build/obj_lily58_r2g_paulomp90/lib/lufa/LUFA/Drivers/USB/Core/AVR8/Pipe_AVR8.o
LOAD .build/obj_lily58_r2g_paulomp90/lib/lufa/LUFA/Drivers/USB/Core/AVR8/USBController_AVR8.o
LOAD .build/obj_lily58_r2g_paulomp90/lib/lufa/LUFA/Drivers/USB/Core/AVR8/USBInterrupt_AVR8.o
LOAD .build/obj_lily58_r2g_paulomp90/lib/lufa/LUFA/Drivers/USB/Core/ConfigDescriptors.o
LOAD .build/obj_lily58_r2g_paulomp90/lib/lufa/LUFA/Drivers/USB/Core/DeviceStandardReq.o
LOAD .build/obj_lily58_r2g_paulomp90/lib/lufa/LUFA/Drivers/USB/Core/Events.o
LOAD .build/obj_lily58_r2g_paulomp90/lib/lufa/LUFA/Drivers/USB/Core/HostStandardReq.o
LOAD .build/obj_lily58_r2g_paulomp90/lib/lufa/LUFA/Drivers/USB/Core/USBTask.o
LOAD .build/obj_lily58_r2g_paulomp90/protocol/lufa/usb_util.o
LOAD /opt/homebrew/Cellar/avr-gcc@8/8.5.0_1/lib/avr-gcc/8/gcc/avr/8.5.0/../../../../../../avr/lib/avr5/libm.a
START GROUP
LOAD /opt/homebrew/Cellar/avr-gcc@8/8.5.0_1/lib/avr-gcc/8/gcc/avr/8.5.0/avr5/libgcc.a
LOAD /opt/homebrew/Cellar/avr-gcc@8/8.5.0_1/lib/avr-gcc/8/gcc/avr/8.5.0/../../../../../../avr/lib/avr5/libm.a
LOAD /opt/homebrew/Cellar/avr-gcc@8/8.5.0_1/lib/avr-gcc/8/gcc/avr/8.5.0/../../../../../../avr/lib/avr5/libc.a
LOAD /opt/homebrew/Cellar/avr-gcc@8/8.5.0_1/lib/avr-gcc/8/gcc/avr/8.5.0/../../../../../../avr/lib/avr5/libatmega32u4.a
END GROUP
                0x00020000                        __TEXT_REGION_LENGTH__ = DEFINED (__TEXT_REGION_LENGTH__)?__TEXT_REGION_LENGTH__:0x20000
                0x00800060                        __DATA_REGION_ORIGIN__ = DEFINED (__DATA_REGION_ORIGIN__)?__DATA_REGION_ORIGIN__:0x800060
                0x0000ffa0                        __DATA_REGION_LENGTH__ = DEFINED (__DATA_REGION_LENGTH__)?__DATA_REGION_LENGTH__:0xffa0
                0x00010000                        __EEPROM_REGION_LENGTH__ = DEFINED (__EEPROM_REGION_LENGTH__)?__EEPROM_REGION_LENGTH__:0x10000
                [0x00000003]                      __FUSE_REGION_LENGTH__ = DEFINED (__FUSE_REGION_LENGTH__)?__FUSE_REGION_LENGTH__:0x400
                0x00000400                        __LOCK_REGION_LENGTH__ = DEFINED (__LOCK_REGION_LENGTH__)?__LOCK_REGION_LENGTH__:0x400
                0x00000400                        __SIGNATURE_REGION_LENGTH__ = DEFINED (__SIGNATURE_REGION_LENGTH__)?__SIGNATURE_REGION_LENGTH__:0x400
                0x00000400                        __USER_SIGNATURE_REGION_LENGTH__ = DEFINED (__USER_SIGNATURE_REGION_LENGTH__)?__USER_SIGNATURE_REGION_LENGTH__:0x400

.hash
 *(.hash)

.dynsym
 *(.dynsym)

.dynstr
 *(.dynstr)

.gnu.version
 *(.gnu.version)

.gnu.version_d
 *(.gnu.version_d)

.gnu.version_r
 *(.gnu.version_r)

.rel.init
 *(.rel.init)

.rela.init
 *(.rela.init)

.rel.text
 *(.rel.text)
 *(.rel.text.*)
 *(.rel.gnu.linkonce.t*)

.rela.text
 *(.rela.text)
 *(.rela.text.*)
 *(.rela.gnu.linkonce.t*)

.rel.fini
 *(.rel.fini)

.rela.fini
 *(.rela.fini)

.rel.rodata
 *(.rel.rodata)
 *(.rel.rodata.*)
 *(.rel.gnu.linkonce.r*)

.rela.rodata
 *(.rela.rodata)
 *(.rela.rodata.*)
 *(.rela.gnu.linkonce.r*)

.rel.data
 *(.rel.data)
 *(.rel.data.*)
 *(.rel.gnu.linkonce.d*)

.rela.data
 *(.rela.data)
 *(.rela.data.*)
 *(.rela.gnu.linkonce.d*)

.rel.ctors
 *(.rel.ctors)

.rela.ctors
 *(.rela.ctors)

.rel.dtors
 *(.rel.dtors)

.rela.dtors
 *(.rela.dtors)

.rel.got
 *(.rel.got)

.rela.got
 *(.rela.got)

.rel.bss
 *(.rel.bss)

.rela.bss
 *(.rela.bss)

.rel.plt
 *(.rel.plt)

.rela.plt
 *(.rela.plt)

.text           0x00000000     0x5a2c
 *(.vectors)
 .vectors       0x00000000       0xac /opt/homebrew/Cellar/avr-gcc@8/8.5.0_1/lib/avr-gcc/8/gcc/avr/8.5.0/../../../../../../avr/lib/avr5/crtatmega32u4.o
                0x00000000                __vectors
                0x00000000                __vector_default
 *(.vectors)
 *(.progmem.gcc*)
                0x000000ac                        . = ALIGN (0x2)
                0x000000ac                        __trampolines_start = .
 *(.trampolines)
 .trampolines   0x000000ac        0x0 linker stubs
 *(.trampolines*)
                0x000000ac                        __trampolines_end = .
 *libprintf_flt.a:*(.progmem.data)
 *libc.a:*(.progmem.data)
 *(.progmem.*)
 .progmem.data.keymaps
                0x000000ac      0x258 /var/folders/f8/qwbwqdc504lddb_gqcxyf_wr0000gn/T//ccM8S64a.ltrans0.ltrans.o
 .progmem.data.display_setup2.2301
                0x00000304        0xd /var/folders/f8/qwbwqdc504lddb_gqcxyf_wr0000gn/T//ccM8S64a.ltrans0.ltrans.o
 .progmem.data.display_flipped.2300
                0x00000311        0x5 /var/folders/f8/qwbwqdc504lddb_gqcxyf_wr0000gn/T//ccM8S64a.ltrans0.ltrans.o
 .progmem.data.display_normal.2299
                0x00000316        0x5 /var/folders/f8/qwbwqdc504lddb_gqcxyf_wr0000gn/T//ccM8S64a.ltrans0.ltrans.o
 .progmem.data.display_setup1.2298
                0x0000031b        0xb /var/folders/f8/qwbwqdc504lddb_gqcxyf_wr0000gn/T//ccM8S64a.ltrans0.ltrans.o
 .progmem.data.__c.4937
                0x00000326        0x8 /var/folders/f8/qwbwqdc504lddb_gqcxyf_wr0000gn/T//ccM8S64a.ltrans0.ltrans.o
 .progmem.data.__c.4934
                0x0000032e        0x5 /var/folders/f8/qwbwqdc504lddb_gqcxyf_wr0000gn/T//ccM8S64a.ltrans0.ltrans.o
 .progmem.data.__c.4931
                0x00000333        0x7 /var/folders/f8/qwbwqdc504lddb_gqcxyf_wr0000gn/T//ccM8S64a.ltrans0.ltrans.o
 .progmem.data.__c.4928
                0x0000033a        0x6 /var/folders/f8/qwbwqdc504lddb_gqcxyf_wr0000gn/T//ccM8S64a.ltrans0.ltrans.o
 .progmem.data.__c.4925
                0x00000340        0x6 /var/folders/f8/qwbwqdc504lddb_gqcxyf_wr0000gn/T//ccM8S64a.ltrans0.ltrans.o
 .progmem.data.__c.4921
                0x00000346        0x8 /var/folders/f8/qwbwqdc504lddb_gqcxyf_wr0000gn/T//ccM8S64a.ltrans0.ltrans.o
 .progmem.data.__c.4918.lto_priv.84
                0x0000034e        0x8 /var/folders/f8/qwbwqdc504lddb_gqcxyf_wr0000gn/T//ccM8S64a.ltrans0.ltrans.o
 .progmem.data.mb_logo.4942
                0x00000356      0x1a0 /var/folders/f8/qwbwqdc504lddb_gqcxyf_wr0000gn/T//ccM8S64a.ltrans0.ltrans.o
 .progmem.data.__c.4946.lto_priv.82
                0x000004f6        0x5 /var/folders/f8/qwbwqdc504lddb_gqcxyf_wr0000gn/T//ccM8S64a.ltrans0.ltrans.o
 .progmem.data.CIE1931_CURVE
                0x000004fb      0x100 /var/folders/f8/qwbwqdc504lddb_gqcxyf_wr0000gn/T//ccM8S64a.ltrans0.ltrans.o
 .progmem.data.display_on.2477
                0x000005fb        0x2 /var/folders/f8/qwbwqdc504lddb_gqcxyf_wr0000gn/T//ccM8S64a.ltrans0.ltrans.o
 .progmem.data.display_off.2481
                0x000005fd        0x2 /var/folders/f8/qwbwqdc504lddb_gqcxyf_wr0000gn/T//ccM8S64a.ltrans0.ltrans.o
 .progmem.data.SharedReport
                0x000005ff       0x32 /var/folders/f8/qwbwqdc504lddb_gqcxyf_wr0000gn/T//ccM8S64a.ltrans0.ltrans.o
 .progmem.data.KeyboardReport
                0x00000631       0x40 /var/folders/f8/qwbwqdc504lddb_gqcxyf_wr0000gn/T//ccM8S64a.ltrans0.ltrans.o
 .progmem.data.ConfigurationDescriptor
                0x00000671       0x3b /var/folders/f8/qwbwqdc504lddb_gqcxyf_wr0000gn/T//ccM8S64a.ltrans0.ltrans.o
 .progmem.data.DeviceDescriptor
                0x000006ac       0x12 /var/folders/f8/qwbwqdc504lddb_gqcxyf_wr0000gn/T//ccM8S64a.ltrans0.ltrans.o
 .progmem.data.ProductString
                0x000006be       0x18 /var/folders/f8/qwbwqdc504lddb_gqcxyf_wr0000gn/T//ccM8S64a.ltrans0.ltrans.o
 .progmem.data.ManufacturerString
                0x000006d6       0x1e /var/folders/f8/qwbwqdc504lddb_gqcxyf_wr0000gn/T//ccM8S64a.ltrans0.ltrans.o
 .progmem.data.LanguageString
                0x000006f4        0x4 /var/folders/f8/qwbwqdc504lddb_gqcxyf_wr0000gn/T//ccM8S64a.ltrans0.ltrans.o
 .progmem.data.font
                0x000006f8      0x540 /var/folders/f8/qwbwqdc504lddb_gqcxyf_wr0000gn/T//ccM8S64a.ltrans0.ltrans.o
                0x00000c38                        . = ALIGN (0x2)
 *(.lowtext)
 *(.lowtext*)
                0x00000c38                        __ctors_start = .
 *(.ctors)
                0x00000c38                        __ctors_end = .
                0x00000c38                        __dtors_start = .
 *(.dtors)
                0x00000c38                        __dtors_end = .
 SORT_BY_NAME(*)(.ctors)
 SORT_BY_NAME(*)(.dtors)
 *(.init0)
 .init0         0x00000c38        0x0 /opt/homebrew/Cellar/avr-gcc@8/8.5.0_1/lib/avr-gcc/8/gcc/avr/8.5.0/../../../../../../avr/lib/avr5/crtatmega32u4.o
                0x00000c38                __init
 *(.init0)
 *(.init1)
 *(.init1)
 *(.init2)
 .init2         0x00000c38        0xc /opt/homebrew/Cellar/avr-gcc@8/8.5.0_1/lib/avr-gcc/8/gcc/avr/8.5.0/../../../../../../avr/lib/avr5/crtatmega32u4.o
 *(.init2)
 *(.init3)
 .init3         0x00000c44       0x36 /var/folders/f8/qwbwqdc504lddb_gqcxyf_wr0000gn/T//ccM8S64a.ltrans0.ltrans.o
                0x00000c44                bootloader_jump_after_watchdog_reset
 *(.init3)
 *(.init4)
 .init4         0x00000c7a       0x16 /opt/homebrew/Cellar/avr-gcc@8/8.5.0_1/lib/avr-gcc/8/gcc/avr/8.5.0/avr5/libgcc.a(_copy_data.o)
                0x00000c7a                __do_copy_data
 .init4         0x00000c90       0x10 /opt/homebrew/Cellar/avr-gcc@8/8.5.0_1/lib/avr-gcc/8/gcc/avr/8.5.0/avr5/libgcc.a(_clear_bss.o)
                0x00000c90                __do_clear_bss
 *(.init4)
 *(.init5)
 *(.init5)
 *(.init6)
 *(.init6)
 *(.init7)
 *(.init7)
 *(.init8)
 *(.init8)
 *(.init9)
 .init9         0x00000ca0        0x8 /opt/homebrew/Cellar/avr-gcc@8/8.5.0_1/lib/avr-gcc/8/gcc/avr/8.5.0/../../../../../../avr/lib/avr5/crtatmega32u4.o
 *(.init9)
 *(.text)
 .text          0x00000ca8        0x4 /opt/homebrew/Cellar/avr-gcc@8/8.5.0_1/lib/avr-gcc/8/gcc/avr/8.5.0/../../../../../../avr/lib/avr5/crtatmega32u4.o
                0x00000ca8                __vector_42
                0x00000ca8                __vector_22
                0x00000ca8                __vector_28
                0x00000ca8                __vector_1
                0x00000ca8                __vector_32
                0x00000ca8                __vector_34
                0x00000ca8                __vector_24
                0x00000ca8                __bad_interrupt
                0x00000ca8                __vector_6
                0x00000ca8                __vector_31
                0x00000ca8                __vector_35
                0x00000ca8                __vector_39
                0x00000ca8                __vector_23
                0x00000ca8                __vector_30
                0x00000ca8                __vector_25
                0x00000ca8                __vector_13
                0x00000ca8                __vector_17
                0x00000ca8                __vector_19
                0x00000ca8                __vector_7
                0x00000ca8                __vector_41
                0x00000ca8                __vector_27
                0x00000ca8                __vector_5
                0x00000ca8                __vector_33
                0x00000ca8                __vector_37
                0x00000ca8                __vector_4
                0x00000ca8                __vector_9
                0x00000ca8                __vector_2
                0x00000ca8                __vector_15
                0x00000ca8                __vector_36
                0x00000ca8                __vector_29
                0x00000ca8                __vector_40
                0x00000ca8                __vector_8
                0x00000ca8                __vector_26
                0x00000ca8                __vector_14
                0x00000ca8                __vector_16
                0x00000ca8                __vector_18
                0x00000ca8                __vector_20
                0x00000ca8                __vector_38
                0x00000cac                        . = ALIGN (0x2)
 *(.text.*)
 .text.rgb_matrix_mode_eeprom_helper.constprop.63
                0x00000cac       0x32 /var/folders/f8/qwbwqdc504lddb_gqcxyf_wr0000gn/T//ccM8S64a.ltrans0.ltrans.o
 .text.waiting_buffer_typed.isra.2.constprop.36
                0x00000cde       0x3e /var/folders/f8/qwbwqdc504lddb_gqcxyf_wr0000gn/T//ccM8S64a.ltrans0.ltrans.o
 .text.crc8.constprop.28
                0x00000d1c       0x2e /var/folders/f8/qwbwqdc504lddb_gqcxyf_wr0000gn/T//ccM8S64a.ltrans0.ltrans.o
 .text.rgb_matrix_sethsv_eeprom_helper.constprop.13
                0x00000d4a       0x26 /var/folders/f8/qwbwqdc504lddb_gqcxyf_wr0000gn/T//ccM8S64a.ltrans0.ltrans.o
 .text.USB_Disable
                0x00000d70       0x3e /var/folders/f8/qwbwqdc504lddb_gqcxyf_wr0000gn/T//ccM8S64a.ltrans0.ltrans.o
 .text.Endpoint_WaitUntilReady
                0x00000dae       0x62 /var/folders/f8/qwbwqdc504lddb_gqcxyf_wr0000gn/T//ccM8S64a.ltrans0.ltrans.o
 .text.Endpoint_ClearStatusStage
                0x00000e10       0x3e /var/folders/f8/qwbwqdc504lddb_gqcxyf_wr0000gn/T//ccM8S64a.ltrans0.ltrans.o
 .text.Endpoint_ConfigureEndpoint_Prv
                0x00000e4e       0x64 /var/folders/f8/qwbwqdc504lddb_gqcxyf_wr0000gn/T//ccM8S64a.ltrans0.ltrans.o
 .text.USB_Init
                0x00000eb2       0xb6 /var/folders/f8/qwbwqdc504lddb_gqcxyf_wr0000gn/T//ccM8S64a.ltrans0.ltrans.o
 .text.Endpoint_Write_Control_Stream_LE
                0x00000f68       0xbc /var/folders/f8/qwbwqdc504lddb_gqcxyf_wr0000gn/T//ccM8S64a.ltrans0.ltrans.o
 .text.send_mouse
                0x00001024        0x2 /var/folders/f8/qwbwqdc504lddb_gqcxyf_wr0000gn/T//ccM8S64a.ltrans0.ltrans.o
 .text.keyboard_leds
                0x00001026        0x6 /var/folders/f8/qwbwqdc504lddb_gqcxyf_wr0000gn/T//ccM8S64a.ltrans0.ltrans.o
 .text.timer_read32
                0x0000102c       0x18 /var/folders/f8/qwbwqdc504lddb_gqcxyf_wr0000gn/T//ccM8S64a.ltrans0.ltrans.o
 .text.host_consumer_send
                0x00001044       0x4a /var/folders/f8/qwbwqdc504lddb_gqcxyf_wr0000gn/T//ccM8S64a.ltrans0.ltrans.o
 .text.host_system_send
                0x0000108e       0x4a /var/folders/f8/qwbwqdc504lddb_gqcxyf_wr0000gn/T//ccM8S64a.ltrans0.ltrans.o
 .text.oled_write_raw_P
                0x000010d8       0x80 /var/folders/f8/qwbwqdc504lddb_gqcxyf_wr0000gn/T//ccM8S64a.ltrans0.ltrans.o
 .text.handleKeycodeRGB
                0x00001158        0xc /var/folders/f8/qwbwqdc504lddb_gqcxyf_wr0000gn/T//ccM8S64a.ltrans0.ltrans.o
 .text.rgb_matrix_decrease_speed
                0x00001164       0x1c /var/folders/f8/qwbwqdc504lddb_gqcxyf_wr0000gn/T//ccM8S64a.ltrans0.ltrans.o
 .text.rgb_matrix_increase_speed
                0x00001180       0x1c /var/folders/f8/qwbwqdc504lddb_gqcxyf_wr0000gn/T//ccM8S64a.ltrans0.ltrans.o
 .text.rgb_matrix_decrease_val
                0x0000119c       0x1a /var/folders/f8/qwbwqdc504lddb_gqcxyf_wr0000gn/T//ccM8S64a.ltrans0.ltrans.o
 .text.rgb_matrix_increase_val
                0x000011b6       0x1a /var/folders/f8/qwbwqdc504lddb_gqcxyf_wr0000gn/T//ccM8S64a.ltrans0.ltrans.o
 .text.rgb_matrix_decrease_sat
                0x000011d0       0x1a /var/folders/f8/qwbwqdc504lddb_gqcxyf_wr0000gn/T//ccM8S64a.ltrans0.ltrans.o
 .text.rgb_matrix_increase_sat
                0x000011ea       0x1a /var/folders/f8/qwbwqdc504lddb_gqcxyf_wr0000gn/T//ccM8S64a.ltrans0.ltrans.o
 .text.rgb_matrix_decrease_hue
                0x00001204       0x14 /var/folders/f8/qwbwqdc504lddb_gqcxyf_wr0000gn/T//ccM8S64a.ltrans0.ltrans.o
 .text.rgb_matrix_increase_hue
                0x00001218       0x14 /var/folders/f8/qwbwqdc504lddb_gqcxyf_wr0000gn/T//ccM8S64a.ltrans0.ltrans.o
 .text.rgb_matrix_step_reverse
                0x0000122c       0x14 /var/folders/f8/qwbwqdc504lddb_gqcxyf_wr0000gn/T//ccM8S64a.ltrans0.ltrans.o
 .text.rgb_matrix_step
                0x00001240       0x16 /var/folders/f8/qwbwqdc504lddb_gqcxyf_wr0000gn/T//ccM8S64a.ltrans0.ltrans.o
 .text.rgb_task_flush
                0x00001256       0x1a /var/folders/f8/qwbwqdc504lddb_gqcxyf_wr0000gn/T//ccM8S64a.ltrans0.ltrans.o
 .text.SOLID_REACTIVE_math
                0x00001270        0xc /var/folders/f8/qwbwqdc504lddb_gqcxyf_wr0000gn/T//ccM8S64a.ltrans0.ltrans.o
 .text.SOLID_REACTIVE_SIMPLE_math
                0x0000127c        0xe /var/folders/f8/qwbwqdc504lddb_gqcxyf_wr0000gn/T//ccM8S64a.ltrans0.ltrans.o
 .text.HUE_WAVE_math
                0x0000128a       0x22 /var/folders/f8/qwbwqdc504lddb_gqcxyf_wr0000gn/T//ccM8S64a.ltrans0.ltrans.o
 .text.RAINBOW_MOVING_CHEVRON_math
                0x000012ac       0x32 /var/folders/f8/qwbwqdc504lddb_gqcxyf_wr0000gn/T//ccM8S64a.ltrans0.ltrans.o
 .text.rgb_matrix_set_color
                0x000012de        0x6 /var/folders/f8/qwbwqdc504lddb_gqcxyf_wr0000gn/T//ccM8S64a.ltrans0.ltrans.o
 .text.rgb_matrix_set_color_all
                0x000012e4       0x32 /var/folders/f8/qwbwqdc504lddb_gqcxyf_wr0000gn/T//ccM8S64a.ltrans0.ltrans.o
 .text.RAINBOW_BEACON_math
                0x00001316       0x5c /var/folders/f8/qwbwqdc504lddb_gqcxyf_wr0000gn/T//ccM8S64a.ltrans0.ltrans.o
 .text.sin8_avr
                0x00001372       0x3e /var/folders/f8/qwbwqdc504lddb_gqcxyf_wr0000gn/T//ccM8S64a.ltrans0.ltrans.o
 .text.scale16by8
                0x000013b0       0x14 /var/folders/f8/qwbwqdc504lddb_gqcxyf_wr0000gn/T//ccM8S64a.ltrans0.ltrans.o
 .text.hsv_to_rgb
                0x000013c4      0x128 /var/folders/f8/qwbwqdc504lddb_gqcxyf_wr0000gn/T//ccM8S64a.ltrans0.ltrans.o
 .text.sendchar
                0x000014ec        0x4 /var/folders/f8/qwbwqdc504lddb_gqcxyf_wr0000gn/T//ccM8S64a.ltrans0.ltrans.o
 .text.setPinInputHigh_atomic
                0x000014f0       0x2e /var/folders/f8/qwbwqdc504lddb_gqcxyf_wr0000gn/T//ccM8S64a.ltrans0.ltrans.o
 .text.mod_config
                0x0000151e       0x86 /var/folders/f8/qwbwqdc504lddb_gqcxyf_wr0000gn/T//ccM8S64a.ltrans0.ltrans.o
 .text.keycode_config
                0x000015a4      0x144 /var/folders/f8/qwbwqdc504lddb_gqcxyf_wr0000gn/T//ccM8S64a.ltrans0.ltrans.o
 .text.keymap_key_to_keycode
                0x000016e8       0x3e /var/folders/f8/qwbwqdc504lddb_gqcxyf_wr0000gn/T//ccM8S64a.ltrans0.ltrans.o
 .text.action_for_keycode
                0x00001726      0x23c /var/folders/f8/qwbwqdc504lddb_gqcxyf_wr0000gn/T//ccM8S64a.ltrans0.ltrans.o
 .text.clear_oneshot_mods
                0x00001962        0xc /var/folders/f8/qwbwqdc504lddb_gqcxyf_wr0000gn/T//ccM8S64a.ltrans0.ltrans.o
 .text.del_mods
                0x0000196e        0xe /var/folders/f8/qwbwqdc504lddb_gqcxyf_wr0000gn/T//ccM8S64a.ltrans0.ltrans.o
 .text.debug_waiting_buffer
                0x0000197c       0x14 /var/folders/f8/qwbwqdc504lddb_gqcxyf_wr0000gn/T//ccM8S64a.ltrans0.ltrans.o
 .text.layer_switch_get_layer
                0x00001990       0x5e /var/folders/f8/qwbwqdc504lddb_gqcxyf_wr0000gn/T//ccM8S64a.ltrans0.ltrans.o
 .text.layer_switch_get_action
                0x000019ee       0x1a /var/folders/f8/qwbwqdc504lddb_gqcxyf_wr0000gn/T//ccM8S64a.ltrans0.ltrans.o
 .text.read_source_layers_cache
                0x00001a08       0x68 /var/folders/f8/qwbwqdc504lddb_gqcxyf_wr0000gn/T//ccM8S64a.ltrans0.ltrans.o
 .text.update_source_layers_cache
                0x00001a70       0x6e /var/folders/f8/qwbwqdc504lddb_gqcxyf_wr0000gn/T//ccM8S64a.ltrans0.ltrans.o
 .text.layer_state_set
                0x00001ade        0x6 /var/folders/f8/qwbwqdc504lddb_gqcxyf_wr0000gn/T//ccM8S64a.ltrans0.ltrans.o
 .text.update_tri_layer
                0x00001ae4       0x40 /var/folders/f8/qwbwqdc504lddb_gqcxyf_wr0000gn/T//ccM8S64a.ltrans0.ltrans.o
 .text.layer_off
                0x00001b24       0x1a /var/folders/f8/qwbwqdc504lddb_gqcxyf_wr0000gn/T//ccM8S64a.ltrans0.ltrans.o
 .text.clear_oneshot_layer_state
                0x00001b3e       0x2e /var/folders/f8/qwbwqdc504lddb_gqcxyf_wr0000gn/T//ccM8S64a.ltrans0.ltrans.o
 .text.layer_on
                0x00001b6c       0x18 /var/folders/f8/qwbwqdc504lddb_gqcxyf_wr0000gn/T//ccM8S64a.ltrans0.ltrans.o
 .text.default_layer_state_set
                0x00001b84        0x6 /var/folders/f8/qwbwqdc504lddb_gqcxyf_wr0000gn/T//ccM8S64a.ltrans0.ltrans.o
 .text.is_tap_record
                0x00001b8a       0x46 /var/folders/f8/qwbwqdc504lddb_gqcxyf_wr0000gn/T//ccM8S64a.ltrans0.ltrans.o
 .text.biton    0x00001bd0       0x22 /var/folders/f8/qwbwqdc504lddb_gqcxyf_wr0000gn/T//ccM8S64a.ltrans0.ltrans.o
 .text.get_event_keycode
                0x00001bf2       0x4a /var/folders/f8/qwbwqdc504lddb_gqcxyf_wr0000gn/T//ccM8S64a.ltrans0.ltrans.o
 .text.oled_write_char.constprop.79
                0x00001c3c      0x100 /var/folders/f8/qwbwqdc504lddb_gqcxyf_wr0000gn/T//ccM8S64a.ltrans0.ltrans.o
 .text.oled_write_P.constprop.78
                0x00001d3c       0x1c /var/folders/f8/qwbwqdc504lddb_gqcxyf_wr0000gn/T//ccM8S64a.ltrans0.ltrans.o
 .text.oled_advance_page
                0x00001d58       0x64 /var/folders/f8/qwbwqdc504lddb_gqcxyf_wr0000gn/T//ccM8S64a.ltrans0.ltrans.o
 .text.oled_write_ln_P.constprop.77
                0x00001dbc        0xc /var/folders/f8/qwbwqdc504lddb_gqcxyf_wr0000gn/T//ccM8S64a.ltrans0.ltrans.o
 .text.send_keyboard_report
                0x00001dc8       0x7a /var/folders/f8/qwbwqdc504lddb_gqcxyf_wr0000gn/T//ccM8S64a.ltrans0.ltrans.o
 .text.caps_word_off
                0x00001e42       0x1c /var/folders/f8/qwbwqdc504lddb_gqcxyf_wr0000gn/T//ccM8S64a.ltrans0.ltrans.o
 .text.clear_keyboard_but_mods
                0x00001e5e       0x28 /var/folders/f8/qwbwqdc504lddb_gqcxyf_wr0000gn/T//ccM8S64a.ltrans0.ltrans.o
 .text.USB_Device_ProcessControlRequest
                0x00001e86      0x566 /var/folders/f8/qwbwqdc504lddb_gqcxyf_wr0000gn/T//ccM8S64a.ltrans0.ltrans.o
 .text.unregister_mods
                0x000023ec        0xe /var/folders/f8/qwbwqdc504lddb_gqcxyf_wr0000gn/T//ccM8S64a.ltrans0.ltrans.o
 .text.register_mods
                0x000023fa       0x14 /var/folders/f8/qwbwqdc504lddb_gqcxyf_wr0000gn/T//ccM8S64a.ltrans0.ltrans.o
 .text.unregister_code
                0x0000240e       0x6a /var/folders/f8/qwbwqdc504lddb_gqcxyf_wr0000gn/T//ccM8S64a.ltrans0.ltrans.o
 .text.register_code
                0x00002478       0xd8 /var/folders/f8/qwbwqdc504lddb_gqcxyf_wr0000gn/T//ccM8S64a.ltrans0.ltrans.o
 .text.oled_write.constprop.75
                0x00002550       0x30 /var/folders/f8/qwbwqdc504lddb_gqcxyf_wr0000gn/T//ccM8S64a.ltrans0.ltrans.o
 .text.send_report
                0x00002580       0x76 /var/folders/f8/qwbwqdc504lddb_gqcxyf_wr0000gn/T//ccM8S64a.ltrans0.ltrans.o
 .text.send_extra
                0x000025f6        0xe /var/folders/f8/qwbwqdc504lddb_gqcxyf_wr0000gn/T//ccM8S64a.ltrans0.ltrans.o
 .text.send_keyboard
                0x00002604       0x28 /var/folders/f8/qwbwqdc504lddb_gqcxyf_wr0000gn/T//ccM8S64a.ltrans0.ltrans.o
 .text.flush    0x0000262c       0x4e /var/folders/f8/qwbwqdc504lddb_gqcxyf_wr0000gn/T//ccM8S64a.ltrans0.ltrans.o
 .text.transaction_handler_master.isra.2
                0x0000267a       0x66 /var/folders/f8/qwbwqdc504lddb_gqcxyf_wr0000gn/T//ccM8S64a.ltrans0.ltrans.o
 .text.is_keyboard_master
                0x000026e0       0x46 /var/folders/f8/qwbwqdc504lddb_gqcxyf_wr0000gn/T//ccM8S64a.ltrans0.ltrans.o
 .text.host_keyboard_leds
                0x00002726       0x22 /var/folders/f8/qwbwqdc504lddb_gqcxyf_wr0000gn/T//ccM8S64a.ltrans0.ltrans.o
 .text.setled   0x00002748       0x48 /var/folders/f8/qwbwqdc504lddb_gqcxyf_wr0000gn/T//ccM8S64a.ltrans0.ltrans.o
 .text.rgb_matrix_check_finished_leds
                0x00002790       0x20 /var/folders/f8/qwbwqdc504lddb_gqcxyf_wr0000gn/T//ccM8S64a.ltrans0.ltrans.o
 .text.effect_runner_reactive.constprop.57
                0x000027b0       0xf6 /var/folders/f8/qwbwqdc504lddb_gqcxyf_wr0000gn/T//ccM8S64a.ltrans0.ltrans.o
 .text.effect_runner_i.constprop.54
                0x000028a6       0xac /var/folders/f8/qwbwqdc504lddb_gqcxyf_wr0000gn/T//ccM8S64a.ltrans0.ltrans.o
 .text.rgb_task_render
                0x00002952      0x456 /var/folders/f8/qwbwqdc504lddb_gqcxyf_wr0000gn/T//ccM8S64a.ltrans0.ltrans.o
 .text.sync_timer_read32
                0x00002da8       0x34 /var/folders/f8/qwbwqdc504lddb_gqcxyf_wr0000gn/T//ccM8S64a.ltrans0.ltrans.o
 .text.sync_timer_elapsed32
                0x00002ddc       0x42 /var/folders/f8/qwbwqdc504lddb_gqcxyf_wr0000gn/T//ccM8S64a.ltrans0.ltrans.o
 .text.soft_reset_keyboard
                0x00002e1e       0x30 /var/folders/f8/qwbwqdc504lddb_gqcxyf_wr0000gn/T//ccM8S64a.ltrans0.ltrans.o
 .text.oled_send_cmd_P
                0x00002e4e       0x54 /var/folders/f8/qwbwqdc504lddb_gqcxyf_wr0000gn/T//ccM8S64a.ltrans0.ltrans.o
 .text.oled_off
                0x00002ea2       0x36 /var/folders/f8/qwbwqdc504lddb_gqcxyf_wr0000gn/T//ccM8S64a.ltrans0.ltrans.o
 .text.oled_on  0x00002ed8       0x50 /var/folders/f8/qwbwqdc504lddb_gqcxyf_wr0000gn/T//ccM8S64a.ltrans0.ltrans.o
 .text.rgb_matrix_task
                0x00002f28      0x170 /var/folders/f8/qwbwqdc504lddb_gqcxyf_wr0000gn/T//ccM8S64a.ltrans0.ltrans.o
 .text.eeconfig_update_rgb_matrix_default
                0x00003098       0x36 /var/folders/f8/qwbwqdc504lddb_gqcxyf_wr0000gn/T//ccM8S64a.ltrans0.ltrans.o
 .text.sync_timer_handlers_master
                0x000030ce       0xac /var/folders/f8/qwbwqdc504lddb_gqcxyf_wr0000gn/T//ccM8S64a.ltrans0.ltrans.o
 .text.slave_matrix_handlers_master
                0x0000317a      0x13e /var/folders/f8/qwbwqdc504lddb_gqcxyf_wr0000gn/T//ccM8S64a.ltrans0.ltrans.o
 .text.send_if_condition
                0x000032b8       0xc2 /var/folders/f8/qwbwqdc504lddb_gqcxyf_wr0000gn/T//ccM8S64a.ltrans0.ltrans.o
 .text.rgb_matrix_handlers_master
                0x0000337a       0x58 /var/folders/f8/qwbwqdc504lddb_gqcxyf_wr0000gn/T//ccM8S64a.ltrans0.ltrans.o
 .text.master_matrix_handlers_master
                0x000033d2       0x38 /var/folders/f8/qwbwqdc504lddb_gqcxyf_wr0000gn/T//ccM8S64a.ltrans0.ltrans.o
 .text.eeconfig_init_quantum
                0x0000340a       0xd8 /var/folders/f8/qwbwqdc504lddb_gqcxyf_wr0000gn/T//ccM8S64a.ltrans0.ltrans.o
 .text.oneshot_set
                0x000034e2       0x2e /var/folders/f8/qwbwqdc504lddb_gqcxyf_wr0000gn/T//ccM8S64a.ltrans0.ltrans.o
 .text.__vector_11
                0x00003510       0x88 /var/folders/f8/qwbwqdc504lddb_gqcxyf_wr0000gn/T//ccM8S64a.ltrans0.ltrans.o
                0x00003510                __vector_11
 .text.__vector_10
                0x00003598      0x1b2 /var/folders/f8/qwbwqdc504lddb_gqcxyf_wr0000gn/T//ccM8S64a.ltrans0.ltrans.o
                0x00003598                __vector_10
 .text.__vector_21
                0x0000374a       0x48 /var/folders/f8/qwbwqdc504lddb_gqcxyf_wr0000gn/T//ccM8S64a.ltrans0.ltrans.o
                0x0000374a                __vector_21
 .text.timer_elapsed
                0x00003792       0x1e /var/folders/f8/qwbwqdc504lddb_gqcxyf_wr0000gn/T//ccM8S64a.ltrans0.ltrans.o
                0x00003792                timer_elapsed
 .text.timer_read
                0x000037b0       0x18 /var/folders/f8/qwbwqdc504lddb_gqcxyf_wr0000gn/T//ccM8S64a.ltrans0.ltrans.o
                0x000037b0                timer_read
 .text.perform_space_cadet.constprop.61
                0x000037c8       0xc0 /var/folders/f8/qwbwqdc504lddb_gqcxyf_wr0000gn/T//ccM8S64a.ltrans0.ltrans.o
 .text.caps_word_on
                0x00003888       0x28 /var/folders/f8/qwbwqdc504lddb_gqcxyf_wr0000gn/T//ccM8S64a.ltrans0.ltrans.o
 .text.matrix_scan
                0x000038b0      0x33c /var/folders/f8/qwbwqdc504lddb_gqcxyf_wr0000gn/T//ccM8S64a.ltrans0.ltrans.o
 .text.process_record
                0x00003bec      0x898 /var/folders/f8/qwbwqdc504lddb_gqcxyf_wr0000gn/T//ccM8S64a.ltrans0.ltrans.o
 .text.waiting_buffer_scan_tap
                0x00004484       0xb6 /var/folders/f8/qwbwqdc504lddb_gqcxyf_wr0000gn/T//ccM8S64a.ltrans0.ltrans.o
 .text.process_tapping
                0x0000453a      0x2b0 /var/folders/f8/qwbwqdc504lddb_gqcxyf_wr0000gn/T//ccM8S64a.ltrans0.ltrans.o
 .text.action_exec
                0x000047ea      0x11c /var/folders/f8/qwbwqdc504lddb_gqcxyf_wr0000gn/T//ccM8S64a.ltrans0.ltrans.o
 .text.generate_tick_event
                0x00004906       0x48 /var/folders/f8/qwbwqdc504lddb_gqcxyf_wr0000gn/T//ccM8S64a.ltrans0.ltrans.o
 .text.__vector_12
                0x0000494e       0x4e /var/folders/f8/qwbwqdc504lddb_gqcxyf_wr0000gn/T//ccM8S64a.ltrans0.ltrans.o
                0x0000494e                __vector_12
 .text.startup.main
                0x0000499c      0x8a4 /var/folders/f8/qwbwqdc504lddb_gqcxyf_wr0000gn/T//ccM8S64a.ltrans0.ltrans.o
                0x0000499c                main
 .text.i2c_init
                0x00005240        0xc .build/obj_lily58_r2g_paulomp90/i2c_master.a(i2c_master.o)
                0x00005240                i2c_init
 .text.i2c_start
                0x0000524c       0xd8 .build/obj_lily58_r2g_paulomp90/i2c_master.a(i2c_master.o)
                0x0000524c                i2c_start
 .text.i2c_write
                0x00005324       0x5c .build/obj_lily58_r2g_paulomp90/i2c_master.a(i2c_master.o)
                0x00005324                i2c_write
 .text.i2c_transmit
                0x00005380       0x42 .build/obj_lily58_r2g_paulomp90/i2c_master.a(i2c_master.o)
                0x00005380                i2c_transmit
 .text.i2c_writeReg
                0x000053c2       0x4e .build/obj_lily58_r2g_paulomp90/i2c_master.a(i2c_master.o)
                0x000053c2                i2c_writeReg
 .text.i2c_stop
                0x00005410        0x8 .build/obj_lily58_r2g_paulomp90/i2c_master.a(i2c_master.o)
                0x00005410                i2c_stop
 .text.sync_recv
                0x00005418       0x10 .build/obj_lily58_r2g_paulomp90/serial.a(serial.o)
 .text.sync_send
                0x00005428        0xc .build/obj_lily58_r2g_paulomp90/serial.a(serial.o)
 .text.serial_read_chunk.constprop.0
                0x00005434       0x58 .build/obj_lily58_r2g_paulomp90/serial.a(serial.o)
 .text.serial_recive_packet
                0x0000548c       0x40 .build/obj_lily58_r2g_paulomp90/serial.a(serial.o)
 .text.soft_serial_initiator_init
                0x000054cc        0x6 .build/obj_lily58_r2g_paulomp90/serial.a(serial.o)
                0x000054cc                soft_serial_initiator_init
 .text.soft_serial_target_init
                0x000054d2       0x12 .build/obj_lily58_r2g_paulomp90/serial.a(serial.o)
                0x000054d2                soft_serial_target_init
 .text.serial_write_chunk
                0x000054e4       0x42 .build/obj_lily58_r2g_paulomp90/serial.a(serial.o)
                0x000054e4                serial_write_chunk
 .text.serial_send_packet
                0x00005526       0x32 .build/obj_lily58_r2g_paulomp90/serial.a(serial.o)
 .text.__vector_3
                0x00005558      0x14c .build/obj_lily58_r2g_paulomp90/serial.a(serial.o)
                0x00005558                __vector_3
 .text.soft_serial_transaction
                0x000056a4       0xec .build/obj_lily58_r2g_paulomp90/serial.a(serial.o)
                0x000056a4                soft_serial_transaction
 .text.libgcc.div
                0x00005790       0x28 /opt/homebrew/Cellar/avr-gcc@8/8.5.0_1/lib/avr-gcc/8/gcc/avr/8.5.0/avr5/libgcc.a(_udivmodhi4.o)
                0x00005790                __udivmodhi4
 .text.libgcc.prologue
                0x000057b8       0x38 /opt/homebrew/Cellar/avr-gcc@8/8.5.0_1/lib/avr-gcc/8/gcc/avr/8.5.0/avr5/libgcc.a(_prologue.o)
                0x000057b8                __prologue_saves__
 .text.libgcc.prologue
                0x000057f0       0x36 /opt/homebrew/Cellar/avr-gcc@8/8.5.0_1/lib/avr-gcc/8/gcc/avr/8.5.0/avr5/libgcc.a(_epilogue.o)
                0x000057f0                __epilogue_restores__
 .text.libgcc.div
                0x00005826       0x18 /opt/homebrew/Cellar/avr-gcc@8/8.5.0_1/lib/avr-gcc/8/gcc/avr/8.5.0/avr5/libgcc.a(_udivmodqi4.o)
                0x00005826                __udivmodqi4
 .text.libgcc.div
                0x0000583e       0x44 /opt/homebrew/Cellar/avr-gcc@8/8.5.0_1/lib/avr-gcc/8/gcc/avr/8.5.0/avr5/libgcc.a(_udivmodsi4.o)
                0x0000583e                __udivmodsi4
 .text.libgcc.div
                0x00005882       0x2e /opt/homebrew/Cellar/avr-gcc@8/8.5.0_1/lib/avr-gcc/8/gcc/avr/8.5.0/avr5/libgcc.a(_divmodsi4.o)
                0x00005882                __divmodsi4
 .text.libgcc.div
                0x000058b0       0x10 /opt/homebrew/Cellar/avr-gcc@8/8.5.0_1/lib/avr-gcc/8/gcc/avr/8.5.0/avr5/libgcc.a(_negsi2.o)
                0x000058b0                __negsi2
 .text.libgcc   0x000058c0        0xc /opt/homebrew/Cellar/avr-gcc@8/8.5.0_1/lib/avr-gcc/8/gcc/avr/8.5.0/avr5/libgcc.a(_tablejump2.o)
                0x000058c0                __tablejump2__
 .text.avr-libc
                0x000058cc       0x12 /opt/homebrew/Cellar/avr-gcc@8/8.5.0_1/lib/avr-gcc/8/gcc/avr/8.5.0/../../../../../../avr/lib/avr5/libc.a(memcpy_P.o)
                0x000058cc                memcpy_P
 .text.avr-libc
                0x000058de       0x1a /opt/homebrew/Cellar/avr-gcc@8/8.5.0_1/lib/avr-gcc/8/gcc/avr/8.5.0/../../../../../../avr/lib/avr5/libc.a(memcmp.o)
                0x000058de                memcmp
 .text.avr-libc
                0x000058f8       0x12 /opt/homebrew/Cellar/avr-gcc@8/8.5.0_1/lib/avr-gcc/8/gcc/avr/8.5.0/../../../../../../avr/lib/avr5/libc.a(memcpy.o)
                0x000058f8                memcpy
 .text.avr-libc
                0x0000590a       0x20 /opt/homebrew/Cellar/avr-gcc@8/8.5.0_1/lib/avr-gcc/8/gcc/avr/8.5.0/../../../../../../avr/lib/avr5/libatmega32u4.a(eerd_block.o)
                0x0000590a                eeprom_read_block
                0x0000590e                eeprom_read_blraw
 .text.avr-libc
                0x0000592a       0x10 /opt/homebrew/Cellar/avr-gcc@8/8.5.0_1/lib/avr-gcc/8/gcc/avr/8.5.0/../../../../../../avr/lib/avr5/libatmega32u4.a(eerd_byte.o)
                0x0000592a                eeprom_read_byte
 .text.avr-libc
                0x0000593a        0xc /opt/homebrew/Cellar/avr-gcc@8/8.5.0_1/lib/avr-gcc/8/gcc/avr/8.5.0/../../../../../../avr/lib/avr5/libatmega32u4.a(eerd_word.o)
                0x0000593a                eeprom_read_word
 .text.avr-libc
                0x00005946       0x20 /opt/homebrew/Cellar/avr-gcc@8/8.5.0_1/lib/avr-gcc/8/gcc/avr/8.5.0/../../../../../../avr/lib/avr5/libatmega32u4.a(eeupd_block.o)
                0x00005946                eeprom_update_block
 .text.avr-libc
                0x00005966       0x24 /opt/homebrew/Cellar/avr-gcc@8/8.5.0_1/lib/avr-gcc/8/gcc/avr/8.5.0/../../../../../../avr/lib/avr5/libatmega32u4.a(eeupd_byte.o)
                0x00005966                eeprom_update_byte
                0x00005968                eeprom_update_r18
 .text.avr-libc
                0x0000598a       0x18 /opt/homebrew/Cellar/avr-gcc@8/8.5.0_1/lib/avr-gcc/8/gcc/avr/8.5.0/../../../../../../avr/lib/avr5/libatmega32u4.a(eeupd_dword.o)
                0x0000598a                eeprom_update_dword
                0x0000598a                eeprom_update_float
 .text.avr-libc
                0x000059a2        0xc /opt/homebrew/Cellar/avr-gcc@8/8.5.0_1/lib/avr-gcc/8/gcc/avr/8.5.0/../../../../../../avr/lib/avr5/libatmega32u4.a(eeupd_word.o)
                0x000059a2                eeprom_update_word
                0x000059ae                        . = ALIGN (0x2)
 *(.fini9)
 .fini9         0x000059ae        0x0 /opt/homebrew/Cellar/avr-gcc@8/8.5.0_1/lib/avr-gcc/8/gcc/avr/8.5.0/avr5/libgcc.a(_exit.o)
                0x000059ae                exit
                0x000059ae                _exit
 *(.fini9)
 *(.fini8)
 *(.fini8)
 *(.fini7)
 *(.fini7)
 *(.fini6)
 *(.fini6)
 *(.fini5)
 *(.fini5)
 *(.fini4)
 *(.fini4)
 *(.fini3)
 *(.fini3)
 *(.fini2)
 *(.fini2)
 *(.fini1)
 *(.fini1)
 *(.fini0)
 .fini0         0x000059ae        0x4 /opt/homebrew/Cellar/avr-gcc@8/8.5.0_1/lib/avr-gcc/8/gcc/avr/8.5.0/avr5/libgcc.a(_exit.o)
 *(.fini0)
 *(.hightext)
 *(.hightext*)
 *(.progmemx.*)
                0x000059b2                        . = ALIGN (0x2)
 *(.jumptables)
 *(.jumptables*)
 .jumptables.gcc.USB_Device_ProcessControlRequest
                0x000059b2       0x14 /var/folders/f8/qwbwqdc504lddb_gqcxyf_wr0000gn/T//ccM8S64a.ltrans0.ltrans.o
 .jumptables.gcc.rgb_task_render
                0x000059c6       0x16 /var/folders/f8/qwbwqdc504lddb_gqcxyf_wr0000gn/T//ccM8S64a.ltrans0.ltrans.o
 .jumptables.gcc.process_record
                0x000059dc       0x50 /var/folders/f8/qwbwqdc504lddb_gqcxyf_wr0000gn/T//ccM8S64a.ltrans0.ltrans.o
                0x00005a2c                        _etext = .

.data           0x00800100      0x1f0 load address 0x00005a2c
                0x00800100                        PROVIDE (__data_start = .)
 *(.data)
 *(.data*)
 .data.split_transaction_table
                0x00800100       0x28 /var/folders/f8/qwbwqdc504lddb_gqcxyf_wr0000gn/T//ccM8S64a.ltrans0.ltrans.o
                0x00800100                split_transaction_table
 .data.isLeftHand
                0x00800128        0x1 /var/folders/f8/qwbwqdc504lddb_gqcxyf_wr0000gn/T//ccM8S64a.ltrans0.ltrans.o
 .data.lufa_driver
                0x00800129        0x8 /var/folders/f8/qwbwqdc504lddb_gqcxyf_wr0000gn/T//ccM8S64a.ltrans0.ltrans.o
 .data.key_name_r2g
                0x00800131        0x1 /var/folders/f8/qwbwqdc504lddb_gqcxyf_wr0000gn/T//ccM8S64a.ltrans0.ltrans.o
 .data.display_start.2351
                0x00800132        0x7 /var/folders/f8/qwbwqdc504lddb_gqcxyf_wr0000gn/T//ccM8S64a.ltrans0.ltrans.o
 .data.rgb_last_enable
                0x00800139        0x1 /var/folders/f8/qwbwqdc504lddb_gqcxyf_wr0000gn/T//ccM8S64a.ltrans0.ltrans.o
 .data.rgb_last_effect
                0x0080013a        0x1 /var/folders/f8/qwbwqdc504lddb_gqcxyf_wr0000gn/T//ccM8S64a.ltrans0.ltrans.o
 .data.keyboard_protocol
                0x0080013b        0x1 /var/folders/f8/qwbwqdc504lddb_gqcxyf_wr0000gn/T//ccM8S64a.ltrans0.ltrans.o
 .data.rgb_effect_params
                0x0080013c        0x3 /var/folders/f8/qwbwqdc504lddb_gqcxyf_wr0000gn/T//ccM8S64a.ltrans0.ltrans.o
 .data.rgb_task_state
                0x0080013f        0x1 /var/folders/f8/qwbwqdc504lddb_gqcxyf_wr0000gn/T//ccM8S64a.ltrans0.ltrans.o
 *(.gnu.linkonce.d*)
 *(.rodata)
 .rodata        0x00800140        0x3 /var/folders/f8/qwbwqdc504lddb_gqcxyf_wr0000gn/T//ccM8S64a.ltrans0.ltrans.o
 *(.rodata*)
 .rodata.code_to_name_r2g
                0x00800143       0x3c /var/folders/f8/qwbwqdc504lddb_gqcxyf_wr0000gn/T//ccM8S64a.ltrans0.ltrans.o
 .rodata.CSWTCH.12
                0x0080017f        0x3 /var/folders/f8/qwbwqdc504lddb_gqcxyf_wr0000gn/T//ccM8S64a.ltrans0.ltrans.o
 .rodata.CSWTCH.13
                0x00800182       0x36 /var/folders/f8/qwbwqdc504lddb_gqcxyf_wr0000gn/T//ccM8S64a.ltrans0.ltrans.o
 .rodata.split_shmem
                0x008001b8        0x2 /var/folders/f8/qwbwqdc504lddb_gqcxyf_wr0000gn/T//ccM8S64a.ltrans0.ltrans.o
                0x008001b8                split_shmem
 .rodata.row_pins
                0x008001ba        0x5 /var/folders/f8/qwbwqdc504lddb_gqcxyf_wr0000gn/T//ccM8S64a.ltrans0.ltrans.o
 .rodata.col_pins
                0x008001bf        0x6 /var/folders/f8/qwbwqdc504lddb_gqcxyf_wr0000gn/T//ccM8S64a.ltrans0.ltrans.o
 .rodata.source_map.2352
                0x008001c5        0x4 /var/folders/f8/qwbwqdc504lddb_gqcxyf_wr0000gn/T//ccM8S64a.ltrans0.ltrans.o
 .rodata.target_map.2353
                0x008001c9        0x4 /var/folders/f8/qwbwqdc504lddb_gqcxyf_wr0000gn/T//ccM8S64a.ltrans0.ltrans.o
 .rodata.b_m16_interleave
                0x008001cd        0x8 /var/folders/f8/qwbwqdc504lddb_gqcxyf_wr0000gn/T//ccM8S64a.ltrans0.ltrans.o
 .rodata.g_led_config
                0x008001d5      0x11a /var/folders/f8/qwbwqdc504lddb_gqcxyf_wr0000gn/T//ccM8S64a.ltrans0.ltrans.o
 *(.gnu.linkonce.r*)
                0x008002f0                        . = ALIGN (0x2)
 *fill*         0x008002ef        0x1 
                0x008002f0                        _edata = .
                0x008002f0                        PROVIDE (__data_end = .)

.bss            0x008002f0      0x4a5
                0x008002f0                        PROVIDE (__bss_start = .)
 *(.bss)
 .bss           0x008002f0        0x2 .build/obj_lily58_r2g_paulomp90/platforms/avr/xprintf.o
                0x008002f0                xfunc_out
 *(.bss*)
 .bss.__compound_literal.0
                0x008002f2        0x8 /var/folders/f8/qwbwqdc504lddb_gqcxyf_wr0000gn/T//ccM8S64a.ltrans0.ltrans.o
 .bss.oneshot_locked_mods
                0x008002fa        0x1 /var/folders/f8/qwbwqdc504lddb_gqcxyf_wr0000gn/T//ccM8S64a.ltrans0.ltrans.o
 .bss.source_layers_cache
                0x008002fb       0x18 /var/folders/f8/qwbwqdc504lddb_gqcxyf_wr0000gn/T//ccM8S64a.ltrans0.ltrans.o
 .bss.tapping_key
                0x00800313        0x7 /var/folders/f8/qwbwqdc504lddb_gqcxyf_wr0000gn/T//ccM8S64a.ltrans0.ltrans.o
 .bss.oneshot_layer_data
                0x0080031a        0x1 /var/folders/f8/qwbwqdc504lddb_gqcxyf_wr0000gn/T//ccM8S64a.ltrans0.ltrans.o
 .bss.last_report.4022
                0x0080031b        0x8 /var/folders/f8/qwbwqdc504lddb_gqcxyf_wr0000gn/T//ccM8S64a.ltrans0.ltrans.o
 .bss.oneshot_mods
                0x00800323        0x1 /var/folders/f8/qwbwqdc504lddb_gqcxyf_wr0000gn/T//ccM8S64a.ltrans0.ltrans.o
 .bss.default_layer_state
                0x00800324        0x1 /var/folders/f8/qwbwqdc504lddb_gqcxyf_wr0000gn/T//ccM8S64a.ltrans0.ltrans.o
 .bss.last_tick.5037
                0x00800325        0x2 /var/folders/f8/qwbwqdc504lddb_gqcxyf_wr0000gn/T//ccM8S64a.ltrans0.ltrans.o
 .bss.debouncing_time
                0x00800327        0x2 /var/folders/f8/qwbwqdc504lddb_gqcxyf_wr0000gn/T//ccM8S64a.ltrans0.ltrans.o
 .bss.debouncing
                0x00800329        0x1 /var/folders/f8/qwbwqdc504lddb_gqcxyf_wr0000gn/T//ccM8S64a.ltrans0.ltrans.o
 .bss.connection_check_timer.4983
                0x0080032a        0x2 /var/folders/f8/qwbwqdc504lddb_gqcxyf_wr0000gn/T//ccM8S64a.ltrans0.ltrans.o
 .bss.last_sync_timer.5212
                0x0080032c        0x4 /var/folders/f8/qwbwqdc504lddb_gqcxyf_wr0000gn/T//ccM8S64a.ltrans0.ltrans.o
 .bss.last_connected.5164
                0x00800330        0x1 /var/folders/f8/qwbwqdc504lddb_gqcxyf_wr0000gn/T//ccM8S64a.ltrans0.ltrans.o
 .bss.usbstate.4969
                0x00800331        0x1 /var/folders/f8/qwbwqdc504lddb_gqcxyf_wr0000gn/T//ccM8S64a.ltrans0.ltrans.o
 .bss.last_matrix.5185
                0x00800332        0x5 /var/folders/f8/qwbwqdc504lddb_gqcxyf_wr0000gn/T//ccM8S64a.ltrans0.ltrans.o
 .bss.last_update.5184
                0x00800337        0x4 /var/folders/f8/qwbwqdc504lddb_gqcxyf_wr0000gn/T//ccM8S64a.ltrans0.ltrans.o
 .bss.last_update.5196
                0x0080033b        0x4 /var/folders/f8/qwbwqdc504lddb_gqcxyf_wr0000gn/T//ccM8S64a.ltrans0.ltrans.o
 .bss.shared_memory
                0x0080033f       0x18 /var/folders/f8/qwbwqdc504lddb_gqcxyf_wr0000gn/T//ccM8S64a.ltrans0.ltrans.o
 .bss.last_update.5205
                0x00800357        0x4 /var/folders/f8/qwbwqdc504lddb_gqcxyf_wr0000gn/T//ccM8S64a.ltrans0.ltrans.o
 .bss.last_update.5217
                0x0080035b        0x4 /var/folders/f8/qwbwqdc504lddb_gqcxyf_wr0000gn/T//ccM8S64a.ltrans0.ltrans.o
 .bss.connection_errors
                0x0080035f        0x1 /var/folders/f8/qwbwqdc504lddb_gqcxyf_wr0000gn/T//ccM8S64a.ltrans0.ltrans.o
 .bss.sync_timer_ms
                0x00800360        0x4 /var/folders/f8/qwbwqdc504lddb_gqcxyf_wr0000gn/T//ccM8S64a.ltrans0.ltrans.o
 .bss.raw_matrix
                0x00800364        0xa /var/folders/f8/qwbwqdc504lddb_gqcxyf_wr0000gn/T//ccM8S64a.ltrans0.ltrans.o
 .bss.thatHand  0x0080036e        0x1 /var/folders/f8/qwbwqdc504lddb_gqcxyf_wr0000gn/T//ccM8S64a.ltrans0.ltrans.o
 .bss.thisHand  0x0080036f        0x1 /var/folders/f8/qwbwqdc504lddb_gqcxyf_wr0000gn/T//ccM8S64a.ltrans0.ltrans.o
 .bss.keymap_config
                0x00800370        0x2 /var/folders/f8/qwbwqdc504lddb_gqcxyf_wr0000gn/T//ccM8S64a.ltrans0.ltrans.o
 .bss.matrix    0x00800372        0xa /var/folders/f8/qwbwqdc504lddb_gqcxyf_wr0000gn/T//ccM8S64a.ltrans0.ltrans.o
 .bss.debug_config
                0x0080037c        0x1 /var/folders/f8/qwbwqdc504lddb_gqcxyf_wr0000gn/T//ccM8S64a.ltrans0.ltrans.o
 .bss.matrix_previous.5044
                0x0080037d        0xa /var/folders/f8/qwbwqdc504lddb_gqcxyf_wr0000gn/T//ccM8S64a.ltrans0.ltrans.o
 .bss.keylog_str
                0x00800387       0x18 /var/folders/f8/qwbwqdc504lddb_gqcxyf_wr0000gn/T//ccM8S64a.ltrans0.ltrans.o
 .bss.keylogs_str
                0x0080039f       0x15 /var/folders/f8/qwbwqdc504lddb_gqcxyf_wr0000gn/T//ccM8S64a.ltrans0.ltrans.o
 .bss.layer_state
                0x008003b4        0x1 /var/folders/f8/qwbwqdc504lddb_gqcxyf_wr0000gn/T//ccM8S64a.ltrans0.ltrans.o
 .bss.last_keycode_r2g
                0x008003b5        0x2 /var/folders/f8/qwbwqdc504lddb_gqcxyf_wr0000gn/T//ccM8S64a.ltrans0.ltrans.o
 .bss.last_col_r2g
                0x008003b7        0x1 /var/folders/f8/qwbwqdc504lddb_gqcxyf_wr0000gn/T//ccM8S64a.ltrans0.ltrans.o
 .bss.last_row_r2g
                0x008003b8        0x1 /var/folders/f8/qwbwqdc504lddb_gqcxyf_wr0000gn/T//ccM8S64a.ltrans0.ltrans.o
 .bss.temp_buffer.2354
                0x008003b9       0x20 /var/folders/f8/qwbwqdc504lddb_gqcxyf_wr0000gn/T//ccM8S64a.ltrans0.ltrans.o
 .bss.oled_rotation
                0x008003d9        0x1 /var/folders/f8/qwbwqdc504lddb_gqcxyf_wr0000gn/T//ccM8S64a.ltrans0.ltrans.o
 .bss.oled_scrolling
                0x008003da        0x1 /var/folders/f8/qwbwqdc504lddb_gqcxyf_wr0000gn/T//ccM8S64a.ltrans0.ltrans.o
 .bss.oled_update_timeout
                0x008003db        0x2 /var/folders/f8/qwbwqdc504lddb_gqcxyf_wr0000gn/T//ccM8S64a.ltrans0.ltrans.o
 .bss.last_led_status.3387
                0x008003dd        0x1 /var/folders/f8/qwbwqdc504lddb_gqcxyf_wr0000gn/T//ccM8S64a.ltrans0.ltrans.o
 .bss.last_hit_buffer
                0x008003de       0x29 /var/folders/f8/qwbwqdc504lddb_gqcxyf_wr0000gn/T//ccM8S64a.ltrans0.ltrans.o
 .bss.rgb_timer_buffer
                0x00800407        0x4 /var/folders/f8/qwbwqdc504lddb_gqcxyf_wr0000gn/T//ccM8S64a.ltrans0.ltrans.o
 .bss.suspend_state
                0x0080040b        0x1 /var/folders/f8/qwbwqdc504lddb_gqcxyf_wr0000gn/T//ccM8S64a.ltrans0.ltrans.o
 .bss.rgb_matrix_ws2812_array
                0x0080040c       0xde /var/folders/f8/qwbwqdc504lddb_gqcxyf_wr0000gn/T//ccM8S64a.ltrans0.ltrans.o
 .bss.oled_timeout
                0x008004ea        0x4 /var/folders/f8/qwbwqdc504lddb_gqcxyf_wr0000gn/T//ccM8S64a.ltrans0.ltrans.o
 .bss.oled_active
                0x008004ee        0x1 /var/folders/f8/qwbwqdc504lddb_gqcxyf_wr0000gn/T//ccM8S64a.ltrans0.ltrans.o
 .bss.oled_initialized
                0x008004ef        0x1 /var/folders/f8/qwbwqdc504lddb_gqcxyf_wr0000gn/T//ccM8S64a.ltrans0.ltrans.o
 .bss.idle_timer
                0x008004f0        0x2 /var/folders/f8/qwbwqdc504lddb_gqcxyf_wr0000gn/T//ccM8S64a.ltrans0.ltrans.o
 .bss.weak_mods
                0x008004f2        0x1 /var/folders/f8/qwbwqdc504lddb_gqcxyf_wr0000gn/T//ccM8S64a.ltrans0.ltrans.o
 .bss.caps_word_active
                0x008004f3        0x1 /var/folders/f8/qwbwqdc504lddb_gqcxyf_wr0000gn/T//ccM8S64a.ltrans0.ltrans.o
 .bss.last_system_usage
                0x008004f4        0x2 /var/folders/f8/qwbwqdc504lddb_gqcxyf_wr0000gn/T//ccM8S64a.ltrans0.ltrans.o
 .bss.driver    0x008004f6        0x2 /var/folders/f8/qwbwqdc504lddb_gqcxyf_wr0000gn/T//ccM8S64a.ltrans0.ltrans.o
 .bss.last_consumer_usage
                0x008004f8        0x2 /var/folders/f8/qwbwqdc504lddb_gqcxyf_wr0000gn/T//ccM8S64a.ltrans0.ltrans.o
 .bss.wdt_timeout
                0x008004fa        0x1 /var/folders/f8/qwbwqdc504lddb_gqcxyf_wr0000gn/T//ccM8S64a.ltrans0.ltrans.o
 .bss.timer_count
                0x008004fb        0x4 /var/folders/f8/qwbwqdc504lddb_gqcxyf_wr0000gn/T//ccM8S64a.ltrans0.ltrans.o
 .bss.USB_IsInitialized
                0x008004ff        0x1 /var/folders/f8/qwbwqdc504lddb_gqcxyf_wr0000gn/T//ccM8S64a.ltrans0.ltrans.o
 .bss.real_mods
                0x00800500        0x1 /var/folders/f8/qwbwqdc504lddb_gqcxyf_wr0000gn/T//ccM8S64a.ltrans0.ltrans.o
 .bss.keyboard_idle
                0x00800501        0x1 /var/folders/f8/qwbwqdc504lddb_gqcxyf_wr0000gn/T//ccM8S64a.ltrans0.ltrans.o
 .bss.keyboard_led_state
                0x00800502        0x1 /var/folders/f8/qwbwqdc504lddb_gqcxyf_wr0000gn/T//ccM8S64a.ltrans0.ltrans.o
 .bss.keyboard_report_sent
                0x00800503        0x8 /var/folders/f8/qwbwqdc504lddb_gqcxyf_wr0000gn/T//ccM8S64a.ltrans0.ltrans.o
 .bss.USB_Device_CurrentlySelfPowered
                0x0080050b        0x1 /var/folders/f8/qwbwqdc504lddb_gqcxyf_wr0000gn/T//ccM8S64a.ltrans0.ltrans.o
 .bss.USB_Device_RemoteWakeupEnabled
                0x0080050c        0x1 /var/folders/f8/qwbwqdc504lddb_gqcxyf_wr0000gn/T//ccM8S64a.ltrans0.ltrans.o
 .bss.USB_DeviceState
                0x0080050d        0x1 /var/folders/f8/qwbwqdc504lddb_gqcxyf_wr0000gn/T//ccM8S64a.ltrans0.ltrans.o
 .bss.USB_Device_ConfigurationNumber
                0x0080050e        0x1 /var/folders/f8/qwbwqdc504lddb_gqcxyf_wr0000gn/T//ccM8S64a.ltrans0.ltrans.o
 .bss.USB_ControlRequest
                0x0080050f        0x8 /var/folders/f8/qwbwqdc504lddb_gqcxyf_wr0000gn/T//ccM8S64a.ltrans0.ltrans.o
 .bss.waiting_buffer_head
                0x00800517        0x1 /var/folders/f8/qwbwqdc504lddb_gqcxyf_wr0000gn/T//ccM8S64a.ltrans0.ltrans.o
 .bss.waiting_buffer
                0x00800518       0x38 /var/folders/f8/qwbwqdc504lddb_gqcxyf_wr0000gn/T//ccM8S64a.ltrans0.ltrans.o
 .bss.waiting_buffer_tail
                0x00800550        0x1 /var/folders/f8/qwbwqdc504lddb_gqcxyf_wr0000gn/T//ccM8S64a.ltrans0.ltrans.o
 .bss.g_rgb_timer
                0x00800551        0x4 /var/folders/f8/qwbwqdc504lddb_gqcxyf_wr0000gn/T//ccM8S64a.ltrans0.ltrans.o
 .bss.g_last_hit_tracker
                0x00800555       0x29 /var/folders/f8/qwbwqdc504lddb_gqcxyf_wr0000gn/T//ccM8S64a.ltrans0.ltrans.o
 .bss.sc_timer  0x0080057e        0x2 /var/folders/f8/qwbwqdc504lddb_gqcxyf_wr0000gn/T//ccM8S64a.ltrans0.ltrans.o
 .bss.sc_last   0x00800580        0x1 /var/folders/f8/qwbwqdc504lddb_gqcxyf_wr0000gn/T//ccM8S64a.ltrans0.ltrans.o
 .bss.dirty_rgb_matrix
                0x00800581        0x1 /var/folders/f8/qwbwqdc504lddb_gqcxyf_wr0000gn/T//ccM8S64a.ltrans0.ltrans.o
 .bss.rgb_matrix_config
                0x00800582        0x8 /var/folders/f8/qwbwqdc504lddb_gqcxyf_wr0000gn/T//ccM8S64a.ltrans0.ltrans.o
 .bss.oled_rotation_width
                0x0080058a        0x1 /var/folders/f8/qwbwqdc504lddb_gqcxyf_wr0000gn/T//ccM8S64a.ltrans0.ltrans.o
 .bss.oled_dirty
                0x0080058b        0x2 /var/folders/f8/qwbwqdc504lddb_gqcxyf_wr0000gn/T//ccM8S64a.ltrans0.ltrans.o
 .bss.oled_buffer
                0x0080058d      0x200 /var/folders/f8/qwbwqdc504lddb_gqcxyf_wr0000gn/T//ccM8S64a.ltrans0.ltrans.o
 .bss.oled_temp_buffer.2384
                0x0080078d        0x6 /var/folders/f8/qwbwqdc504lddb_gqcxyf_wr0000gn/T//ccM8S64a.ltrans0.ltrans.o
 .bss.oled_cursor
                0x00800793        0x2 /var/folders/f8/qwbwqdc504lddb_gqcxyf_wr0000gn/T//ccM8S64a.ltrans0.ltrans.o
 *(COMMON)
                0x00800795                        PROVIDE (__bss_end = .)
                0x00005a2c                        __data_load_start = LOADADDR (.data)
                0x00005c1c                        __data_load_end = (__data_load_start + SIZEOF (.data))

.noinit         0x00800795        0x4
                [!provide]                        PROVIDE (__noinit_start = .)
 *(.noinit .noinit.* .gnu.linkonce.n.*)
 .noinit        0x00800795        0x4 /var/folders/f8/qwbwqdc504lddb_gqcxyf_wr0000gn/T//ccM8S64a.ltrans0.ltrans.o
                [!provide]                        PROVIDE (__noinit_end = .)
                0x00800799                        _end = .
                [!provide]                        PROVIDE (__heap_start = .)

.eeprom         0x00810000        0x0
 *(.eeprom*)
                0x00810000                        __eeprom_end = .

.fuse
 *(.fuse)
 *(.lfuse)
 *(.hfuse)
 *(.efuse)

.lock
 *(.lock*)

.signature
 *(.signature*)

.stab
 *(.stab)

.stabstr
 *(.stabstr)

.stab.excl
 *(.stab.excl)

.stab.exclstr
 *(.stab.exclstr)

.stab.index
 *(.stab.index)

.stab.indexstr
 *(.stab.indexstr)

.comment        0x00000000       0x26
 *(.comment)
 .comment       0x00000000       0x27 /var/folders/f8/qwbwqdc504lddb_gqcxyf_wr0000gn/T//ccM8S64a.ltrans0.ltrans.o
 .comment       0x00000000       0x26 .build/obj_lily58_r2g_paulomp90/i2c_master.a(i2c_master.o)
                                 0x27 (size before relaxing)
 .comment       0x00000026       0x27 .build/obj_lily58_r2g_paulomp90/serial.a(serial.o)

.note.gnu.avr.deviceinfo
                0x00000000       0x40
 .note.gnu.avr.deviceinfo
                0x00000000       0x40 /opt/homebrew/Cellar/avr-gcc@8/8.5.0_1/lib/avr-gcc/8/gcc/avr/8.5.0/../../../../../../avr/lib/avr5/crtatmega32u4.o

.note.gnu.build-id
 *(.note.gnu.build-id)

.debug
 *(.debug)

.line
 *(.line)

.debug_srcinfo
 *(.debug_srcinfo)

.debug_sfnames
 *(.debug_sfnames)

.debug_aranges  0x00000000      0x610
 *(.debug_aranges)
 .debug_aranges
                0x00000000      0x3d0 /var/folders/f8/qwbwqdc504lddb_gqcxyf_wr0000gn/T//ccM8S64a.ltrans0.ltrans.o
 .debug_aranges
                0x000003d0       0x78 .build/obj_lily58_r2g_paulomp90/i2c_master.a(i2c_master.o)
 .debug_aranges
                0x00000448       0x68 .build/obj_lily58_r2g_paulomp90/serial.a(serial.o)
 .debug_aranges
                0x000004b0       0x20 /opt/homebrew/Cellar/avr-gcc@8/8.5.0_1/lib/avr-gcc/8/gcc/avr/8.5.0/avr5/libgcc.a(_udivmodhi4.o)
 .debug_aranges
                0x000004d0       0x20 /opt/homebrew/Cellar/avr-gcc@8/8.5.0_1/lib/avr-gcc/8/gcc/avr/8.5.0/avr5/libgcc.a(_exit.o)
 .debug_aranges
                0x000004f0       0x20 /opt/homebrew/Cellar/avr-gcc@8/8.5.0_1/lib/avr-gcc/8/gcc/avr/8.5.0/avr5/libgcc.a(_prologue.o)
 .debug_aranges
                0x00000510       0x20 /opt/homebrew/Cellar/avr-gcc@8/8.5.0_1/lib/avr-gcc/8/gcc/avr/8.5.0/avr5/libgcc.a(_epilogue.o)
 .debug_aranges
                0x00000530       0x20 /opt/homebrew/Cellar/avr-gcc@8/8.5.0_1/lib/avr-gcc/8/gcc/avr/8.5.0/avr5/libgcc.a(_udivmodqi4.o)
 .debug_aranges
                0x00000550       0x20 /opt/homebrew/Cellar/avr-gcc@8/8.5.0_1/lib/avr-gcc/8/gcc/avr/8.5.0/avr5/libgcc.a(_udivmodsi4.o)
 .debug_aranges
                0x00000570       0x20 /opt/homebrew/Cellar/avr-gcc@8/8.5.0_1/lib/avr-gcc/8/gcc/avr/8.5.0/avr5/libgcc.a(_divmodsi4.o)
 .debug_aranges
                0x00000590       0x20 /opt/homebrew/Cellar/avr-gcc@8/8.5.0_1/lib/avr-gcc/8/gcc/avr/8.5.0/avr5/libgcc.a(_negsi2.o)
 .debug_aranges
                0x000005b0       0x20 /opt/homebrew/Cellar/avr-gcc@8/8.5.0_1/lib/avr-gcc/8/gcc/avr/8.5.0/avr5/libgcc.a(_tablejump2.o)
 .debug_aranges
                0x000005d0       0x20 /opt/homebrew/Cellar/avr-gcc@8/8.5.0_1/lib/avr-gcc/8/gcc/avr/8.5.0/avr5/libgcc.a(_copy_data.o)
 .debug_aranges
                0x000005f0       0x20 /opt/homebrew/Cellar/avr-gcc@8/8.5.0_1/lib/avr-gcc/8/gcc/avr/8.5.0/avr5/libgcc.a(_clear_bss.o)

.debug_pubnames
 *(.debug_pubnames)

.debug_info     0x00000000    0x42995
 *(.debug_info .gnu.linkonce.wi.*)
 .debug_info    0x00000000      0x9f4 /opt/homebrew/Cellar/avr-gcc@8/8.5.0_1/lib/avr-gcc/8/gcc/avr/8.5.0/../../../../../../avr/lib/avr5/crtatmega32u4.o
 .debug_info    0x000009f4    0x34c44 /var/folders/f8/qwbwqdc504lddb_gqcxyf_wr0000gn/T//ccDFh4n4debugobj
                0x000009f4                rgb_state_reader.c.a0e4b5da
                0x00000a11                layer_state_reader.c.49506e68
                0x0000136e                logo_reader.c.d20e5cc9
                0x000013d4                keylogger.c.d29954b2
                0x0000177e                r2g.c.3ab36d48
                0x000025d5                default_keyboard.c.70558037
                0x00002e26                keymap_introspection.c.c99d02dc
                0x00005c5d                quantum.c.e8ea217e
                0x00008e31                bitwise.c.cac3923f
                0x00008ffa                led.c.355e670c
                0x000092ed                action.c.24b67825
                0x0000c974                action_layer.c.a52def22
                0x0000d958                action_tapping.c.b7a3c442
                0x00010185                action_util.c.0bfe264c
                0x000108df                eeconfig.c.d7a0c5f3
                0x00010b7f                keyboard.c.5ce107bf
                0x00011806                keymap_common.c.eb0f2de5
                0x0001499a                keycode_config.c.09f29ee7
                0x00016d2d                sync_timer.c.53251d7b
                0x00016e5e                debug.c.3ae98f63
                0x00016f68                sendchar.c.fecb44b7
                0x00016fef                magic.c.4635d956
                0x000172a5                matrix_common.c.1534a7b0
                0x00017fa4                matrix.c.d97228a5
                0x00018cbe                sym_defer_g.c.bd135bc5
                0x000195de                split_util.c.1c39ea7c
                0x0001a057                transport.c.549c1524
                0x0001abc0                transactions.c.ca7b0c4e
                0x0001bac1                main.c.5dcdb497
                0x0001bb40                color.c.7b8d599d
                0x0001bd5f                rgb_matrix.c.fa96d441
                0x0001db48                rgb_matrix_drivers.c.be6bb761
                0x0001e4af                lib8tion.c.d60bb087
                0x0001e5d4                process_rgb.c.3a6e5e8f
                0x00021222                ws2812_bitbang.c.7339de9e
                0x000213f9                led_tables.c.85090ee1
                0x00021486                crc.c.c48fbf4d
                0x00021584                oled_driver.c.df44e961
                0x00022166                send_string.c.70047f3e
                0x000249e7                process_caps_word.c.e588889c
                0x000277a6                caps_word.c.a7b47654
                0x00027990                process_space_cadet.c.39cccd1a
                0x0002a548                process_tri_layer.c.2c593200
                0x0002c903                tri_layer.c.ff5d568f
                0x0002ca33                printf.c.a6bac3f2
                0x0002cafa                host.c.d4644c96
                0x0002d136                report.c.b87b7a9b
                0x0002f70b                usb_device_state.c.e6afd27e
                0x0002f88a                usb_util.c.3aa76bfa
                0x000300f9                suspend.c.2d36b06d
                0x000301bd                synchronization_util.c.bd993847
                0x00030225                timer.c.031e07c6
                0x000302df                hardware_id.c.b39ebd85
                0x000303cd                platform.c.a9fbfe74
                0x00030442                suspend.c.543c85e4
                0x0003093e                timer.c.17789611
                0x00030b47                dfu.c.dbc854f9
                0x00030c71                lufa.c.b2f7c911
                0x00031eb9                usb_descriptor.c.c41655b0
                0x000327f7                HIDParser.c.177da1b6
                0x00032e6d                Device_AVR8.c.36e81661
                0x00032fd4                EndpointStream_AVR8.c.6b08e35e
                0x00033aee                Endpoint_AVR8.c.b027f7b4
                0x00033f25                Host_AVR8.c.52daf144
                0x00033f82                PipeStream_AVR8.c.7210cd19
                0x00033fdf                Pipe_AVR8.c.154a0dd2
                0x0003403c                USBController_AVR8.c.dd1f0cc8
                0x00034360                USBInterrupt_AVR8.c.ca936655
                0x000346f0                ConfigDescriptors.c.af77bc21
                0x00034a51                DeviceStandardReq.c.06b7600c
                0x00034ff4                Events.c.16185671
                0x000350ab                HostStandardReq.c.93e4ae36
                0x00035108                USBTask.c.615fb1b6
                0x000352ff                usb_util.c.1ed4bba9
 .debug_info    0x00035638     0xaf66 /var/folders/f8/qwbwqdc504lddb_gqcxyf_wr0000gn/T//ccM8S64a.ltrans0.ltrans.o
 .debug_info    0x0004059e      0xadf .build/obj_lily58_r2g_paulomp90/i2c_master.a(i2c_master.o)
 .debug_info    0x0004107d     0x1776 .build/obj_lily58_r2g_paulomp90/serial.a(serial.o)
 .debug_info    0x000427f3       0x26 /opt/homebrew/Cellar/avr-gcc@8/8.5.0_1/lib/avr-gcc/8/gcc/avr/8.5.0/avr5/libgcc.a(_udivmodhi4.o)
 .debug_info    0x00042819       0x26 /opt/homebrew/Cellar/avr-gcc@8/8.5.0_1/lib/avr-gcc/8/gcc/avr/8.5.0/avr5/libgcc.a(_exit.o)
 .debug_info    0x0004283f       0x26 /opt/homebrew/Cellar/avr-gcc@8/8.5.0_1/lib/avr-gcc/8/gcc/avr/8.5.0/avr5/libgcc.a(_prologue.o)
 .debug_info    0x00042865       0x26 /opt/homebrew/Cellar/avr-gcc@8/8.5.0_1/lib/avr-gcc/8/gcc/avr/8.5.0/avr5/libgcc.a(_epilogue.o)
 .debug_info    0x0004288b       0x26 /opt/homebrew/Cellar/avr-gcc@8/8.5.0_1/lib/avr-gcc/8/gcc/avr/8.5.0/avr5/libgcc.a(_udivmodqi4.o)
 .debug_info    0x000428b1       0x26 /opt/homebrew/Cellar/avr-gcc@8/8.5.0_1/lib/avr-gcc/8/gcc/avr/8.5.0/avr5/libgcc.a(_udivmodsi4.o)
 .debug_info    0x000428d7       0x26 /opt/homebrew/Cellar/avr-gcc@8/8.5.0_1/lib/avr-gcc/8/gcc/avr/8.5.0/avr5/libgcc.a(_divmodsi4.o)
 .debug_info    0x000428fd       0x26 /opt/homebrew/Cellar/avr-gcc@8/8.5.0_1/lib/avr-gcc/8/gcc/avr/8.5.0/avr5/libgcc.a(_negsi2.o)
 .debug_info    0x00042923       0x26 /opt/homebrew/Cellar/avr-gcc@8/8.5.0_1/lib/avr-gcc/8/gcc/avr/8.5.0/avr5/libgcc.a(_tablejump2.o)
 .debug_info    0x00042949       0x26 /opt/homebrew/Cellar/avr-gcc@8/8.5.0_1/lib/avr-gcc/8/gcc/avr/8.5.0/avr5/libgcc.a(_copy_data.o)
 .debug_info    0x0004296f       0x26 /opt/homebrew/Cellar/avr-gcc@8/8.5.0_1/lib/avr-gcc/8/gcc/avr/8.5.0/avr5/libgcc.a(_clear_bss.o)

.debug_abbrev   0x00000000     0x74c4
 *(.debug_abbrev)
 .debug_abbrev  0x00000000      0x96a /opt/homebrew/Cellar/avr-gcc@8/8.5.0_1/lib/avr-gcc/8/gcc/avr/8.5.0/../../../../../../avr/lib/avr5/crtatmega32u4.o
 .debug_abbrev  0x0000096a     0x6021 /var/folders/f8/qwbwqdc504lddb_gqcxyf_wr0000gn/T//ccDFh4n4debugobj
 .debug_abbrev  0x0000698b      0x395 /var/folders/f8/qwbwqdc504lddb_gqcxyf_wr0000gn/T//ccM8S64a.ltrans0.ltrans.o
 .debug_abbrev  0x00006d20      0x276 .build/obj_lily58_r2g_paulomp90/i2c_master.a(i2c_master.o)
 .debug_abbrev  0x00006f96      0x452 .build/obj_lily58_r2g_paulomp90/serial.a(serial.o)
 .debug_abbrev  0x000073e8       0x14 /opt/homebrew/Cellar/avr-gcc@8/8.5.0_1/lib/avr-gcc/8/gcc/avr/8.5.0/avr5/libgcc.a(_udivmodhi4.o)
 .debug_abbrev  0x000073fc       0x14 /opt/homebrew/Cellar/avr-gcc@8/8.5.0_1/lib/avr-gcc/8/gcc/avr/8.5.0/avr5/libgcc.a(_exit.o)
 .debug_abbrev  0x00007410       0x14 /opt/homebrew/Cellar/avr-gcc@8/8.5.0_1/lib/avr-gcc/8/gcc/avr/8.5.0/avr5/libgcc.a(_prologue.o)
 .debug_abbrev  0x00007424       0x14 /opt/homebrew/Cellar/avr-gcc@8/8.5.0_1/lib/avr-gcc/8/gcc/avr/8.5.0/avr5/libgcc.a(_epilogue.o)
 .debug_abbrev  0x00007438       0x14 /opt/homebrew/Cellar/avr-gcc@8/8.5.0_1/lib/avr-gcc/8/gcc/avr/8.5.0/avr5/libgcc.a(_udivmodqi4.o)
 .debug_abbrev  0x0000744c       0x14 /opt/homebrew/Cellar/avr-gcc@8/8.5.0_1/lib/avr-gcc/8/gcc/avr/8.5.0/avr5/libgcc.a(_udivmodsi4.o)
 .debug_abbrev  0x00007460       0x14 /opt/homebrew/Cellar/avr-gcc@8/8.5.0_1/lib/avr-gcc/8/gcc/avr/8.5.0/avr5/libgcc.a(_divmodsi4.o)
 .debug_abbrev  0x00007474       0x14 /opt/homebrew/Cellar/avr-gcc@8/8.5.0_1/lib/avr-gcc/8/gcc/avr/8.5.0/avr5/libgcc.a(_negsi2.o)
 .debug_abbrev  0x00007488       0x14 /opt/homebrew/Cellar/avr-gcc@8/8.5.0_1/lib/avr-gcc/8/gcc/avr/8.5.0/avr5/libgcc.a(_tablejump2.o)
 .debug_abbrev  0x0000749c       0x14 /opt/homebrew/Cellar/avr-gcc@8/8.5.0_1/lib/avr-gcc/8/gcc/avr/8.5.0/avr5/libgcc.a(_copy_data.o)
 .debug_abbrev  0x000074b0       0x14 /opt/homebrew/Cellar/avr-gcc@8/8.5.0_1/lib/avr-gcc/8/gcc/avr/8.5.0/avr5/libgcc.a(_clear_bss.o)

.debug_line     0x00000000    0x16ddf
 *(.debug_line .debug_line.* .debug_line_end)
 .debug_line    0x00000000       0x1d /opt/homebrew/Cellar/avr-gcc@8/8.5.0_1/lib/avr-gcc/8/gcc/avr/8.5.0/../../../../../../avr/lib/avr5/crtatmega32u4.o
 .debug_line    0x0000001d     0x6795 /var/folders/f8/qwbwqdc504lddb_gqcxyf_wr0000gn/T//ccDFh4n4debugobj
 .debug_line    0x000067b2     0xdc3c /var/folders/f8/qwbwqdc504lddb_gqcxyf_wr0000gn/T//ccM8S64a.ltrans0.ltrans.o
 .debug_line    0x000143ee      0xe8e .build/obj_lily58_r2g_paulomp90/i2c_master.a(i2c_master.o)
 .debug_line    0x0001527c     0x13c0 .build/obj_lily58_r2g_paulomp90/serial.a(serial.o)
 .debug_line    0x0001663c       0xcd /opt/homebrew/Cellar/avr-gcc@8/8.5.0_1/lib/avr-gcc/8/gcc/avr/8.5.0/avr5/libgcc.a(_udivmodhi4.o)
 .debug_line    0x00016709       0x61 /opt/homebrew/Cellar/avr-gcc@8/8.5.0_1/lib/avr-gcc/8/gcc/avr/8.5.0/avr5/libgcc.a(_exit.o)
 .debug_line    0x0001676a       0xfd /opt/homebrew/Cellar/avr-gcc@8/8.5.0_1/lib/avr-gcc/8/gcc/avr/8.5.0/avr5/libgcc.a(_prologue.o)
 .debug_line    0x00016867       0xf7 /opt/homebrew/Cellar/avr-gcc@8/8.5.0_1/lib/avr-gcc/8/gcc/avr/8.5.0/avr5/libgcc.a(_epilogue.o)
 .debug_line    0x0001695e       0x9d /opt/homebrew/Cellar/avr-gcc@8/8.5.0_1/lib/avr-gcc/8/gcc/avr/8.5.0/avr5/libgcc.a(_udivmodqi4.o)
 .debug_line    0x000169fb      0x121 /opt/homebrew/Cellar/avr-gcc@8/8.5.0_1/lib/avr-gcc/8/gcc/avr/8.5.0/avr5/libgcc.a(_udivmodsi4.o)
 .debug_line    0x00016b1c       0xcd /opt/homebrew/Cellar/avr-gcc@8/8.5.0_1/lib/avr-gcc/8/gcc/avr/8.5.0/avr5/libgcc.a(_divmodsi4.o)
 .debug_line    0x00016be9       0x61 /opt/homebrew/Cellar/avr-gcc@8/8.5.0_1/lib/avr-gcc/8/gcc/avr/8.5.0/avr5/libgcc.a(_negsi2.o)
 .debug_line    0x00016c4a       0x79 /opt/homebrew/Cellar/avr-gcc@8/8.5.0_1/lib/avr-gcc/8/gcc/avr/8.5.0/avr5/libgcc.a(_tablejump2.o)
 .debug_line    0x00016cc3       0x97 /opt/homebrew/Cellar/avr-gcc@8/8.5.0_1/lib/avr-gcc/8/gcc/avr/8.5.0/avr5/libgcc.a(_copy_data.o)
 .debug_line    0x00016d5a       0x85 /opt/homebrew/Cellar/avr-gcc@8/8.5.0_1/lib/avr-gcc/8/gcc/avr/8.5.0/avr5/libgcc.a(_clear_bss.o)

.debug_frame    0x00000000      0xef8
 *(.debug_frame)
 .debug_frame   0x00000000      0xbfc /var/folders/f8/qwbwqdc504lddb_gqcxyf_wr0000gn/T//ccM8S64a.ltrans0.ltrans.o
 .debug_frame   0x00000bfc      0x1a8 .build/obj_lily58_r2g_paulomp90/i2c_master.a(i2c_master.o)
 .debug_frame   0x00000da4      0x154 .build/obj_lily58_r2g_paulomp90/serial.a(serial.o)

.debug_str      0x00000000     0xbd6b
 *(.debug_str)
 .debug_str     0x00000000      0x371 /opt/homebrew/Cellar/avr-gcc@8/8.5.0_1/lib/avr-gcc/8/gcc/avr/8.5.0/../../../../../../avr/lib/avr5/crtatmega32u4.o
 .debug_str     0x00000371     0xad4a /var/folders/f8/qwbwqdc504lddb_gqcxyf_wr0000gn/T//ccDFh4n4debugobj
                              0x4932e (size before relaxing)
 .debug_str     0x0000b0bb      0x137 /var/folders/f8/qwbwqdc504lddb_gqcxyf_wr0000gn/T//ccM8S64a.ltrans0.ltrans.o
                                0x183 (size before relaxing)
 .debug_str     0x0000b1f2      0x2b0 .build/obj_lily58_r2g_paulomp90/i2c_master.a(i2c_master.o)
                                0x320 (size before relaxing)
 .debug_str     0x0000b4a2      0x845 .build/obj_lily58_r2g_paulomp90/serial.a(serial.o)
                                0xb7c (size before relaxing)
 .debug_str     0x0000bce7       0x84 /opt/homebrew/Cellar/avr-gcc@8/8.5.0_1/lib/avr-gcc/8/gcc/avr/8.5.0/avr5/libgcc.a(_udivmodhi4.o)
 .debug_str     0x0000bd6b       0x84 /opt/homebrew/Cellar/avr-gcc@8/8.5.0_1/lib/avr-gcc/8/gcc/avr/8.5.0/avr5/libgcc.a(_exit.o)
 .debug_str     0x0000bd6b       0x84 /opt/homebrew/Cellar/avr-gcc@8/8.5.0_1/lib/avr-gcc/8/gcc/avr/8.5.0/avr5/libgcc.a(_prologue.o)
 .debug_str     0x0000bd6b       0x84 /opt/homebrew/Cellar/avr-gcc@8/8.5.0_1/lib/avr-gcc/8/gcc/avr/8.5.0/avr5/libgcc.a(_epilogue.o)
 .debug_str     0x0000bd6b       0x84 /opt/homebrew/Cellar/avr-gcc@8/8.5.0_1/lib/avr-gcc/8/gcc/avr/8.5.0/avr5/libgcc.a(_udivmodqi4.o)
 .debug_str     0x0000bd6b       0x84 /opt/homebrew/Cellar/avr-gcc@8/8.5.0_1/lib/avr-gcc/8/gcc/avr/8.5.0/avr5/libgcc.a(_udivmodsi4.o)
 .debug_str     0x0000bd6b       0x84 /opt/homebrew/Cellar/avr-gcc@8/8.5.0_1/lib/avr-gcc/8/gcc/avr/8.5.0/avr5/libgcc.a(_divmodsi4.o)
 .debug_str     0x0000bd6b       0x84 /opt/homebrew/Cellar/avr-gcc@8/8.5.0_1/lib/avr-gcc/8/gcc/avr/8.5.0/avr5/libgcc.a(_negsi2.o)
 .debug_str     0x0000bd6b       0x84 /opt/homebrew/Cellar/avr-gcc@8/8.5.0_1/lib/avr-gcc/8/gcc/avr/8.5.0/avr5/libgcc.a(_tablejump2.o)
 .debug_str     0x0000bd6b       0x84 /opt/homebrew/Cellar/avr-gcc@8/8.5.0_1/lib/avr-gcc/8/gcc/avr/8.5.0/avr5/libgcc.a(_copy_data.o)
 .debug_str     0x0000bd6b       0x84 /opt/homebrew/Cellar/avr-gcc@8/8.5.0_1/lib/avr-gcc/8/gcc/avr/8.5.0/avr5/libgcc.a(_clear_bss.o)

.debug_loc      0x00000000     0xa91e
 *(.debug_loc)
 .debug_loc     0x00000000     0x90dd /var/folders/f8/qwbwqdc504lddb_gqcxyf_wr0000gn/T//ccM8S64a.ltrans0.ltrans.o
 .debug_loc     0x000090dd      0xd9c .build/obj_lily58_r2g_paulomp90/i2c_master.a(i2c_master.o)
 .debug_loc     0x00009e79      0xaa5 .build/obj_lily58_r2g_paulomp90/serial.a(serial.o)

.debug_macinfo
 *(.debug_macinfo)

.debug_weaknames
 *(.debug_weaknames)

.debug_funcnames
 *(.debug_funcnames)

.debug_typenames
 *(.debug_typenames)

.debug_varnames
 *(.debug_varnames)

.debug_pubtypes
 *(.debug_pubtypes)

.debug_ranges   0x00000000     0x2688
 *(.debug_ranges)
 .debug_ranges  0x00000000     0x2248 /var/folders/f8/qwbwqdc504lddb_gqcxyf_wr0000gn/T//ccM8S64a.ltrans0.ltrans.o
 .debug_ranges  0x00002248      0x120 .build/obj_lily58_r2g_paulomp90/i2c_master.a(i2c_master.o)
 .debug_ranges  0x00002368      0x320 .build/obj_lily58_r2g_paulomp90/serial.a(serial.o)

.debug_addr
 *(.debug_addr)

.debug_line_str
 *(.debug_line_str)

.debug_loclists
 *(.debug_loclists)

.debug_macro
 *(.debug_macro)

.debug_names
 *(.debug_names)

.debug_rnglists
 *(.debug_rnglists)

.debug_str_offsets
 *(.debug_str_offsets)

.debug_sup
 *(.debug_sup)
OUTPUT(.build/lily58_r2g_paulomp90.elf elf32-avr)
LOAD linker stubs

Cross Reference Table

Symbol                                            File
ALPHAS_MODS                                       .build/obj_lily58_r2g_paulomp90/quantum/rgb_matrix/rgb_matrix.o (symbol from plugin)
BREATHING                                         .build/obj_lily58_r2g_paulomp90/quantum/rgb_matrix/rgb_matrix.o (symbol from plugin)
CALLBACK_HIDParser_FilterHIDReportItem            .build/obj_lily58_r2g_paulomp90/lib/lufa/LUFA/Drivers/USB/Class/Common/HIDParser.o (symbol from plugin)
CALLBACK_USB_GetDescriptor                        .build/obj_lily58_r2g_paulomp90/lufa.o (symbol from plugin)
                                                  .build/obj_lily58_r2g_paulomp90/lib/lufa/LUFA/Drivers/USB/Core/DeviceStandardReq.o (symbol from plugin)
CIE1931_CURVE                                     .build/obj_lily58_r2g_paulomp90/quantum/led_tables.o (symbol from plugin)
                                                  .build/obj_lily58_r2g_paulomp90/quantum/color.o (symbol from plugin)
ConfigDescriptors.c.af77bc21                      /var/folders/f8/qwbwqdc504lddb_gqcxyf_wr0000gn/T//ccDFh4n4debugobj
ConfigurationDescriptor                           .build/obj_lily58_r2g_paulomp90/usb_descriptor.o (symbol from plugin)
DeviceDescriptor                                  .build/obj_lily58_r2g_paulomp90/usb_descriptor.o (symbol from plugin)
DeviceStandardReq.c.06b7600c                      /var/folders/f8/qwbwqdc504lddb_gqcxyf_wr0000gn/T//ccDFh4n4debugobj
                                                  /var/folders/f8/qwbwqdc504lddb_gqcxyf_wr0000gn/T//ccM8S64a.ltrans0.ltrans.o
Device_AVR8.c.36e81661                            /var/folders/f8/qwbwqdc504lddb_gqcxyf_wr0000gn/T//ccDFh4n4debugobj
                                                  /var/folders/f8/qwbwqdc504lddb_gqcxyf_wr0000gn/T//ccM8S64a.ltrans0.ltrans.o
EVENT_USB_Device_ConfigurationChanged             .build/obj_lily58_r2g_paulomp90/lufa.o (symbol from plugin)
                                                  .build/obj_lily58_r2g_paulomp90/lib/lufa/LUFA/Drivers/USB/Core/DeviceStandardReq.o (symbol from plugin)
EVENT_USB_Device_Connect                          .build/obj_lily58_r2g_paulomp90/lufa.o (symbol from plugin)
                                                  .build/obj_lily58_r2g_paulomp90/lib/lufa/LUFA/Drivers/USB/Core/AVR8/USBInterrupt_AVR8.o (symbol from plugin)
EVENT_USB_Device_ControlRequest                   .build/obj_lily58_r2g_paulomp90/lufa.o (symbol from plugin)
                                                  .build/obj_lily58_r2g_paulomp90/lib/lufa/LUFA/Drivers/USB/Core/DeviceStandardReq.o (symbol from plugin)
EVENT_USB_Device_Disconnect                       .build/obj_lily58_r2g_paulomp90/lufa.o (symbol from plugin)
                                                  .build/obj_lily58_r2g_paulomp90/lib/lufa/LUFA/Drivers/USB/Core/AVR8/USBInterrupt_AVR8.o (symbol from plugin)
EVENT_USB_Device_Reset                            .build/obj_lily58_r2g_paulomp90/lufa.o (symbol from plugin)
                                                  .build/obj_lily58_r2g_paulomp90/lib/lufa/LUFA/Drivers/USB/Core/AVR8/USBInterrupt_AVR8.o (symbol from plugin)
EVENT_USB_Device_StartOfFrame                     .build/obj_lily58_r2g_paulomp90/lib/lufa/LUFA/Drivers/USB/Core/Events.o (symbol from plugin)
                                                  .build/obj_lily58_r2g_paulomp90/lib/lufa/LUFA/Drivers/USB/Core/AVR8/USBInterrupt_AVR8.o (symbol from plugin)
EVENT_USB_Device_Suspend                          .build/obj_lily58_r2g_paulomp90/lufa.o (symbol from plugin)
                                                  .build/obj_lily58_r2g_paulomp90/lib/lufa/LUFA/Drivers/USB/Core/AVR8/USBInterrupt_AVR8.o (symbol from plugin)
EVENT_USB_Device_WakeUp                           .build/obj_lily58_r2g_paulomp90/lufa.o (symbol from plugin)
                                                  .build/obj_lily58_r2g_paulomp90/lib/lufa/LUFA/Drivers/USB/Core/AVR8/USBInterrupt_AVR8.o (symbol from plugin)
EndpointStream_AVR8.c.6b08e35e                    /var/folders/f8/qwbwqdc504lddb_gqcxyf_wr0000gn/T//ccDFh4n4debugobj
                                                  /var/folders/f8/qwbwqdc504lddb_gqcxyf_wr0000gn/T//ccM8S64a.ltrans0.ltrans.o
Endpoint_AVR8.c.b027f7b4                          /var/folders/f8/qwbwqdc504lddb_gqcxyf_wr0000gn/T//ccDFh4n4debugobj
                                                  /var/folders/f8/qwbwqdc504lddb_gqcxyf_wr0000gn/T//ccM8S64a.ltrans0.ltrans.o
Endpoint_ClearEndpoints                           .build/obj_lily58_r2g_paulomp90/lib/lufa/LUFA/Drivers/USB/Core/AVR8/Endpoint_AVR8.o (symbol from plugin)
Endpoint_ClearStatusStage                         .build/obj_lily58_r2g_paulomp90/lib/lufa/LUFA/Drivers/USB/Core/AVR8/Endpoint_AVR8.o (symbol from plugin)
                                                  .build/obj_lily58_r2g_paulomp90/lib/lufa/LUFA/Drivers/USB/Core/DeviceStandardReq.o (symbol from plugin)
                                                  .build/obj_lily58_r2g_paulomp90/lufa.o (symbol from plugin)
Endpoint_ConfigureEndpointTable                   .build/obj_lily58_r2g_paulomp90/lib/lufa/LUFA/Drivers/USB/Core/AVR8/Endpoint_AVR8.o (symbol from plugin)
Endpoint_ConfigureEndpoint_Prv                    .build/obj_lily58_r2g_paulomp90/lib/lufa/LUFA/Drivers/USB/Core/AVR8/Endpoint_AVR8.o (symbol from plugin)
                                                  .build/obj_lily58_r2g_paulomp90/lib/lufa/LUFA/Drivers/USB/Core/AVR8/USBInterrupt_AVR8.o (symbol from plugin)
                                                  .build/obj_lily58_r2g_paulomp90/lib/lufa/LUFA/Drivers/USB/Core/AVR8/USBController_AVR8.o (symbol from plugin)
                                                  .build/obj_lily58_r2g_paulomp90/lufa.o (symbol from plugin)
Endpoint_Discard_Stream                           .build/obj_lily58_r2g_paulomp90/lib/lufa/LUFA/Drivers/USB/Core/AVR8/EndpointStream_AVR8.o (symbol from plugin)
Endpoint_Null_Stream                              .build/obj_lily58_r2g_paulomp90/lib/lufa/LUFA/Drivers/USB/Core/AVR8/EndpointStream_AVR8.o (symbol from plugin)
Endpoint_Read_Control_EStream_BE                  .build/obj_lily58_r2g_paulomp90/lib/lufa/LUFA/Drivers/USB/Core/AVR8/EndpointStream_AVR8.o (symbol from plugin)
Endpoint_Read_Control_EStream_LE                  .build/obj_lily58_r2g_paulomp90/lib/lufa/LUFA/Drivers/USB/Core/AVR8/EndpointStream_AVR8.o (symbol from plugin)
Endpoint_Read_Control_Stream_BE                   .build/obj_lily58_r2g_paulomp90/lib/lufa/LUFA/Drivers/USB/Core/AVR8/EndpointStream_AVR8.o (symbol from plugin)
Endpoint_Read_Control_Stream_LE                   .build/obj_lily58_r2g_paulomp90/lib/lufa/LUFA/Drivers/USB/Core/AVR8/EndpointStream_AVR8.o (symbol from plugin)
Endpoint_Read_EStream_BE                          .build/obj_lily58_r2g_paulomp90/lib/lufa/LUFA/Drivers/USB/Core/AVR8/EndpointStream_AVR8.o (symbol from plugin)
Endpoint_Read_EStream_LE                          .build/obj_lily58_r2g_paulomp90/lib/lufa/LUFA/Drivers/USB/Core/AVR8/EndpointStream_AVR8.o (symbol from plugin)
Endpoint_Read_Stream_BE                           .build/obj_lily58_r2g_paulomp90/lib/lufa/LUFA/Drivers/USB/Core/AVR8/EndpointStream_AVR8.o (symbol from plugin)
Endpoint_Read_Stream_LE                           .build/obj_lily58_r2g_paulomp90/lib/lufa/LUFA/Drivers/USB/Core/AVR8/EndpointStream_AVR8.o (symbol from plugin)
Endpoint_WaitUntilReady                           .build/obj_lily58_r2g_paulomp90/lib/lufa/LUFA/Drivers/USB/Core/AVR8/Endpoint_AVR8.o (symbol from plugin)
                                                  .build/obj_lily58_r2g_paulomp90/lib/lufa/LUFA/Drivers/USB/Core/AVR8/EndpointStream_AVR8.o (symbol from plugin)
Endpoint_Write_Control_EStream_BE                 .build/obj_lily58_r2g_paulomp90/lib/lufa/LUFA/Drivers/USB/Core/AVR8/EndpointStream_AVR8.o (symbol from plugin)
Endpoint_Write_Control_EStream_LE                 .build/obj_lily58_r2g_paulomp90/lib/lufa/LUFA/Drivers/USB/Core/AVR8/EndpointStream_AVR8.o (symbol from plugin)
Endpoint_Write_Control_PStream_BE                 .build/obj_lily58_r2g_paulomp90/lib/lufa/LUFA/Drivers/USB/Core/AVR8/EndpointStream_AVR8.o (symbol from plugin)
Endpoint_Write_Control_PStream_LE                 .build/obj_lily58_r2g_paulomp90/lib/lufa/LUFA/Drivers/USB/Core/AVR8/EndpointStream_AVR8.o (symbol from plugin)
                                                  .build/obj_lily58_r2g_paulomp90/lib/lufa/LUFA/Drivers/USB/Core/DeviceStandardReq.o (symbol from plugin)
Endpoint_Write_Control_Stream_BE                  .build/obj_lily58_r2g_paulomp90/lib/lufa/LUFA/Drivers/USB/Core/AVR8/EndpointStream_AVR8.o (symbol from plugin)
Endpoint_Write_Control_Stream_LE                  .build/obj_lily58_r2g_paulomp90/lib/lufa/LUFA/Drivers/USB/Core/AVR8/EndpointStream_AVR8.o (symbol from plugin)
                                                  .build/obj_lily58_r2g_paulomp90/lib/lufa/LUFA/Drivers/USB/Core/DeviceStandardReq.o (symbol from plugin)
                                                  .build/obj_lily58_r2g_paulomp90/lufa.o (symbol from plugin)
Endpoint_Write_EStream_BE                         .build/obj_lily58_r2g_paulomp90/lib/lufa/LUFA/Drivers/USB/Core/AVR8/EndpointStream_AVR8.o (symbol from plugin)
Endpoint_Write_EStream_LE                         .build/obj_lily58_r2g_paulomp90/lib/lufa/LUFA/Drivers/USB/Core/AVR8/EndpointStream_AVR8.o (symbol from plugin)
Endpoint_Write_PStream_BE                         .build/obj_lily58_r2g_paulomp90/lib/lufa/LUFA/Drivers/USB/Core/AVR8/EndpointStream_AVR8.o (symbol from plugin)
Endpoint_Write_PStream_LE                         .build/obj_lily58_r2g_paulomp90/lib/lufa/LUFA/Drivers/USB/Core/AVR8/EndpointStream_AVR8.o (symbol from plugin)
Endpoint_Write_Stream_BE                          .build/obj_lily58_r2g_paulomp90/lib/lufa/LUFA/Drivers/USB/Core/AVR8/EndpointStream_AVR8.o (symbol from plugin)
Endpoint_Write_Stream_LE                          .build/obj_lily58_r2g_paulomp90/lib/lufa/LUFA/Drivers/USB/Core/AVR8/EndpointStream_AVR8.o (symbol from plugin)
                                                  .build/obj_lily58_r2g_paulomp90/lufa.o (symbol from plugin)
Events.c.16185671                                 /var/folders/f8/qwbwqdc504lddb_gqcxyf_wr0000gn/T//ccDFh4n4debugobj
                                                  /var/folders/f8/qwbwqdc504lddb_gqcxyf_wr0000gn/T//ccM8S64a.ltrans0.ltrans.o
GRADIENT_LEFT_RIGHT                               .build/obj_lily58_r2g_paulomp90/quantum/rgb_matrix/rgb_matrix.o (symbol from plugin)
GRADIENT_UP_DOWN                                  .build/obj_lily58_r2g_paulomp90/quantum/rgb_matrix/rgb_matrix.o (symbol from plugin)
HIDParser.c.177da1b6                              /var/folders/f8/qwbwqdc504lddb_gqcxyf_wr0000gn/T//ccDFh4n4debugobj
HUE_WAVE                                          .build/obj_lily58_r2g_paulomp90/quantum/rgb_matrix/rgb_matrix.o (symbol from plugin)
HostStandardReq.c.93e4ae36                        /var/folders/f8/qwbwqdc504lddb_gqcxyf_wr0000gn/T//ccDFh4n4debugobj
Host_AVR8.c.52daf144                              /var/folders/f8/qwbwqdc504lddb_gqcxyf_wr0000gn/T//ccDFh4n4debugobj
KeyboardReport                                    .build/obj_lily58_r2g_paulomp90/usb_descriptor.o (symbol from plugin)
LanguageString                                    .build/obj_lily58_r2g_paulomp90/usb_descriptor.o (symbol from plugin)
ManufacturerString                                .build/obj_lily58_r2g_paulomp90/usb_descriptor.o (symbol from plugin)
PipeStream_AVR8.c.7210cd19                        /var/folders/f8/qwbwqdc504lddb_gqcxyf_wr0000gn/T//ccDFh4n4debugobj
Pipe_AVR8.c.154a0dd2                              /var/folders/f8/qwbwqdc504lddb_gqcxyf_wr0000gn/T//ccDFh4n4debugobj
ProductString                                     .build/obj_lily58_r2g_paulomp90/usb_descriptor.o (symbol from plugin)
RAINBOW_BEACON                                    .build/obj_lily58_r2g_paulomp90/quantum/rgb_matrix/rgb_matrix.o (symbol from plugin)
RAINBOW_MOVING_CHEVRON                            .build/obj_lily58_r2g_paulomp90/quantum/rgb_matrix/rgb_matrix.o (symbol from plugin)
SOLID_COLOR                                       .build/obj_lily58_r2g_paulomp90/quantum/rgb_matrix/rgb_matrix.o (symbol from plugin)
SOLID_REACTIVE                                    .build/obj_lily58_r2g_paulomp90/quantum/rgb_matrix/rgb_matrix.o (symbol from plugin)
SOLID_REACTIVE_SIMPLE                             .build/obj_lily58_r2g_paulomp90/quantum/rgb_matrix/rgb_matrix.o (symbol from plugin)
SharedReport                                      .build/obj_lily58_r2g_paulomp90/usb_descriptor.o (symbol from plugin)
USBController_AVR8.c.dd1f0cc8                     /var/folders/f8/qwbwqdc504lddb_gqcxyf_wr0000gn/T//ccDFh4n4debugobj
                                                  /var/folders/f8/qwbwqdc504lddb_gqcxyf_wr0000gn/T//ccM8S64a.ltrans0.ltrans.o
USBInterrupt_AVR8.c.ca936655                      /var/folders/f8/qwbwqdc504lddb_gqcxyf_wr0000gn/T//ccDFh4n4debugobj
                                                  /var/folders/f8/qwbwqdc504lddb_gqcxyf_wr0000gn/T//ccM8S64a.ltrans0.ltrans.o
USBTask.c.615fb1b6                                /var/folders/f8/qwbwqdc504lddb_gqcxyf_wr0000gn/T//ccDFh4n4debugobj
                                                  /var/folders/f8/qwbwqdc504lddb_gqcxyf_wr0000gn/T//ccM8S64a.ltrans0.ltrans.o
USB_ControlRequest                                .build/obj_lily58_r2g_paulomp90/lib/lufa/LUFA/Drivers/USB/Core/USBTask.o (symbol from plugin)
                                                  .build/obj_lily58_r2g_paulomp90/lib/lufa/LUFA/Drivers/USB/Core/DeviceStandardReq.o (symbol from plugin)
                                                  .build/obj_lily58_r2g_paulomp90/lib/lufa/LUFA/Drivers/USB/Core/AVR8/Endpoint_AVR8.o (symbol from plugin)
                                                  .build/obj_lily58_r2g_paulomp90/lib/lufa/LUFA/Drivers/USB/Core/AVR8/EndpointStream_AVR8.o (symbol from plugin)
                                                  .build/obj_lily58_r2g_paulomp90/lufa.o (symbol from plugin)
USB_DeviceState                                   .build/obj_lily58_r2g_paulomp90/lib/lufa/LUFA/Drivers/USB/Core/USBTask.o (symbol from plugin)
                                                  .build/obj_lily58_r2g_paulomp90/protocol/lufa/usb_util.o (symbol from plugin)
                                                  .build/obj_lily58_r2g_paulomp90/lib/lufa/LUFA/Drivers/USB/Core/DeviceStandardReq.o (symbol from plugin)
                                                  .build/obj_lily58_r2g_paulomp90/lib/lufa/LUFA/Drivers/USB/Core/AVR8/USBInterrupt_AVR8.o (symbol from plugin)
                                                  .build/obj_lily58_r2g_paulomp90/lib/lufa/LUFA/Drivers/USB/Core/AVR8/USBController_AVR8.o (symbol from plugin)
                                                  .build/obj_lily58_r2g_paulomp90/lib/lufa/LUFA/Drivers/USB/Core/AVR8/Endpoint_AVR8.o (symbol from plugin)
                                                  .build/obj_lily58_r2g_paulomp90/lib/lufa/LUFA/Drivers/USB/Core/AVR8/EndpointStream_AVR8.o (symbol from plugin)
                                                  .build/obj_lily58_r2g_paulomp90/lufa.o (symbol from plugin)
                                                  .build/obj_lily58_r2g_paulomp90/platforms/avr/suspend.o (symbol from plugin)
USB_Device_ConfigurationNumber                    .build/obj_lily58_r2g_paulomp90/lib/lufa/LUFA/Drivers/USB/Core/DeviceStandardReq.o (symbol from plugin)
                                                  .build/obj_lily58_r2g_paulomp90/lib/lufa/LUFA/Drivers/USB/Core/AVR8/USBInterrupt_AVR8.o (symbol from plugin)
                                                  .build/obj_lily58_r2g_paulomp90/lib/lufa/LUFA/Drivers/USB/Core/AVR8/USBController_AVR8.o (symbol from plugin)
                                                  .build/obj_lily58_r2g_paulomp90/lufa.o (symbol from plugin)
USB_Device_CurrentlySelfPowered                   .build/obj_lily58_r2g_paulomp90/lib/lufa/LUFA/Drivers/USB/Core/DeviceStandardReq.o (symbol from plugin)
                                                  .build/obj_lily58_r2g_paulomp90/lib/lufa/LUFA/Drivers/USB/Core/AVR8/USBController_AVR8.o (symbol from plugin)
USB_Device_ProcessControlRequest                  .build/obj_lily58_r2g_paulomp90/lib/lufa/LUFA/Drivers/USB/Core/DeviceStandardReq.o (symbol from plugin)
                                                  .build/obj_lily58_r2g_paulomp90/lib/lufa/LUFA/Drivers/USB/Core/USBTask.o (symbol from plugin)
                                                  .build/obj_lily58_r2g_paulomp90/lib/lufa/LUFA/Drivers/USB/Core/AVR8/USBInterrupt_AVR8.o (symbol from plugin)
USB_Device_RemoteWakeupEnabled                    .build/obj_lily58_r2g_paulomp90/lib/lufa/LUFA/Drivers/USB/Core/DeviceStandardReq.o (symbol from plugin)
                                                  .build/obj_lily58_r2g_paulomp90/lib/lufa/LUFA/Drivers/USB/Core/AVR8/USBController_AVR8.o (symbol from plugin)
                                                  .build/obj_lily58_r2g_paulomp90/lufa.o (symbol from plugin)
USB_Device_SendRemoteWakeup                       .build/obj_lily58_r2g_paulomp90/lib/lufa/LUFA/Drivers/USB/Core/AVR8/Device_AVR8.o (symbol from plugin)
                                                  .build/obj_lily58_r2g_paulomp90/lufa.o (symbol from plugin)
USB_Disable                                       .build/obj_lily58_r2g_paulomp90/lib/lufa/LUFA/Drivers/USB/Core/AVR8/USBController_AVR8.o (symbol from plugin)
                                                  .build/obj_lily58_r2g_paulomp90/protocol/lufa/usb_util.o (symbol from plugin)
                                                  .build/obj_lily58_r2g_paulomp90/lufa.o (symbol from plugin)
USB_Event_Stub                                    .build/obj_lily58_r2g_paulomp90/lib/lufa/LUFA/Drivers/USB/Core/Events.o (symbol from plugin)
USB_Event_Stub_2                                  .build/obj_lily58_r2g_paulomp90/lib/lufa/LUFA/Drivers/USB/Core/Events.o (symbol from plugin)
USB_Event_Stub_3                                  .build/obj_lily58_r2g_paulomp90/lib/lufa/LUFA/Drivers/USB/Core/Events.o (symbol from plugin)
USB_GetHIDReportItemInfo                          .build/obj_lily58_r2g_paulomp90/lib/lufa/LUFA/Drivers/USB/Class/Common/HIDParser.o (symbol from plugin)
USB_GetHIDReportSize                              .build/obj_lily58_r2g_paulomp90/lib/lufa/LUFA/Drivers/USB/Class/Common/HIDParser.o (symbol from plugin)
USB_GetNextDescriptorComp                         .build/obj_lily58_r2g_paulomp90/lib/lufa/LUFA/Drivers/USB/Core/ConfigDescriptors.o (symbol from plugin)
USB_GetNextDescriptorOfType                       .build/obj_lily58_r2g_paulomp90/lib/lufa/LUFA/Drivers/USB/Core/ConfigDescriptors.o (symbol from plugin)
USB_GetNextDescriptorOfTypeAfter                  .build/obj_lily58_r2g_paulomp90/lib/lufa/LUFA/Drivers/USB/Core/ConfigDescriptors.o (symbol from plugin)
USB_GetNextDescriptorOfTypeBefore                 .build/obj_lily58_r2g_paulomp90/lib/lufa/LUFA/Drivers/USB/Core/ConfigDescriptors.o (symbol from plugin)
USB_INT_ClearAllInterrupts                        .build/obj_lily58_r2g_paulomp90/lib/lufa/LUFA/Drivers/USB/Core/AVR8/USBInterrupt_AVR8.o (symbol from plugin)
                                                  .build/obj_lily58_r2g_paulomp90/lib/lufa/LUFA/Drivers/USB/Core/AVR8/USBController_AVR8.o (symbol from plugin)
USB_INT_DisableAllInterrupts                      .build/obj_lily58_r2g_paulomp90/lib/lufa/LUFA/Drivers/USB/Core/AVR8/USBInterrupt_AVR8.o (symbol from plugin)
                                                  .build/obj_lily58_r2g_paulomp90/lib/lufa/LUFA/Drivers/USB/Core/AVR8/USBController_AVR8.o (symbol from plugin)