Archive member included to satisfy reference by file (symbol)

.build/obj_lily58_r2g_paulomp90/i2c_master.a(i2c_master.o)
                              .build/obj_lily58_r2g_paulomp90/oled_driver.o (symbol from plugin) (i2c_init)
.build/obj_lily58_r2g_paulomp90/serial.a(serial.o)
                              .build/obj_lily58_r2g_paulomp90/quantum/split_common/transport.o (symbol from plugin) (soft_serial_initiator_init)
/opt/homebrew/Cellar/avr-gcc@8/8.5.0_2/lib/avr-gcc/8/gcc/avr/8.5.0/avr5/libgcc.a(_udivmodhi4.o)
                              .build/obj_lily58_r2g_paulomp90/i2c_master.a(i2c_master.o) (__udivmodhi4)
/opt/homebrew/Cellar/avr-gcc@8/8.5.0_2/lib/avr-gcc/8/gcc/avr/8.5.0/avr5/libgcc.a(_exit.o)
                              /opt/homebrew/Cellar/avr-gcc@8/8.5.0_2/lib/avr-gcc/8/gcc/avr/8.5.0/../../../../../../avr/lib/avr5/crtatmega32u4.o (exit)
/opt/homebrew/Cellar/avr-gcc@8/8.5.0_2/lib/avr-gcc/8/gcc/avr/8.5.0/avr5/libgcc.a(_prologue.o)
                              .build/obj_lily58_r2g_paulomp90/i2c_master.a(i2c_master.o) (__prologue_saves__)
/opt/homebrew/Cellar/avr-gcc@8/8.5.0_2/lib/avr-gcc/8/gcc/avr/8.5.0/avr5/libgcc.a(_epilogue.o)
                              .build/obj_lily58_r2g_paulomp90/i2c_master.a(i2c_master.o) (__epilogue_restores__)
/opt/homebrew/Cellar/avr-gcc@8/8.5.0_2/lib/avr-gcc/8/gcc/avr/8.5.0/../../../../../../avr/lib/avr5/libc.a(memcpy_P.o)
                              .build/obj_lily58_r2g_paulomp90/oled_driver.o (symbol from plugin) (memcpy_P)
/opt/homebrew/Cellar/avr-gcc@8/8.5.0_2/lib/avr-gcc/8/gcc/avr/8.5.0/../../../../../../avr/lib/avr5/libatmega32u4.a(eerd_block.o)
                              .build/obj_lily58_r2g_paulomp90/quantum/rgb_matrix/rgb_matrix.o (symbol from plugin) (eeprom_read_block)
/opt/homebrew/Cellar/avr-gcc@8/8.5.0_2/lib/avr-gcc/8/gcc/avr/8.5.0/../../../../../../avr/lib/avr5/libatmega32u4.a(eerd_byte.o)
                              .build/obj_lily58_r2g_paulomp90/quantum/eeconfig.o (symbol from plugin) (eeprom_read_byte)
/opt/homebrew/Cellar/avr-gcc@8/8.5.0_2/lib/avr-gcc/8/gcc/avr/8.5.0/../../../../../../avr/lib/avr5/libatmega32u4.a(eerd_dword.o)
                              .build/obj_lily58_r2g_paulomp90/quantum/eeconfig.o (symbol from plugin) (eeprom_read_dword)
/opt/homebrew/Cellar/avr-gcc@8/8.5.0_2/lib/avr-gcc/8/gcc/avr/8.5.0/../../../../../../avr/lib/avr5/libatmega32u4.a(eerd_word.o)
                              .build/obj_lily58_r2g_paulomp90/quantum/eeconfig.o (symbol from plugin) (eeprom_read_word)
/opt/homebrew/Cellar/avr-gcc@8/8.5.0_2/lib/avr-gcc/8/gcc/avr/8.5.0/../../../../../../avr/lib/avr5/libatmega32u4.a(eeupd_block.o)
                              .build/obj_lily58_r2g_paulomp90/quantum/eeconfig.o (symbol from plugin) (eeprom_update_block)
/opt/homebrew/Cellar/avr-gcc@8/8.5.0_2/lib/avr-gcc/8/gcc/avr/8.5.0/../../../../../../avr/lib/avr5/libatmega32u4.a(eeupd_byte.o)
                              .build/obj_lily58_r2g_paulomp90/quantum/eeconfig.o (symbol from plugin) (eeprom_update_byte)
/opt/homebrew/Cellar/avr-gcc@8/8.5.0_2/lib/avr-gcc/8/gcc/avr/8.5.0/../../../../../../avr/lib/avr5/libatmega32u4.a(eeupd_dword.o)
                              .build/obj_lily58_r2g_paulomp90/quantum/eeconfig.o (symbol from plugin) (eeprom_update_dword)
/opt/homebrew/Cellar/avr-gcc@8/8.5.0_2/lib/avr-gcc/8/gcc/avr/8.5.0/../../../../../../avr/lib/avr5/libatmega32u4.a(eeupd_word.o)
                              .build/obj_lily58_r2g_paulomp90/quantum/eeconfig.o (symbol from plugin) (eeprom_update_word)
/opt/homebrew/Cellar/avr-gcc@8/8.5.0_2/lib/avr-gcc/8/gcc/avr/8.5.0/avr5/libgcc.a(_udivmodqi4.o)
                              /var/folders/f8/qwbwqdc504lddb_gqcxyf_wr0000gn/T//cc24TX6P.ltrans0.ltrans.o (__udivmodqi4)
/opt/homebrew/Cellar/avr-gcc@8/8.5.0_2/lib/avr-gcc/8/gcc/avr/8.5.0/avr5/libgcc.a(_udivmodsi4.o)
                              /var/folders/f8/qwbwqdc504lddb_gqcxyf_wr0000gn/T//cc24TX6P.ltrans0.ltrans.o (__udivmodsi4)
/opt/homebrew/Cellar/avr-gcc@8/8.5.0_2/lib/avr-gcc/8/gcc/avr/8.5.0/avr5/libgcc.a(_divmodsi4.o)
                              /var/folders/f8/qwbwqdc504lddb_gqcxyf_wr0000gn/T//cc24TX6P.ltrans0.ltrans.o (__divmodsi4)
/opt/homebrew/Cellar/avr-gcc@8/8.5.0_2/lib/avr-gcc/8/gcc/avr/8.5.0/avr5/libgcc.a(_negsi2.o)
                              /opt/homebrew/Cellar/avr-gcc@8/8.5.0_2/lib/avr-gcc/8/gcc/avr/8.5.0/avr5/libgcc.a(_divmodsi4.o) (__negsi2)
/opt/homebrew/Cellar/avr-gcc@8/8.5.0_2/lib/avr-gcc/8/gcc/avr/8.5.0/avr5/libgcc.a(_tablejump2.o)
                              /var/folders/f8/qwbwqdc504lddb_gqcxyf_wr0000gn/T//cc24TX6P.ltrans0.ltrans.o (__tablejump2__)
/opt/homebrew/Cellar/avr-gcc@8/8.5.0_2/lib/avr-gcc/8/gcc/avr/8.5.0/avr5/libgcc.a(_copy_data.o)
                              /var/folders/f8/qwbwqdc504lddb_gqcxyf_wr0000gn/T//cc24TX6P.ltrans0.ltrans.o (__do_copy_data)
/opt/homebrew/Cellar/avr-gcc@8/8.5.0_2/lib/avr-gcc/8/gcc/avr/8.5.0/avr5/libgcc.a(_clear_bss.o)
[...]
Memory Configuration

Name             Origin             Length             Attributes
text             0x00000000         0x00020000         xr
data             0x00800060         0x0000ffa0         rw!x
eeprom           0x00810000         0x00010000         rw!x
fuse             0x00820000         0x00000003         rw!x
lock             0x00830000         0x00000400         rw!x
signature        0x00840000         0x00000400         rw!x
user_signatures  0x00850000         0x00000400         rw!x
*default*        0x00000000         0xffffffff

Linker script and memory map

Address of section .data set to 0x800100
LOAD /opt/homebrew/Cellar/avr-gcc@8/8.5.0_2/lib/avr-gcc/8/gcc/avr/8.5.0/../../../../../../avr/lib/avr5/crtatmega32u4.o
LOAD .build/obj_lily58_r2g_paulomp90/./lib/rgb_state_reader.o
LOAD /var/folders/f8/qwbwqdc504lddb_gqcxyf_wr0000gn/T//ccSulx08debugobj
LOAD /var/folders/f8/qwbwqdc504lddb_gqcxyf_wr0000gn/T//cc24TX6P.ltrans0.ltrans.o
LOAD .build/obj_lily58_r2g_paulomp90/./lib/layer_state_reader.o
LOAD .build/obj_lily58_r2g_paulomp90/./lib/logo_reader.o
LOAD .build/obj_lily58_r2g_paulomp90/./lib/keylogger.o
LOAD .build/obj_lily58_r2g_paulomp90/keyboards/lily58/r2g/r2g.o
LOAD .build/obj_lily58_r2g_paulomp90/.build/obj_lily58_r2g_paulomp90/src/default_keyboard.o
LOAD .build/obj_lily58_r2g_paulomp90/quantum/keymap_introspection.o
LOAD .build/obj_lily58_r2g_paulomp90/quantum/quantum.o
LOAD .build/obj_lily58_r2g_paulomp90/quantum/bitwise.o
LOAD .build/obj_lily58_r2g_paulomp90/quantum/led.o
LOAD .build/obj_lily58_r2g_paulomp90/quantum/action.o
LOAD .build/obj_lily58_r2g_paulomp90/quantum/action_layer.o
LOAD .build/obj_lily58_r2g_paulomp90/quantum/action_tapping.o
LOAD .build/obj_lily58_r2g_paulomp90/quantum/action_util.o
LOAD .build/obj_lily58_r2g_paulomp90/quantum/eeconfig.o
LOAD .build/obj_lily58_r2g_paulomp90/quantum/keyboard.o
LOAD .build/obj_lily58_r2g_paulomp90/quantum/keymap_common.o
LOAD .build/obj_lily58_r2g_paulomp90/quantum/keycode_config.o
LOAD .build/obj_lily58_r2g_paulomp90/quantum/sync_timer.o
LOAD .build/obj_lily58_r2g_paulomp90/quantum/logging/debug.o
LOAD .build/obj_lily58_r2g_paulomp90/quantum/logging/sendchar.o
LOAD .build/obj_lily58_r2g_paulomp90/quantum/matrix_common.o
LOAD .build/obj_lily58_r2g_paulomp90/quantum/matrix.o
LOAD .build/obj_lily58_r2g_paulomp90/quantum/debounce/sym_defer_g.o
LOAD .build/obj_lily58_r2g_paulomp90/quantum/split_common/split_util.o
LOAD .build/obj_lily58_r2g_paulomp90/quantum/split_common/transport.o
LOAD .build/obj_lily58_r2g_paulomp90/quantum/split_common/transactions.o
LOAD .build/obj_lily58_r2g_paulomp90/quantum/main.o
LOAD .build/obj_lily58_r2g_paulomp90/platforms/avr/xprintf.o
LOAD .build/obj_lily58_r2g_paulomp90/platforms/avr/printf.o
LOAD .build/obj_lily58_r2g_paulomp90/quantum/color.o
LOAD .build/obj_lily58_r2g_paulomp90/quantum/rgb_matrix/rgb_matrix.o
LOAD .build/obj_lily58_r2g_paulomp90/quantum/rgb_matrix/rgb_matrix_drivers.o
LOAD .build/obj_lily58_r2g_paulomp90/quantum/process_keycode/process_rgb.o
LOAD .build/obj_lily58_r2g_paulomp90/quantum/led_tables.o
LOAD .build/obj_lily58_r2g_paulomp90/lib/lib8tion/lib8tion.o
LOAD .build/obj_lily58_r2g_paulomp90/oled_driver.o
LOAD .build/obj_lily58_r2g_paulomp90/ws2812_bitbang.o
LOAD .build/obj_lily58_r2g_paulomp90/quantum/process_keycode/process_caps_word.o
LOAD .build/obj_lily58_r2g_paulomp90/quantum/caps_word.o
LOAD .build/obj_lily58_r2g_paulomp90/quantum/crc.o
LOAD .build/obj_lily58_r2g_paulomp90/quantum/process_keycode/process_repeat_key.o
LOAD .build/obj_lily58_r2g_paulomp90/quantum/repeat_key.o
LOAD .build/obj_lily58_r2g_paulomp90/quantum/send_string/send_string.o
LOAD .build/obj_lily58_r2g_paulomp90/quantum/process_keycode/process_space_cadet.o
LOAD .build/obj_lily58_r2g_paulomp90/quantum/process_keycode/process_tri_layer.o
LOAD .build/obj_lily58_r2g_paulomp90/quantum/tri_layer.o
LOAD .build/obj_lily58_r2g_paulomp90/protocol/host.o
LOAD .build/obj_lily58_r2g_paulomp90/protocol/report.o
LOAD .build/obj_lily58_r2g_paulomp90/protocol/usb_device_state.o
LOAD .build/obj_lily58_r2g_paulomp90/protocol/usb_util.o
LOAD .build/obj_lily58_r2g_paulomp90/platforms/suspend.o
LOAD .build/obj_lily58_r2g_paulomp90/platforms/synchronization_util.o
LOAD .build/obj_lily58_r2g_paulomp90/platforms/timer.o
LOAD .build/obj_lily58_r2g_paulomp90/platforms/avr/hardware_id.o
LOAD .build/obj_lily58_r2g_paulomp90/platforms/avr/platform.o
LOAD .build/obj_lily58_r2g_paulomp90/platforms/avr/suspend.o
LOAD .build/obj_lily58_r2g_paulomp90/platforms/avr/timer.o
LOAD .build/obj_lily58_r2g_paulomp90/platforms/avr/bootloaders/dfu.o
LOAD .build/obj_lily58_r2g_paulomp90/i2c_master.a
LOAD .build/obj_lily58_r2g_paulomp90/i2c_slave.a
LOAD .build/obj_lily58_r2g_paulomp90/serial.a
LOAD .build/obj_lily58_r2g_paulomp90/lufa.o
LOAD .build/obj_lily58_r2g_paulomp90/usb_descriptor.o
LOAD .build/obj_lily58_r2g_paulomp90/lib/lufa/LUFA/Drivers/USB/Class/Common/HIDParser.o
LOAD .build/obj_lily58_r2g_paulomp90/lib/lufa/LUFA/Drivers/USB/Core/AVR8/Device_AVR8.o
LOAD .build/obj_lily58_r2g_paulomp90/lib/lufa/LUFA/Drivers/USB/Core/AVR8/EndpointStream_AVR8.o
LOAD .build/obj_lily58_r2g_paulomp90/lib/lufa/LUFA/Drivers/USB/Core/AVR8/Endpoint_AVR8.o
LOAD .build/obj_lily58_r2g_paulomp90/lib/lufa/LUFA/Drivers/USB/Core/AVR8/Host_AVR8.o
LOAD .build/obj_lily58_r2g_paulomp90/lib/lufa/LUFA/Drivers/USB/Core/AVR8/PipeStream_AVR8.o
LOAD .build/obj_lily58_r2g_paulomp90/lib/lufa/LUFA/Drivers/USB/Core/AVR8/Pipe_AVR8.o
LOAD .build/obj_lily58_r2g_paulomp90/lib/lufa/LUFA/Drivers/USB/Core/AVR8/USBController_AVR8.o
LOAD .build/obj_lily58_r2g_paulomp90/lib/lufa/LUFA/Drivers/USB/Core/AVR8/USBInterrupt_AVR8.o
LOAD .build/obj_lily58_r2g_paulomp90/lib/lufa/LUFA/Drivers/USB/Core/ConfigDescriptors.o
LOAD .build/obj_lily58_r2g_paulomp90/lib/lufa/LUFA/Drivers/USB/Core/DeviceStandardReq.o
LOAD .build/obj_lily58_r2g_paulomp90/lib/lufa/LUFA/Drivers/USB/Core/Events.o
LOAD .build/obj_lily58_r2g_paulomp90/lib/lufa/LUFA/Drivers/USB/Core/HostStandardReq.o
LOAD .build/obj_lily58_r2g_paulomp90/lib/lufa/LUFA/Drivers/USB/Core/USBTask.o
LOAD .build/obj_lily58_r2g_paulomp90/protocol/lufa/usb_util.o
LOAD /opt/homebrew/Cellar/avr-gcc@8/8.5.0_2/lib/avr-gcc/8/gcc/avr/8.5.0/../../../../../../avr/lib/avr5/libm.a
START GROUP
LOAD /opt/homebrew/Cellar/avr-gcc@8/8.5.0_2/lib/avr-gcc/8/gcc/avr/8.5.0/avr5/libgcc.a
LOAD /opt/homebrew/Cellar/avr-gcc@8/8.5.0_2/lib/avr-gcc/8/gcc/avr/8.5.0/../../../../../../avr/lib/avr5/libm.a
LOAD /opt/homebrew/Cellar/avr-gcc@8/8.5.0_2/lib/avr-gcc/8/gcc/avr/8.5.0/../../../../../../avr/lib/avr5/libc.a
LOAD /opt/homebrew/Cellar/avr-gcc@8/8.5.0_2/lib/avr-gcc/8/gcc/avr/8.5.0/../../../../../../avr/lib/avr5/libatmega32u4.a
END GROUP
                0x00000000                        __TEXT_REGION_ORIGIN__ = DEFINED (__TEXT_REGION_ORIGIN__)?__TEXT_REGION_ORIGIN__:0x0
                0x00020000                        __TEXT_REGION_LENGTH__ = DEFINED (__TEXT_REGION_LENGTH__)?__TEXT_REGION_LENGTH__:0x20000
                0x00800060                        __DATA_REGION_ORIGIN__ = DEFINED (__DATA_REGION_ORIGIN__)?__DATA_REGION_ORIGIN__:0x800060
                0x0000ffa0                        __DATA_REGION_LENGTH__ = DEFINED (__DATA_REGION_LENGTH__)?__DATA_REGION_LENGTH__:0xffa0
                0x00010000                        __EEPROM_REGION_LENGTH__ = DEFINED (__EEPROM_REGION_LENGTH__)?__EEPROM_REGION_LENGTH__:0x10000
                [0x00000003]                      __FUSE_REGION_LENGTH__ = DEFINED (__FUSE_REGION_LENGTH__)?__FUSE_REGION_LENGTH__:0x400
                0x00000400                        __LOCK_REGION_LENGTH__ = DEFINED (__LOCK_REGION_LENGTH__)?__LOCK_REGION_LENGTH__:0x400
                0x00000400                        __SIGNATURE_REGION_LENGTH__ = DEFINED (__SIGNATURE_REGION_LENGTH__)?__SIGNATURE_REGION_LENGTH__:0x400
                0x00000400                        __USER_SIGNATURE_REGION_LENGTH__ = DEFINED (__USER_SIGNATURE_REGION_LENGTH__)?__USER_SIGNATURE_REGION_LENGTH__:0x400

.hash
 *(.hash)

.dynsym
 *(.dynsym)

.dynstr
 *(.dynstr)

.gnu.version
 *(.gnu.version)

.gnu.version_d
 *(.gnu.version_d)

.gnu.version_r
 *(.gnu.version_r)

.rel.init
 *(.rel.init)

.rela.init
 *(.rela.init)

.rel.text
 *(.rel.text)
 *(.rel.text.*)
 *(.rel.gnu.linkonce.t*)

.rela.text
 *(.rela.text)
 *(.rela.text.*)
 *(.rela.gnu.linkonce.t*)

.rel.fini
 *(.rel.fini)

.rela.fini
 *(.rela.fini)

.rel.rodata
 *(.rel.rodata)
 *(.rel.rodata.*)
 *(.rel.gnu.linkonce.r*)

.rela.rodata
 *(.rela.rodata)
 *(.rela.rodata.*)
 *(.rela.gnu.linkonce.r*)

.rel.data
 *(.rel.data)
 *(.rel.data.*)
 *(.rel.gnu.linkonce.d*)

.rela.data
 *(.rela.data)
 *(.rela.data.*)
 *(.rela.gnu.linkonce.d*)

.rel.ctors
 *(.rel.ctors)

.rela.ctors
 *(.rela.ctors)

.rel.dtors
 *(.rel.dtors)

.rela.dtors
 *(.rela.dtors)

.rel.got
 *(.rel.got)

.rela.got
 *(.rela.got)

.rel.bss
 *(.rel.bss)

.rela.bss
 *(.rela.bss)

.rel.plt
 *(.rel.plt)

.rela.plt
 *(.rela.plt)

.text           0x00000000     0x5dde
 *(.vectors)
 .vectors       0x00000000       0xac /opt/homebrew/Cellar/avr-gcc@8/8.5.0_2/lib/avr-gcc/8/gcc/avr/8.5.0/../../../../../../avr/lib/avr5/crtatmega32u4.o
                0x00000000                __vectors
                0x00000000                __vector_default
 *(.vectors)
 *(.progmem.gcc*)
                0x000000ac                        . = ALIGN (0x2)
                0x000000ac                        __trampolines_start = .
 *(.trampolines)
 .trampolines   0x000000ac        0x0 linker stubs
 *(.trampolines*)
                0x000000ac                        __trampolines_end = .
 *libprintf_flt.a:*(.progmem.data)
 *libc.a:*(.progmem.data)
 *(.progmem.*)
 .progmem.data.pairs.3494
                0x000000ac       0x16 /var/folders/f8/qwbwqdc504lddb_gqcxyf_wr0000gn/T//cc24TX6P.ltrans0.ltrans.o
 .progmem.data.pairs.3493
                0x000000c2        0x8 /var/folders/f8/qwbwqdc504lddb_gqcxyf_wr0000gn/T//cc24TX6P.ltrans0.ltrans.o
 .progmem.data.pairs.3492
                0x000000ca        0xa /var/folders/f8/qwbwqdc504lddb_gqcxyf_wr0000gn/T//cc24TX6P.ltrans0.ltrans.o
 .progmem.data.keymaps
                0x000000d4      0x2d0 /var/folders/f8/qwbwqdc504lddb_gqcxyf_wr0000gn/T//cc24TX6P.ltrans0.ltrans.o
 .progmem.data.display_setup2.2290
                0x000003a4        0xd /var/folders/f8/qwbwqdc504lddb_gqcxyf_wr0000gn/T//cc24TX6P.ltrans0.ltrans.o
 .progmem.data.display_flipped.2289
                0x000003b1        0x5 /var/folders/f8/qwbwqdc504lddb_gqcxyf_wr0000gn/T//cc24TX6P.ltrans0.ltrans.o
 .progmem.data.display_normal.2288
                0x000003b6        0x5 /var/folders/f8/qwbwqdc504lddb_gqcxyf_wr0000gn/T//cc24TX6P.ltrans0.ltrans.o
 .progmem.data.display_setup1.2287
                0x000003bb        0xb /var/folders/f8/qwbwqdc504lddb_gqcxyf_wr0000gn/T//cc24TX6P.ltrans0.ltrans.o
 .progmem.data.__c.5367
                0x000003c6        0x8 /var/folders/f8/qwbwqdc504lddb_gqcxyf_wr0000gn/T//cc24TX6P.ltrans0.ltrans.o
 .progmem.data.__c.5364.lto_priv.89
                0x000003ce        0x5 /var/folders/f8/qwbwqdc504lddb_gqcxyf_wr0000gn/T//cc24TX6P.ltrans0.ltrans.o
 .progmem.data.__c.5361.lto_priv.87
                0x000003d3        0x5 /var/folders/f8/qwbwqdc504lddb_gqcxyf_wr0000gn/T//cc24TX6P.ltrans0.ltrans.o
 .progmem.data.__c.5358.lto_priv.85
                0x000003d8        0x4 /var/folders/f8/qwbwqdc504lddb_gqcxyf_wr0000gn/T//cc24TX6P.ltrans0.ltrans.o
 .progmem.data.__c.5355
                0x000003dc        0x4 /var/folders/f8/qwbwqdc504lddb_gqcxyf_wr0000gn/T//cc24TX6P.ltrans0.ltrans.o
 .progmem.data.__c.5352
                0x000003e0        0x4 /var/folders/f8/qwbwqdc504lddb_gqcxyf_wr0000gn/T//cc24TX6P.ltrans0.ltrans.o
 .progmem.data.__c.5348
                0x000003e4        0x8 /var/folders/f8/qwbwqdc504lddb_gqcxyf_wr0000gn/T//cc24TX6P.ltrans0.ltrans.o
 .progmem.data.__c.5345
                0x000003ec        0x8 /var/folders/f8/qwbwqdc504lddb_gqcxyf_wr0000gn/T//cc24TX6P.ltrans0.ltrans.o
 .progmem.data.__c.5375
                0x000003f4        0xe /var/folders/f8/qwbwqdc504lddb_gqcxyf_wr0000gn/T//cc24TX6P.ltrans0.ltrans.o
 .progmem.data.__c.5373
                0x00000402        0xd /var/folders/f8/qwbwqdc504lddb_gqcxyf_wr0000gn/T//cc24TX6P.ltrans0.ltrans.o
 .progmem.data.mb_logo.5380
                0x0000040f      0x1a0 /var/folders/f8/qwbwqdc504lddb_gqcxyf_wr0000gn/T//cc24TX6P.ltrans0.ltrans.o
 .progmem.data.__c.5384
                0x000005af        0x5 /var/folders/f8/qwbwqdc504lddb_gqcxyf_wr0000gn/T//cc24TX6P.ltrans0.ltrans.o
 .progmem.data.CIE1931_CURVE
                0x000005b4      0x100 /var/folders/f8/qwbwqdc504lddb_gqcxyf_wr0000gn/T//cc24TX6P.ltrans0.ltrans.o
 .progmem.data.display_on.2466
                0x000006b4        0x2 /var/folders/f8/qwbwqdc504lddb_gqcxyf_wr0000gn/T//cc24TX6P.ltrans0.ltrans.o
 .progmem.data.display_off.2470
                0x000006b6        0x2 /var/folders/f8/qwbwqdc504lddb_gqcxyf_wr0000gn/T//cc24TX6P.ltrans0.ltrans.o
 .progmem.data.SharedReport
                0x000006b8       0x32 /var/folders/f8/qwbwqdc504lddb_gqcxyf_wr0000gn/T//cc24TX6P.ltrans0.ltrans.o
 .progmem.data.KeyboardReport
                0x000006ea       0x44 /var/folders/f8/qwbwqdc504lddb_gqcxyf_wr0000gn/T//cc24TX6P.ltrans0.ltrans.o
 .progmem.data.ConfigurationDescriptor
                0x0000072e       0x3b /var/folders/f8/qwbwqdc504lddb_gqcxyf_wr0000gn/T//cc24TX6P.ltrans0.ltrans.o
 .progmem.data.DeviceDescriptor
                0x00000769       0x12 /var/folders/f8/qwbwqdc504lddb_gqcxyf_wr0000gn/T//cc24TX6P.ltrans0.ltrans.o
 .progmem.data.ProductString
                0x0000077b       0x18 /var/folders/f8/qwbwqdc504lddb_gqcxyf_wr0000gn/T//cc24TX6P.ltrans0.ltrans.o
 .progmem.data.ManufacturerString
                0x00000793       0x1e /var/folders/f8/qwbwqdc504lddb_gqcxyf_wr0000gn/T//cc24TX6P.ltrans0.ltrans.o
 .progmem.data.LanguageString
                0x000007b1        0x4 /var/folders/f8/qwbwqdc504lddb_gqcxyf_wr0000gn/T//cc24TX6P.ltrans0.ltrans.o
 .progmem.data.font
                0x000007b5      0x540 /var/folders/f8/qwbwqdc504lddb_gqcxyf_wr0000gn/T//cc24TX6P.ltrans0.ltrans.o
                0x00000cf6                        . = ALIGN (0x2)
 *fill*         0x00000cf5        0x1 
 *(.lowtext)
 *(.lowtext*)
                0x00000cf6                        __ctors_start = .
 *(.ctors)
                0x00000cf6                        __ctors_end = .
                0x00000cf6                        __dtors_start = .
 *(.dtors)
                0x00000cf6                        __dtors_end = .
 SORT_BY_NAME(*)(.ctors)
 SORT_BY_NAME(*)(.dtors)
 *(.init0)
 .init0         0x00000cf6        0x0 /opt/homebrew/Cellar/avr-gcc@8/8.5.0_2/lib/avr-gcc/8/gcc/avr/8.5.0/../../../../../../avr/lib/avr5/crtatmega32u4.o
                0x00000cf6                __init
 *(.init0)
 *(.init1)
 *(.init1)
 *(.init2)
 .init2         0x00000cf6        0xc /opt/homebrew/Cellar/avr-gcc@8/8.5.0_2/lib/avr-gcc/8/gcc/avr/8.5.0/../../../../../../avr/lib/avr5/crtatmega32u4.o
 *(.init2)
 *(.init3)
 .init3         0x00000d02       0x36 /var/folders/f8/qwbwqdc504lddb_gqcxyf_wr0000gn/T//cc24TX6P.ltrans0.ltrans.o
                0x00000d02                bootloader_jump_after_watchdog_reset
 *(.init3)
 *(.init4)
 .init4         0x00000d38       0x16 /opt/homebrew/Cellar/avr-gcc@8/8.5.0_2/lib/avr-gcc/8/gcc/avr/8.5.0/avr5/libgcc.a(_copy_data.o)
                0x00000d38                __do_copy_data
 .init4         0x00000d4e       0x10 /opt/homebrew/Cellar/avr-gcc@8/8.5.0_2/lib/avr-gcc/8/gcc/avr/8.5.0/avr5/libgcc.a(_clear_bss.o)
                0x00000d4e                __do_clear_bss
 *(.init4)
 *(.init5)
 *(.init5)
 *(.init6)
 *(.init6)
 *(.init7)
 *(.init7)
 *(.init8)
 *(.init8)
 *(.init9)
 .init9         0x00000d5e        0x8 /opt/homebrew/Cellar/avr-gcc@8/8.5.0_2/lib/avr-gcc/8/gcc/avr/8.5.0/../../../../../../avr/lib/avr5/crtatmega32u4.o
 *(.init9)
 *(.text)
 .text          0x00000d66        0x4 /opt/homebrew/Cellar/avr-gcc@8/8.5.0_2/lib/avr-gcc/8/gcc/avr/8.5.0/../../../../../../avr/lib/avr5/crtatmega32u4.o
                0x00000d66                __vector_42
                0x00000d66                __vector_22
                0x00000d66                __vector_28
                0x00000d66                __vector_1
                0x00000d66                __vector_32
                0x00000d66                __vector_34
                0x00000d66                __vector_24
                0x00000d66                __bad_interrupt
                0x00000d66                __vector_6
                0x00000d66                __vector_31
                0x00000d66                __vector_35
                0x00000d66                __vector_39
                0x00000d66                __vector_23
                0x00000d66                __vector_30
                0x00000d66                __vector_25
                0x00000d66                __vector_13
                0x00000d66                __vector_17
                0x00000d66                __vector_19
                0x00000d66                __vector_7
                0x00000d66                __vector_41
                0x00000d66                __vector_27
                0x00000d66                __vector_5
                0x00000d66                __vector_33
                0x00000d66                __vector_37
                0x00000d66                __vector_4
                0x00000d66                __vector_9
                0x00000d66                __vector_2
                0x00000d66                __vector_15
                0x00000d66                __vector_36
                0x00000d66                __vector_29
                0x00000d66                __vector_40
                0x00000d66                __vector_8
                0x00000d66                __vector_26
                0x00000d66                __vector_14
                0x00000d66                __vector_16
                0x00000d66                __vector_18
                0x00000d66                __vector_20
                0x00000d66                __vector_38
                0x00000d6a                        . = ALIGN (0x2)
 *(.text.*)
 .text.rgb_matrix_mode_eeprom_helper.constprop.64
                0x00000d6a       0x32 /var/folders/f8/qwbwqdc504lddb_gqcxyf_wr0000gn/T//cc24TX6P.ltrans0.ltrans.o
 .text.waiting_buffer_typed.isra.2.constprop.36
                0x00000d9c       0x3e /var/folders/f8/qwbwqdc504lddb_gqcxyf_wr0000gn/T//cc24TX6P.ltrans0.ltrans.o
 .text.crc8.constprop.28
                0x00000dda       0x2e /var/folders/f8/qwbwqdc504lddb_gqcxyf_wr0000gn/T//cc24TX6P.ltrans0.ltrans.o
 .text.rgb_matrix_sethsv_eeprom_helper.constprop.13
                0x00000e08       0x26 /var/folders/f8/qwbwqdc504lddb_gqcxyf_wr0000gn/T//cc24TX6P.ltrans0.ltrans.o
 .text.USB_Disable
                0x00000e2e       0x3e /var/folders/f8/qwbwqdc504lddb_gqcxyf_wr0000gn/T//cc24TX6P.ltrans0.ltrans.o
 .text.Endpoint_WaitUntilReady
                0x00000e6c       0x62 /var/folders/f8/qwbwqdc504lddb_gqcxyf_wr0000gn/T//cc24TX6P.ltrans0.ltrans.o
 .text.Endpoint_ClearStatusStage
                0x00000ece       0x3e /var/folders/f8/qwbwqdc504lddb_gqcxyf_wr0000gn/T//cc24TX6P.ltrans0.ltrans.o
 .text.Endpoint_ConfigureEndpoint_Prv
                0x00000f0c       0x64 /var/folders/f8/qwbwqdc504lddb_gqcxyf_wr0000gn/T//cc24TX6P.ltrans0.ltrans.o
 .text.USB_Init
                0x00000f70       0xb6 /var/folders/f8/qwbwqdc504lddb_gqcxyf_wr0000gn/T//cc24TX6P.ltrans0.ltrans.o
 .text.Endpoint_Write_Control_Stream_LE
                0x00001026       0xbc /var/folders/f8/qwbwqdc504lddb_gqcxyf_wr0000gn/T//cc24TX6P.ltrans0.ltrans.o
 .text.send_nkro
                0x000010e2        0x2 /var/folders/f8/qwbwqdc504lddb_gqcxyf_wr0000gn/T//cc24TX6P.ltrans0.ltrans.o
 .text.send_mouse
                0x000010e4        0x2 /var/folders/f8/qwbwqdc504lddb_gqcxyf_wr0000gn/T//cc24TX6P.ltrans0.ltrans.o
 .text.keyboard_leds
                0x000010e6        0x6 /var/folders/f8/qwbwqdc504lddb_gqcxyf_wr0000gn/T//cc24TX6P.ltrans0.ltrans.o
 .text.timer_read32
                0x000010ec       0x18 /var/folders/f8/qwbwqdc504lddb_gqcxyf_wr0000gn/T//cc24TX6P.ltrans0.ltrans.o
 .text.host_consumer_send
                0x00001104       0x4a /var/folders/f8/qwbwqdc504lddb_gqcxyf_wr0000gn/T//cc24TX6P.ltrans0.ltrans.o
 .text.host_system_send
                0x0000114e       0x4a /var/folders/f8/qwbwqdc504lddb_gqcxyf_wr0000gn/T//cc24TX6P.ltrans0.ltrans.o
 .text.host_keyboard_leds
                0x00001198       0x22 /var/folders/f8/qwbwqdc504lddb_gqcxyf_wr0000gn/T//cc24TX6P.ltrans0.ltrans.o
 .text.find_alt_keycode
                0x000011ba       0x2c /var/folders/f8/qwbwqdc504lddb_gqcxyf_wr0000gn/T//cc24TX6P.ltrans0.ltrans.o
 .text.update_last_repeat_count
                0x000011e6       0x22 /var/folders/f8/qwbwqdc504lddb_gqcxyf_wr0000gn/T//cc24TX6P.ltrans0.ltrans.o
 .text.oled_write_raw_P
                0x00001208       0x80 /var/folders/f8/qwbwqdc504lddb_gqcxyf_wr0000gn/T//cc24TX6P.ltrans0.ltrans.o
 .text.handleKeycodeRGB
                0x00001288        0xc /var/folders/f8/qwbwqdc504lddb_gqcxyf_wr0000gn/T//cc24TX6P.ltrans0.ltrans.o
 .text.setled   0x00001294       0x56 /var/folders/f8/qwbwqdc504lddb_gqcxyf_wr0000gn/T//cc24TX6P.ltrans0.ltrans.o
 .text.init     0x000012ea        0x6 /var/folders/f8/qwbwqdc504lddb_gqcxyf_wr0000gn/T//cc24TX6P.ltrans0.ltrans.o
 .text.rgb_matrix_decrease_speed
                0x000012f0       0x1c /var/folders/f8/qwbwqdc504lddb_gqcxyf_wr0000gn/T//cc24TX6P.ltrans0.ltrans.o
 .text.rgb_matrix_increase_speed
                0x0000130c       0x1c /var/folders/f8/qwbwqdc504lddb_gqcxyf_wr0000gn/T//cc24TX6P.ltrans0.ltrans.o
 .text.rgb_matrix_decrease_val
                0x00001328       0x1a /var/folders/f8/qwbwqdc504lddb_gqcxyf_wr0000gn/T//cc24TX6P.ltrans0.ltrans.o
 .text.rgb_matrix_increase_val
                0x00001342       0x1a /var/folders/f8/qwbwqdc504lddb_gqcxyf_wr0000gn/T//cc24TX6P.ltrans0.ltrans.o
 .text.rgb_matrix_decrease_sat
                0x0000135c       0x1a /var/folders/f8/qwbwqdc504lddb_gqcxyf_wr0000gn/T//cc24TX6P.ltrans0.ltrans.o
 .text.rgb_matrix_increase_sat
                0x00001376       0x1a /var/folders/f8/qwbwqdc504lddb_gqcxyf_wr0000gn/T//cc24TX6P.ltrans0.ltrans.o
 .text.rgb_matrix_decrease_hue
                0x00001390       0x14 /var/folders/f8/qwbwqdc504lddb_gqcxyf_wr0000gn/T//cc24TX6P.ltrans0.ltrans.o
 .text.rgb_matrix_increase_hue
                0x000013a4       0x14 /var/folders/f8/qwbwqdc504lddb_gqcxyf_wr0000gn/T//cc24TX6P.ltrans0.ltrans.o
 .text.rgb_matrix_step_reverse
                0x000013b8       0x14 /var/folders/f8/qwbwqdc504lddb_gqcxyf_wr0000gn/T//cc24TX6P.ltrans0.ltrans.o
 .text.rgb_matrix_step
                0x000013cc       0x16 /var/folders/f8/qwbwqdc504lddb_gqcxyf_wr0000gn/T//cc24TX6P.ltrans0.ltrans.o
 .text.rgb_matrix_get_limits
                0x000013e2       0x28 /var/folders/f8/qwbwqdc504lddb_gqcxyf_wr0000gn/T//cc24TX6P.ltrans0.ltrans.o
 .text.rgb_task_flush
                0x0000140a       0x1a /var/folders/f8/qwbwqdc504lddb_gqcxyf_wr0000gn/T//cc24TX6P.ltrans0.ltrans.o
 .text.SOLID_REACTIVE_math
                0x00001424        0xe /var/folders/f8/qwbwqdc504lddb_gqcxyf_wr0000gn/T//cc24TX6P.ltrans0.ltrans.o
 .text.SOLID_REACTIVE_SIMPLE_math
                0x00001432        0xe /var/folders/f8/qwbwqdc504lddb_gqcxyf_wr0000gn/T//cc24TX6P.ltrans0.ltrans.o
 .text.HUE_WAVE_math
                0x00001440       0x22 /var/folders/f8/qwbwqdc504lddb_gqcxyf_wr0000gn/T//cc24TX6P.ltrans0.ltrans.o
 .text.RAINBOW_MOVING_CHEVRON_math
                0x00001462       0x32 /var/folders/f8/qwbwqdc504lddb_gqcxyf_wr0000gn/T//cc24TX6P.ltrans0.ltrans.o
 .text.rgb_matrix_set_color
                0x00001494        0x6 /var/folders/f8/qwbwqdc504lddb_gqcxyf_wr0000gn/T//cc24TX6P.ltrans0.ltrans.o
 .text.rgb_matrix_set_color_all
                0x0000149a       0x32 /var/folders/f8/qwbwqdc504lddb_gqcxyf_wr0000gn/T//cc24TX6P.ltrans0.ltrans.o
 .text.RAINBOW_BEACON_math
                0x000014cc       0x5c /var/folders/f8/qwbwqdc504lddb_gqcxyf_wr0000gn/T//cc24TX6P.ltrans0.ltrans.o
 .text.sin8_avr
                0x00001528       0x3e /var/folders/f8/qwbwqdc504lddb_gqcxyf_wr0000gn/T//cc24TX6P.ltrans0.ltrans.o
 .text.scale16by8
                0x00001566       0x14 /var/folders/f8/qwbwqdc504lddb_gqcxyf_wr0000gn/T//cc24TX6P.ltrans0.ltrans.o
 .text.rgb_matrix_check_finished_leds
                0x0000157a       0x1c /var/folders/f8/qwbwqdc504lddb_gqcxyf_wr0000gn/T//cc24TX6P.ltrans0.ltrans.o
 .text.hsv_to_rgb
                0x00001596      0x128 /var/folders/f8/qwbwqdc504lddb_gqcxyf_wr0000gn/T//cc24TX6P.ltrans0.ltrans.o
 .text.effect_runner_reactive.constprop.54
                0x000016be       0xd0 /var/folders/f8/qwbwqdc504lddb_gqcxyf_wr0000gn/T//cc24TX6P.ltrans0.ltrans.o
 .text.effect_runner_i.constprop.51
                0x0000178e       0x86 /var/folders/f8/qwbwqdc504lddb_gqcxyf_wr0000gn/T//cc24TX6P.ltrans0.ltrans.o
 .text.rgb_task_render
                0x00001814      0x35e /var/folders/f8/qwbwqdc504lddb_gqcxyf_wr0000gn/T//cc24TX6P.ltrans0.ltrans.o
 .text.sendchar
                0x00001b72        0x4 /var/folders/f8/qwbwqdc504lddb_gqcxyf_wr0000gn/T//cc24TX6P.ltrans0.ltrans.o
 .text.setPinInputHigh_atomic
                0x00001b76       0x2e /var/folders/f8/qwbwqdc504lddb_gqcxyf_wr0000gn/T//cc24TX6P.ltrans0.ltrans.o
 .text.sync_timer_read32
                0x00001ba4       0x34 /var/folders/f8/qwbwqdc504lddb_gqcxyf_wr0000gn/T//cc24TX6P.ltrans0.ltrans.o
 .text.sync_timer_elapsed32
                0x00001bd8       0x42 /var/folders/f8/qwbwqdc504lddb_gqcxyf_wr0000gn/T//cc24TX6P.ltrans0.ltrans.o
 .text.mod_config
                0x00001c1a       0x9e /var/folders/f8/qwbwqdc504lddb_gqcxyf_wr0000gn/T//cc24TX6P.ltrans0.ltrans.o
 .text.keycode_config
                0x00001cb8      0x144 /var/folders/f8/qwbwqdc504lddb_gqcxyf_wr0000gn/T//cc24TX6P.ltrans0.ltrans.o
 .text.keymap_key_to_keycode
                0x00001dfc       0x3e /var/folders/f8/qwbwqdc504lddb_gqcxyf_wr0000gn/T//cc24TX6P.ltrans0.ltrans.o
 .text.action_for_keycode
                0x00001e3a      0x23c /var/folders/f8/qwbwqdc504lddb_gqcxyf_wr0000gn/T//cc24TX6P.ltrans0.ltrans.o
 .text.clear_oneshot_mods
                0x00002076        0xc /var/folders/f8/qwbwqdc504lddb_gqcxyf_wr0000gn/T//cc24TX6P.ltrans0.ltrans.o
 .text.del_mods
                0x00002082        0xe /var/folders/f8/qwbwqdc504lddb_gqcxyf_wr0000gn/T//cc24TX6P.ltrans0.ltrans.o
 .text.debug_waiting_buffer
                0x00002090       0x14 /var/folders/f8/qwbwqdc504lddb_gqcxyf_wr0000gn/T//cc24TX6P.ltrans0.ltrans.o
 .text.layer_switch_get_layer
                0x000020a4       0x5e /var/folders/f8/qwbwqdc504lddb_gqcxyf_wr0000gn/T//cc24TX6P.ltrans0.ltrans.o
 .text.layer_switch_get_action
                0x00002102       0x1a /var/folders/f8/qwbwqdc504lddb_gqcxyf_wr0000gn/T//cc24TX6P.ltrans0.ltrans.o
 .text.read_source_layers_cache
                0x0000211c       0x68 /var/folders/f8/qwbwqdc504lddb_gqcxyf_wr0000gn/T//cc24TX6P.ltrans0.ltrans.o
 .text.update_source_layers_cache
                0x00002184       0x6e /var/folders/f8/qwbwqdc504lddb_gqcxyf_wr0000gn/T//cc24TX6P.ltrans0.ltrans.o
 .text.layer_state_set
                0x000021f2        0x6 /var/folders/f8/qwbwqdc504lddb_gqcxyf_wr0000gn/T//cc24TX6P.ltrans0.ltrans.o
 .text.update_tri_layer
                0x000021f8       0x40 /var/folders/f8/qwbwqdc504lddb_gqcxyf_wr0000gn/T//cc24TX6P.ltrans0.ltrans.o
 .text.layer_off
                0x00002238       0x1a /var/folders/f8/qwbwqdc504lddb_gqcxyf_wr0000gn/T//cc24TX6P.ltrans0.ltrans.o
 .text.clear_oneshot_layer_state
                0x00002252       0x2e /var/folders/f8/qwbwqdc504lddb_gqcxyf_wr0000gn/T//cc24TX6P.ltrans0.ltrans.o
 .text.layer_on
                0x00002280       0x18 /var/folders/f8/qwbwqdc504lddb_gqcxyf_wr0000gn/T//cc24TX6P.ltrans0.ltrans.o
 .text.default_layer_state_set
                0x00002298        0x6 /var/folders/f8/qwbwqdc504lddb_gqcxyf_wr0000gn/T//cc24TX6P.ltrans0.ltrans.o
 .text.is_tap_record
                0x0000229e       0x54 /var/folders/f8/qwbwqdc504lddb_gqcxyf_wr0000gn/T//cc24TX6P.ltrans0.ltrans.o
 .text.biton    0x000022f2       0x22 /var/folders/f8/qwbwqdc504lddb_gqcxyf_wr0000gn/T//cc24TX6P.ltrans0.ltrans.o
 .text.get_record_keycode
                0x00002314       0x60 /var/folders/f8/qwbwqdc504lddb_gqcxyf_wr0000gn/T//cc24TX6P.ltrans0.ltrans.o
 .text.oled_write_char.constprop.82
                0x00002374      0x100 /var/folders/f8/qwbwqdc504lddb_gqcxyf_wr0000gn/T//cc24TX6P.ltrans0.ltrans.o
 .text.oled_write_P.constprop.81
                0x00002474       0x1c /var/folders/f8/qwbwqdc504lddb_gqcxyf_wr0000gn/T//cc24TX6P.ltrans0.ltrans.o
 .text.oled_advance_page
                0x00002490       0x64 /var/folders/f8/qwbwqdc504lddb_gqcxyf_wr0000gn/T//cc24TX6P.ltrans0.ltrans.o
 .text.oled_write_ln_P.constprop.80
                0x000024f4        0xc /var/folders/f8/qwbwqdc504lddb_gqcxyf_wr0000gn/T//cc24TX6P.ltrans0.ltrans.o
 .text.send_6kro_report
                0x00002500       0x7a /var/folders/f8/qwbwqdc504lddb_gqcxyf_wr0000gn/T//cc24TX6P.ltrans0.ltrans.o
 .text.clear_keyboard_but_mods
                0x0000257a       0x28 /var/folders/f8/qwbwqdc504lddb_gqcxyf_wr0000gn/T//cc24TX6P.ltrans0.ltrans.o
 .text.USB_Device_ProcessControlRequest
                0x000025a2      0x566 /var/folders/f8/qwbwqdc504lddb_gqcxyf_wr0000gn/T//cc24TX6P.ltrans0.ltrans.o
 .text.caps_word_off
                0x00002b08       0x1c /var/folders/f8/qwbwqdc504lddb_gqcxyf_wr0000gn/T//cc24TX6P.ltrans0.ltrans.o
 .text.unregister_mods
                0x00002b24        0xe /var/folders/f8/qwbwqdc504lddb_gqcxyf_wr0000gn/T//cc24TX6P.ltrans0.ltrans.o
 .text.register_mods
                0x00002b32       0x14 /var/folders/f8/qwbwqdc504lddb_gqcxyf_wr0000gn/T//cc24TX6P.ltrans0.ltrans.o
 .text.unregister_code
                0x00002b46       0x6a /var/folders/f8/qwbwqdc504lddb_gqcxyf_wr0000gn/T//cc24TX6P.ltrans0.ltrans.o
 .text.register_code
                0x00002bb0       0xd8 /var/folders/f8/qwbwqdc504lddb_gqcxyf_wr0000gn/T//cc24TX6P.ltrans0.ltrans.o
 .text.oled_write.constprop.78
                0x00002c88       0x30 /var/folders/f8/qwbwqdc504lddb_gqcxyf_wr0000gn/T//cc24TX6P.ltrans0.ltrans.o
 .text.send_report
                0x00002cb8       0x76 /var/folders/f8/qwbwqdc504lddb_gqcxyf_wr0000gn/T//cc24TX6P.ltrans0.ltrans.o
 .text.send_extra
                0x00002d2e        0xe /var/folders/f8/qwbwqdc504lddb_gqcxyf_wr0000gn/T//cc24TX6P.ltrans0.ltrans.o
 .text.send_keyboard
                0x00002d3c       0x28 /var/folders/f8/qwbwqdc504lddb_gqcxyf_wr0000gn/T//cc24TX6P.ltrans0.ltrans.o
 .text.flush    0x00002d64       0x5a /var/folders/f8/qwbwqdc504lddb_gqcxyf_wr0000gn/T//cc24TX6P.ltrans0.ltrans.o
 .text.transaction_handler_master.isra.2
                0x00002dbe       0x66 /var/folders/f8/qwbwqdc504lddb_gqcxyf_wr0000gn/T//cc24TX6P.ltrans0.ltrans.o
 .text.soft_reset_keyboard
                0x00002e24       0x30 /var/folders/f8/qwbwqdc504lddb_gqcxyf_wr0000gn/T//cc24TX6P.ltrans0.ltrans.o
 .text.oled_send_cmd_P
                0x00002e54       0x1a /var/folders/f8/qwbwqdc504lddb_gqcxyf_wr0000gn/T//cc24TX6P.ltrans0.ltrans.o
 .text.oled_off
                0x00002e6e       0x36 /var/folders/f8/qwbwqdc504lddb_gqcxyf_wr0000gn/T//cc24TX6P.ltrans0.ltrans.o
 .text.oled_on  0x00002ea4       0x50 /var/folders/f8/qwbwqdc504lddb_gqcxyf_wr0000gn/T//cc24TX6P.ltrans0.ltrans.o
 .text.rgb_matrix_task
                0x00002ef4      0x172 /var/folders/f8/qwbwqdc504lddb_gqcxyf_wr0000gn/T//cc24TX6P.ltrans0.ltrans.o
 .text.oneshot_set
                0x00003066       0x2e /var/folders/f8/qwbwqdc504lddb_gqcxyf_wr0000gn/T//cc24TX6P.ltrans0.ltrans.o
 .text.sync_timer_handlers_master
                0x00003094       0xac /var/folders/f8/qwbwqdc504lddb_gqcxyf_wr0000gn/T//cc24TX6P.ltrans0.ltrans.o
 .text.slave_matrix_handlers_master
                0x00003140      0x13e /var/folders/f8/qwbwqdc504lddb_gqcxyf_wr0000gn/T//cc24TX6P.ltrans0.ltrans.o
 .text.send_if_condition
                0x0000327e       0xc2 /var/folders/f8/qwbwqdc504lddb_gqcxyf_wr0000gn/T//cc24TX6P.ltrans0.ltrans.o
 .text.rgb_matrix_handlers_master
                0x00003340       0x58 /var/folders/f8/qwbwqdc504lddb_gqcxyf_wr0000gn/T//cc24TX6P.ltrans0.ltrans.o
 .text.master_matrix_handlers_master
                0x00003398       0x38 /var/folders/f8/qwbwqdc504lddb_gqcxyf_wr0000gn/T//cc24TX6P.ltrans0.ltrans.o
 .text.__vector_11
                0x000033d0       0x88 /var/folders/f8/qwbwqdc504lddb_gqcxyf_wr0000gn/T//cc24TX6P.ltrans0.ltrans.o
                0x000033d0                __vector_11
 .text.__vector_10
                0x00003458      0x1b2 /var/folders/f8/qwbwqdc504lddb_gqcxyf_wr0000gn/T//cc24TX6P.ltrans0.ltrans.o
                0x00003458                __vector_10
 .text.__vector_21
                0x0000360a       0x48 /var/folders/f8/qwbwqdc504lddb_gqcxyf_wr0000gn/T//cc24TX6P.ltrans0.ltrans.o
                0x0000360a                __vector_21
 .text.timer_elapsed
                0x00003652       0x1e /var/folders/f8/qwbwqdc504lddb_gqcxyf_wr0000gn/T//cc24TX6P.ltrans0.ltrans.o
                0x00003652                timer_elapsed
 .text.timer_read
                0x00003670       0x18 /var/folders/f8/qwbwqdc504lddb_gqcxyf_wr0000gn/T//cc24TX6P.ltrans0.ltrans.o
                0x00003670                timer_read
 .text.perform_space_cadet.constprop.62
                0x00003688       0xc0 /var/folders/f8/qwbwqdc504lddb_gqcxyf_wr0000gn/T//cc24TX6P.ltrans0.ltrans.o
 .text.caps_word_on
                0x00003748       0x28 /var/folders/f8/qwbwqdc504lddb_gqcxyf_wr0000gn/T//cc24TX6P.ltrans0.ltrans.o
 .text.matrix_scan
                0x00003770      0x330 /var/folders/f8/qwbwqdc504lddb_gqcxyf_wr0000gn/T//cc24TX6P.ltrans0.ltrans.o
 .text.process_record
                0x00003aa0      0xb4a /var/folders/f8/qwbwqdc504lddb_gqcxyf_wr0000gn/T//cc24TX6P.ltrans0.ltrans.o
 .text.waiting_buffer_scan_tap
                0x000045ea       0xb6 /var/folders/f8/qwbwqdc504lddb_gqcxyf_wr0000gn/T//cc24TX6P.ltrans0.ltrans.o
 .text.process_tapping
                0x000046a0      0x2da /var/folders/f8/qwbwqdc504lddb_gqcxyf_wr0000gn/T//cc24TX6P.ltrans0.ltrans.o
 .text.action_exec
                0x0000497a      0x114 /var/folders/f8/qwbwqdc504lddb_gqcxyf_wr0000gn/T//cc24TX6P.ltrans0.ltrans.o
 .text.generate_tick_event
                0x00004a8e       0x48 /var/folders/f8/qwbwqdc504lddb_gqcxyf_wr0000gn/T//cc24TX6P.ltrans0.ltrans.o
 .text.__vector_12
                0x00004ad6       0x4e /var/folders/f8/qwbwqdc504lddb_gqcxyf_wr0000gn/T//cc24TX6P.ltrans0.ltrans.o
                0x00004ad6                __vector_12
 .text.startup.main
                0x00004b24      0x9f2 /var/folders/f8/qwbwqdc504lddb_gqcxyf_wr0000gn/T//cc24TX6P.ltrans0.ltrans.o
                0x00004b24                main
 .text.i2c_start_impl
                0x00005516       0xa4 .build/obj_lily58_r2g_paulomp90/i2c_master.a(i2c_master.o)
 .text.i2c_init
                0x000055ba        0xc .build/obj_lily58_r2g_paulomp90/i2c_master.a(i2c_master.o)
                0x000055ba                i2c_init
 .text.i2c_write
                0x000055c6       0x5c .build/obj_lily58_r2g_paulomp90/i2c_master.a(i2c_master.o)
                0x000055c6                i2c_write
 .text.i2c_transmit
                0x00005622       0x88 .build/obj_lily58_r2g_paulomp90/i2c_master.a(i2c_master.o)
                0x00005622                i2c_transmit
 .text.i2c_transmit_P
                0x000056aa       0x8c .build/obj_lily58_r2g_paulomp90/i2c_master.a(i2c_master.o)
                0x000056aa                i2c_transmit_P
 .text.i2c_write_register
                0x00005736       0x94 .build/obj_lily58_r2g_paulomp90/i2c_master.a(i2c_master.o)
                0x00005736                i2c_write_register
 .text.sync_recv
                0x000057ca       0x10 .build/obj_lily58_r2g_paulomp90/serial.a(serial.o)
 .text.sync_send
                0x000057da        0xc .build/obj_lily58_r2g_paulomp90/serial.a(serial.o)
 .text.serial_read_chunk.constprop.0
                0x000057e6       0x58 .build/obj_lily58_r2g_paulomp90/serial.a(serial.o)
 .text.serial_recive_packet
                0x0000583e       0x40 .build/obj_lily58_r2g_paulomp90/serial.a(serial.o)
 .text.soft_serial_initiator_init
                0x0000587e        0x6 .build/obj_lily58_r2g_paulomp90/serial.a(serial.o)
                0x0000587e                soft_serial_initiator_init
 .text.soft_serial_target_init
                0x00005884       0x12 .build/obj_lily58_r2g_paulomp90/serial.a(serial.o)
                0x00005884                soft_serial_target_init
 .text.serial_write_chunk
                0x00005896       0x42 .build/obj_lily58_r2g_paulomp90/serial.a(serial.o)
                0x00005896                serial_write_chunk
 .text.serial_send_packet
                0x000058d8       0x32 .build/obj_lily58_r2g_paulomp90/serial.a(serial.o)
 .text.__vector_3
                0x0000590a      0x14c .build/obj_lily58_r2g_paulomp90/serial.a(serial.o)
                0x0000590a                __vector_3
 .text.soft_serial_transaction
                0x00005a56       0xec .build/obj_lily58_r2g_paulomp90/serial.a(serial.o)
                0x00005a56                soft_serial_transaction
 .text.libgcc.div
                0x00005b42       0x28 /opt/homebrew/Cellar/avr-gcc@8/8.5.0_2/lib/avr-gcc/8/gcc/avr/8.5.0/avr5/libgcc.a(_udivmodhi4.o)
                0x00005b42                __udivmodhi4
 .text.libgcc.prologue
                0x00005b6a       0x38 /opt/homebrew/Cellar/avr-gcc@8/8.5.0_2/lib/avr-gcc/8/gcc/avr/8.5.0/avr5/libgcc.a(_prologue.o)
                0x00005b6a                __prologue_saves__
 .text.libgcc.prologue
                0x00005ba2       0x36 /opt/homebrew/Cellar/avr-gcc@8/8.5.0_2/lib/avr-gcc/8/gcc/avr/8.5.0/avr5/libgcc.a(_epilogue.o)
                0x00005ba2                __epilogue_restores__
 .text.libgcc.div
                0x00005bd8       0x18 /opt/homebrew/Cellar/avr-gcc@8/8.5.0_2/lib/avr-gcc/8/gcc/avr/8.5.0/avr5/libgcc.a(_udivmodqi4.o)
                0x00005bd8                __udivmodqi4
 .text.libgcc.div
                0x00005bf0       0x44 /opt/homebrew/Cellar/avr-gcc@8/8.5.0_2/lib/avr-gcc/8/gcc/avr/8.5.0/avr5/libgcc.a(_udivmodsi4.o)
                0x00005bf0                __udivmodsi4
 .text.libgcc.div
                0x00005c34       0x2e /opt/homebrew/Cellar/avr-gcc@8/8.5.0_2/lib/avr-gcc/8/gcc/avr/8.5.0/avr5/libgcc.a(_divmodsi4.o)
                0x00005c34                __divmodsi4
 .text.libgcc.div
                0x00005c62       0x10 /opt/homebrew/Cellar/avr-gcc@8/8.5.0_2/lib/avr-gcc/8/gcc/avr/8.5.0/avr5/libgcc.a(_negsi2.o)
                0x00005c62                __negsi2
 .text.libgcc   0x00005c72        0xc /opt/homebrew/Cellar/avr-gcc@8/8.5.0_2/lib/avr-gcc/8/gcc/avr/8.5.0/avr5/libgcc.a(_tablejump2.o)
                0x00005c72                __tablejump2__
 .text.avr-libc
                0x00005c7e       0x12 /opt/homebrew/Cellar/avr-gcc@8/8.5.0_2/lib/avr-gcc/8/gcc/avr/8.5.0/../../../../../../avr/lib/avr5/libc.a(memcpy_P.o)
                0x00005c7e                memcpy_P
 .text.avr-libc
                0x00005c90       0x1a /opt/homebrew/Cellar/avr-gcc@8/8.5.0_2/lib/avr-gcc/8/gcc/avr/8.5.0/../../../../../../avr/lib/avr5/libc.a(memcmp.o)
                0x00005c90                memcmp
 .text.avr-libc
                0x00005caa       0x12 /opt/homebrew/Cellar/avr-gcc@8/8.5.0_2/lib/avr-gcc/8/gcc/avr/8.5.0/../../../../../../avr/lib/avr5/libc.a(memcpy.o)
                0x00005caa                memcpy
 .text.avr-libc
                0x00005cbc       0x20 /opt/homebrew/Cellar/avr-gcc@8/8.5.0_2/lib/avr-gcc/8/gcc/avr/8.5.0/../../../../../../avr/lib/avr5/libatmega32u4.a(eerd_block.o)
                0x00005cbc                eeprom_read_block
                0x00005cc0                eeprom_read_blraw
 .text.avr-libc
                0x00005cdc       0x10 /opt/homebrew/Cellar/avr-gcc@8/8.5.0_2/lib/avr-gcc/8/gcc/avr/8.5.0/../../../../../../avr/lib/avr5/libatmega32u4.a(eerd_byte.o)
                0x00005cdc                eeprom_read_byte
 .text.avr-libc
                0x00005cec        0xc /opt/homebrew/Cellar/avr-gcc@8/8.5.0_2/lib/avr-gcc/8/gcc/avr/8.5.0/../../../../../../avr/lib/avr5/libatmega32u4.a(eerd_word.o)
                0x00005cec                eeprom_read_word
 .text.avr-libc
                0x00005cf8       0x20 /opt/homebrew/Cellar/avr-gcc@8/8.5.0_2/lib/avr-gcc/8/gcc/avr/8.5.0/../../../../../../avr/lib/avr5/libatmega32u4.a(eeupd_block.o)
                0x00005cf8                eeprom_update_block
 .text.avr-libc
                0x00005d18       0x24 /opt/homebrew/Cellar/avr-gcc@8/8.5.0_2/lib/avr-gcc/8/gcc/avr/8.5.0/../../../../../../avr/lib/avr5/libatmega32u4.a(eeupd_byte.o)
                0x00005d18                eeprom_update_byte
                0x00005d1a                eeprom_update_r18
 .text.avr-libc
                0x00005d3c       0x18 /opt/homebrew/Cellar/avr-gcc@8/8.5.0_2/lib/avr-gcc/8/gcc/avr/8.5.0/../../../../../../avr/lib/avr5/libatmega32u4.a(eeupd_dword.o)
                0x00005d3c                eeprom_update_dword
                0x00005d3c                eeprom_update_float
 .text.avr-libc
                0x00005d54        0xc /opt/homebrew/Cellar/avr-gcc@8/8.5.0_2/lib/avr-gcc/8/gcc/avr/8.5.0/../../../../../../avr/lib/avr5/libatmega32u4.a(eeupd_word.o)
                0x00005d54                eeprom_update_word
                0x00005d60                        . = ALIGN (0x2)
 *(.fini9)
 .fini9         0x00005d60        0x0 /opt/homebrew/Cellar/avr-gcc@8/8.5.0_2/lib/avr-gcc/8/gcc/avr/8.5.0/avr5/libgcc.a(_exit.o)
                0x00005d60                exit
                0x00005d60                _exit
 *(.fini9)
 *(.fini8)
 *(.fini8)
 *(.fini7)
 *(.fini7)
 *(.fini6)
 *(.fini6)
 *(.fini5)
 *(.fini5)
 *(.fini4)
 *(.fini4)
 *(.fini3)
 *(.fini3)
 *(.fini2)
 *(.fini2)
 *(.fini1)
 *(.fini1)
 *(.fini0)
 .fini0         0x00005d60        0x4 /opt/homebrew/Cellar/avr-gcc@8/8.5.0_2/lib/avr-gcc/8/gcc/avr/8.5.0/avr5/libgcc.a(_exit.o)
 *(.fini0)
 *(.hightext)
 *(.hightext*)
 *(.progmemx.*)
                0x00005d64                        . = ALIGN (0x2)
 *(.jumptables)
 *(.jumptables*)
 .jumptables.gcc.rgb_task_render
                0x00005d64       0x16 /var/folders/f8/qwbwqdc504lddb_gqcxyf_wr0000gn/T//cc24TX6P.ltrans0.ltrans.o
 .jumptables.gcc.USB_Device_ProcessControlRequest
                0x00005d7a       0x14 /var/folders/f8/qwbwqdc504lddb_gqcxyf_wr0000gn/T//cc24TX6P.ltrans0.ltrans.o
 .jumptables.gcc.process_record
                0x00005d8e       0x50 /var/folders/f8/qwbwqdc504lddb_gqcxyf_wr0000gn/T//cc24TX6P.ltrans0.ltrans.o
                0x00005dde                        _etext = .

.data           0x00800100      0x1f2 load address 0x00005dde
                0x00800100                        PROVIDE (__data_start = .)
 *(.data)
 *(.data*)
 .data.split_transaction_table
                0x00800100       0x28 /var/folders/f8/qwbwqdc504lddb_gqcxyf_wr0000gn/T//cc24TX6P.ltrans0.ltrans.o
                0x00800100                split_transaction_table
 .data.isLeftHand
                0x00800128        0x1 /var/folders/f8/qwbwqdc504lddb_gqcxyf_wr0000gn/T//cc24TX6P.ltrans0.ltrans.o
 .data.lufa_driver
                0x00800129        0xa /var/folders/f8/qwbwqdc504lddb_gqcxyf_wr0000gn/T//cc24TX6P.ltrans0.ltrans.o
 .data.key_name_r2g
                0x00800133        0x1 /var/folders/f8/qwbwqdc504lddb_gqcxyf_wr0000gn/T//cc24TX6P.ltrans0.ltrans.o
 .data.display_start.2340
                0x00800134        0x7 /var/folders/f8/qwbwqdc504lddb_gqcxyf_wr0000gn/T//cc24TX6P.ltrans0.ltrans.o
 .data.rgb_last_enable
                0x0080013b        0x1 /var/folders/f8/qwbwqdc504lddb_gqcxyf_wr0000gn/T//cc24TX6P.ltrans0.ltrans.o
 .data.rgb_last_effect
                0x0080013c        0x1 /var/folders/f8/qwbwqdc504lddb_gqcxyf_wr0000gn/T//cc24TX6P.ltrans0.ltrans.o
 .data.keyboard_protocol
                0x0080013d        0x1 /var/folders/f8/qwbwqdc504lddb_gqcxyf_wr0000gn/T//cc24TX6P.ltrans0.ltrans.o
 .data.rgb_effect_params
                0x0080013e        0x3 /var/folders/f8/qwbwqdc504lddb_gqcxyf_wr0000gn/T//cc24TX6P.ltrans0.ltrans.o
 .data.rgb_task_state
                0x00800141        0x1 /var/folders/f8/qwbwqdc504lddb_gqcxyf_wr0000gn/T//cc24TX6P.ltrans0.ltrans.o
 *(.gnu.linkonce.d*)
 *(.rodata)
 .rodata        0x00800142        0x3 /var/folders/f8/qwbwqdc504lddb_gqcxyf_wr0000gn/T//cc24TX6P.ltrans0.ltrans.o
 *(.rodata*)
 .rodata.code_to_name_r2g
                0x00800145       0x3c /var/folders/f8/qwbwqdc504lddb_gqcxyf_wr0000gn/T//cc24TX6P.ltrans0.ltrans.o
 .rodata.CSWTCH.8
                0x00800181        0x3 /var/folders/f8/qwbwqdc504lddb_gqcxyf_wr0000gn/T//cc24TX6P.ltrans0.ltrans.o
 .rodata.CSWTCH.9
                0x00800184       0x36 /var/folders/f8/qwbwqdc504lddb_gqcxyf_wr0000gn/T//cc24TX6P.ltrans0.ltrans.o
 .rodata.split_shmem
                0x008001ba        0x2 /var/folders/f8/qwbwqdc504lddb_gqcxyf_wr0000gn/T//cc24TX6P.ltrans0.ltrans.o
                0x008001ba                split_shmem
 .rodata.row_pins
                0x008001bc        0x5 /var/folders/f8/qwbwqdc504lddb_gqcxyf_wr0000gn/T//cc24TX6P.ltrans0.ltrans.o
 .rodata.col_pins
                0x008001c1        0x6 /var/folders/f8/qwbwqdc504lddb_gqcxyf_wr0000gn/T//cc24TX6P.ltrans0.ltrans.o
 .rodata.source_map.2341
                0x008001c7        0x4 /var/folders/f8/qwbwqdc504lddb_gqcxyf_wr0000gn/T//cc24TX6P.ltrans0.ltrans.o
 .rodata.target_map.2342
                0x008001cb        0x4 /var/folders/f8/qwbwqdc504lddb_gqcxyf_wr0000gn/T//cc24TX6P.ltrans0.ltrans.o
 .rodata.b_m16_interleave
                0x008001cf        0x8 /var/folders/f8/qwbwqdc504lddb_gqcxyf_wr0000gn/T//cc24TX6P.ltrans0.ltrans.o
 .rodata.g_led_config
                0x008001d7      0x11a /var/folders/f8/qwbwqdc504lddb_gqcxyf_wr0000gn/T//cc24TX6P.ltrans0.ltrans.o
 *(.gnu.linkonce.r*)
                0x008002f2                        . = ALIGN (0x2)
 *fill*         0x008002f1        0x1 
                0x008002f2                        _edata = .
                0x008002f2                        PROVIDE (__data_end = .)

.bss            0x008002f2      0x4db
                0x008002f2                        PROVIDE (__bss_start = .)
 *(.bss)
 .bss           0x008002f2        0x2 .build/obj_lily58_r2g_paulomp90/platforms/avr/xprintf.o
                0x008002f2                xfunc_out
 *(.bss*)
 .bss.__compound_literal.0
                0x008002f4        0x8 /var/folders/f8/qwbwqdc504lddb_gqcxyf_wr0000gn/T//cc24TX6P.ltrans0.ltrans.o
 .bss.registered_repeat_count.3465
                0x008002fc        0x1 /var/folders/f8/qwbwqdc504lddb_gqcxyf_wr0000gn/T//cc24TX6P.ltrans0.ltrans.o
 .bss.registered_record.3464
                0x008002fd        0x9 /var/folders/f8/qwbwqdc504lddb_gqcxyf_wr0000gn/T//cc24TX6P.ltrans0.ltrans.o
 .bss.last_mods
                0x00800306        0x1 /var/folders/f8/qwbwqdc504lddb_gqcxyf_wr0000gn/T//cc24TX6P.ltrans0.ltrans.o
 .bss.last_record
                0x00800307        0x9 /var/folders/f8/qwbwqdc504lddb_gqcxyf_wr0000gn/T//cc24TX6P.ltrans0.ltrans.o
 .bss.registered_repeat_count.3499
                0x00800310        0x1 /var/folders/f8/qwbwqdc504lddb_gqcxyf_wr0000gn/T//cc24TX6P.ltrans0.ltrans.o
 .bss.registered_record.3498
                0x00800311        0x9 /var/folders/f8/qwbwqdc504lddb_gqcxyf_wr0000gn/T//cc24TX6P.ltrans0.ltrans.o
 .bss.processing_repeat_count
                0x0080031a        0x1 /var/folders/f8/qwbwqdc504lddb_gqcxyf_wr0000gn/T//cc24TX6P.ltrans0.ltrans.o
 .bss.registered_key.5327
                0x0080031b        0x2 /var/folders/f8/qwbwqdc504lddb_gqcxyf_wr0000gn/T//cc24TX6P.ltrans0.ltrans.o
 .bss.oneshot_locked_mods
                0x0080031d        0x1 /var/folders/f8/qwbwqdc504lddb_gqcxyf_wr0000gn/T//cc24TX6P.ltrans0.ltrans.o
 .bss.source_layers_cache
                0x0080031e       0x18 /var/folders/f8/qwbwqdc504lddb_gqcxyf_wr0000gn/T//cc24TX6P.ltrans0.ltrans.o
 .bss.tapping_key
                0x00800336        0x9 /var/folders/f8/qwbwqdc504lddb_gqcxyf_wr0000gn/T//cc24TX6P.ltrans0.ltrans.o
 .bss.oneshot_layer_data
                0x0080033f        0x1 /var/folders/f8/qwbwqdc504lddb_gqcxyf_wr0000gn/T//cc24TX6P.ltrans0.ltrans.o
 .bss.last_report.4289
                0x00800340        0x8 /var/folders/f8/qwbwqdc504lddb_gqcxyf_wr0000gn/T//cc24TX6P.ltrans0.ltrans.o
 .bss.oneshot_mods
                0x00800348        0x1 /var/folders/f8/qwbwqdc504lddb_gqcxyf_wr0000gn/T//cc24TX6P.ltrans0.ltrans.o
 .bss.last_tick.4533
                0x00800349        0x2 /var/folders/f8/qwbwqdc504lddb_gqcxyf_wr0000gn/T//cc24TX6P.ltrans0.ltrans.o
 .bss.debouncing_time
                0x0080034b        0x2 /var/folders/f8/qwbwqdc504lddb_gqcxyf_wr0000gn/T//cc24TX6P.ltrans0.ltrans.o
 .bss.debouncing
                0x0080034d        0x1 /var/folders/f8/qwbwqdc504lddb_gqcxyf_wr0000gn/T//cc24TX6P.ltrans0.ltrans.o
 .bss.connection_check_timer.4215
                0x0080034e        0x2 /var/folders/f8/qwbwqdc504lddb_gqcxyf_wr0000gn/T//cc24TX6P.ltrans0.ltrans.o
 .bss.last_sync_timer.4902
                0x00800350        0x4 /var/folders/f8/qwbwqdc504lddb_gqcxyf_wr0000gn/T//cc24TX6P.ltrans0.ltrans.o
 .bss.last_connected.4386
                0x00800354        0x1 /var/folders/f8/qwbwqdc504lddb_gqcxyf_wr0000gn/T//cc24TX6P.ltrans0.ltrans.o
 .bss.last_matrix.4875
                0x00800355        0x5 /var/folders/f8/qwbwqdc504lddb_gqcxyf_wr0000gn/T//cc24TX6P.ltrans0.ltrans.o
 .bss.last_update.4874
                0x0080035a        0x4 /var/folders/f8/qwbwqdc504lddb_gqcxyf_wr0000gn/T//cc24TX6P.ltrans0.ltrans.o
 .bss.last_update.4886
                0x0080035e        0x4 /var/folders/f8/qwbwqdc504lddb_gqcxyf_wr0000gn/T//cc24TX6P.ltrans0.ltrans.o
 .bss.shared_memory
                0x00800362       0x18 /var/folders/f8/qwbwqdc504lddb_gqcxyf_wr0000gn/T//cc24TX6P.ltrans0.ltrans.o
 .bss.last_update.4895
                0x0080037a        0x4 /var/folders/f8/qwbwqdc504lddb_gqcxyf_wr0000gn/T//cc24TX6P.ltrans0.ltrans.o
 .bss.last_update.4907
                0x0080037e        0x4 /var/folders/f8/qwbwqdc504lddb_gqcxyf_wr0000gn/T//cc24TX6P.ltrans0.ltrans.o
 .bss.connection_errors
                0x00800382        0x1 /var/folders/f8/qwbwqdc504lddb_gqcxyf_wr0000gn/T//cc24TX6P.ltrans0.ltrans.o
 .bss.sync_timer_ms
                0x00800383        0x4 /var/folders/f8/qwbwqdc504lddb_gqcxyf_wr0000gn/T//cc24TX6P.ltrans0.ltrans.o
 .bss.raw_matrix
                0x00800387        0xa /var/folders/f8/qwbwqdc504lddb_gqcxyf_wr0000gn/T//cc24TX6P.ltrans0.ltrans.o
 .bss.thatHand  0x00800391        0x1 /var/folders/f8/qwbwqdc504lddb_gqcxyf_wr0000gn/T//cc24TX6P.ltrans0.ltrans.o
 .bss.thisHand  0x00800392        0x1 /var/folders/f8/qwbwqdc504lddb_gqcxyf_wr0000gn/T//cc24TX6P.ltrans0.ltrans.o
 .bss.default_layer_state
                0x00800393        0x1 /var/folders/f8/qwbwqdc504lddb_gqcxyf_wr0000gn/T//cc24TX6P.ltrans0.ltrans.o
 .bss.keymap_config
                0x00800394        0x2 /var/folders/f8/qwbwqdc504lddb_gqcxyf_wr0000gn/T//cc24TX6P.ltrans0.ltrans.o
 .bss.matrix    0x00800396        0xa /var/folders/f8/qwbwqdc504lddb_gqcxyf_wr0000gn/T//cc24TX6P.ltrans0.ltrans.o
 .bss.debug_config
                0x008003a0        0x1 /var/folders/f8/qwbwqdc504lddb_gqcxyf_wr0000gn/T//cc24TX6P.ltrans0.ltrans.o
 .bss.matrix_previous.4540
                0x008003a1        0xa /var/folders/f8/qwbwqdc504lddb_gqcxyf_wr0000gn/T//cc24TX6P.ltrans0.ltrans.o
 .bss.keylog_str
                0x008003ab       0x18 /var/folders/f8/qwbwqdc504lddb_gqcxyf_wr0000gn/T//cc24TX6P.ltrans0.ltrans.o
 .bss.keylogs_str
                0x008003c3       0x15 /var/folders/f8/qwbwqdc504lddb_gqcxyf_wr0000gn/T//cc24TX6P.ltrans0.ltrans.o
 .bss.layer_state
                0x008003d8        0x1 /var/folders/f8/qwbwqdc504lddb_gqcxyf_wr0000gn/T//cc24TX6P.ltrans0.ltrans.o
 .bss.last_keycode_r2g
                0x008003d9        0x2 /var/folders/f8/qwbwqdc504lddb_gqcxyf_wr0000gn/T//cc24TX6P.ltrans0.ltrans.o
 .bss.last_col_r2g
                0x008003db        0x1 /var/folders/f8/qwbwqdc504lddb_gqcxyf_wr0000gn/T//cc24TX6P.ltrans0.ltrans.o
 .bss.last_row_r2g
                0x008003dc        0x1 /var/folders/f8/qwbwqdc504lddb_gqcxyf_wr0000gn/T//cc24TX6P.ltrans0.ltrans.o
 .bss.temp_buffer.2343
                0x008003dd       0x20 /var/folders/f8/qwbwqdc504lddb_gqcxyf_wr0000gn/T//cc24TX6P.ltrans0.ltrans.o
 .bss.oled_rotation
                0x008003fd        0x1 /var/folders/f8/qwbwqdc504lddb_gqcxyf_wr0000gn/T//cc24TX6P.ltrans0.ltrans.o
 .bss.oled_scrolling
                0x008003fe        0x1 /var/folders/f8/qwbwqdc504lddb_gqcxyf_wr0000gn/T//cc24TX6P.ltrans0.ltrans.o
 .bss.oled_update_timeout
                0x008003ff        0x2 /var/folders/f8/qwbwqdc504lddb_gqcxyf_wr0000gn/T//cc24TX6P.ltrans0.ltrans.o
 .bss.last_led_status.3594
                0x00800401        0x1 /var/folders/f8/qwbwqdc504lddb_gqcxyf_wr0000gn/T//cc24TX6P.ltrans0.ltrans.o
 .bss.last_hit_buffer
                0x00800402       0x29 /var/folders/f8/qwbwqdc504lddb_gqcxyf_wr0000gn/T//cc24TX6P.ltrans0.ltrans.o
 .bss.rgb_timer_buffer
                0x0080042b        0x4 /var/folders/f8/qwbwqdc504lddb_gqcxyf_wr0000gn/T//cc24TX6P.ltrans0.ltrans.o
 .bss.suspend_state
                0x0080042f        0x1 /var/folders/f8/qwbwqdc504lddb_gqcxyf_wr0000gn/T//cc24TX6P.ltrans0.ltrans.o
 .bss.ws2812_dirty
                0x00800430        0x1 /var/folders/f8/qwbwqdc504lddb_gqcxyf_wr0000gn/T//cc24TX6P.ltrans0.ltrans.o
 .bss.rgb_matrix_ws2812_array
                0x00800431       0xde /var/folders/f8/qwbwqdc504lddb_gqcxyf_wr0000gn/T//cc24TX6P.ltrans0.ltrans.o
 .bss.oled_timeout
                0x0080050f        0x4 /var/folders/f8/qwbwqdc504lddb_gqcxyf_wr0000gn/T//cc24TX6P.ltrans0.ltrans.o
 .bss.oled_active
                0x00800513        0x1 /var/folders/f8/qwbwqdc504lddb_gqcxyf_wr0000gn/T//cc24TX6P.ltrans0.ltrans.o
 .bss.oled_initialized
                0x00800514        0x1 /var/folders/f8/qwbwqdc504lddb_gqcxyf_wr0000gn/T//cc24TX6P.ltrans0.ltrans.o
 .bss.idle_timer
                0x00800515        0x2 /var/folders/f8/qwbwqdc504lddb_gqcxyf_wr0000gn/T//cc24TX6P.ltrans0.ltrans.o
 .bss.weak_mods
                0x00800517        0x1 /var/folders/f8/qwbwqdc504lddb_gqcxyf_wr0000gn/T//cc24TX6P.ltrans0.ltrans.o
 .bss.caps_word_active
                0x00800518        0x1 /var/folders/f8/qwbwqdc504lddb_gqcxyf_wr0000gn/T//cc24TX6P.ltrans0.ltrans.o
 .bss.last_repeat_count
                0x00800519        0x1 /var/folders/f8/qwbwqdc504lddb_gqcxyf_wr0000gn/T//cc24TX6P.ltrans0.ltrans.o
 .bss.split_config
                0x0080051a        0x2 /var/folders/f8/qwbwqdc504lddb_gqcxyf_wr0000gn/T//cc24TX6P.ltrans0.ltrans.o
 .bss.last_system_usage
                0x0080051c        0x2 /var/folders/f8/qwbwqdc504lddb_gqcxyf_wr0000gn/T//cc24TX6P.ltrans0.ltrans.o
 .bss.driver    0x0080051e        0x2 /var/folders/f8/qwbwqdc504lddb_gqcxyf_wr0000gn/T//cc24TX6P.ltrans0.ltrans.o
 .bss.last_consumer_usage
                0x00800520        0x2 /var/folders/f8/qwbwqdc504lddb_gqcxyf_wr0000gn/T//cc24TX6P.ltrans0.ltrans.o
 .bss.wdt_timeout
                0x00800522        0x1 /var/folders/f8/qwbwqdc504lddb_gqcxyf_wr0000gn/T//cc24TX6P.ltrans0.ltrans.o
 .bss.timer_count
                0x00800523        0x4 /var/folders/f8/qwbwqdc504lddb_gqcxyf_wr0000gn/T//cc24TX6P.ltrans0.ltrans.o
 .bss.USB_IsInitialized
                0x00800527        0x1 /var/folders/f8/qwbwqdc504lddb_gqcxyf_wr0000gn/T//cc24TX6P.ltrans0.ltrans.o
 .bss.real_mods
                0x00800528        0x1 /var/folders/f8/qwbwqdc504lddb_gqcxyf_wr0000gn/T//cc24TX6P.ltrans0.ltrans.o
 .bss.keyboard_idle
                0x00800529        0x1 /var/folders/f8/qwbwqdc504lddb_gqcxyf_wr0000gn/T//cc24TX6P.ltrans0.ltrans.o
 .bss.keyboard_led_state
                0x0080052a        0x1 /var/folders/f8/qwbwqdc504lddb_gqcxyf_wr0000gn/T//cc24TX6P.ltrans0.ltrans.o
 .bss.keyboard_report_sent
                0x0080052b        0x8 /var/folders/f8/qwbwqdc504lddb_gqcxyf_wr0000gn/T//cc24TX6P.ltrans0.ltrans.o
 .bss.USB_Device_CurrentlySelfPowered
                0x00800533        0x1 /var/folders/f8/qwbwqdc504lddb_gqcxyf_wr0000gn/T//cc24TX6P.ltrans0.ltrans.o
 .bss.USB_Device_RemoteWakeupEnabled
                0x00800534        0x1 /var/folders/f8/qwbwqdc504lddb_gqcxyf_wr0000gn/T//cc24TX6P.ltrans0.ltrans.o
 .bss.USB_DeviceState
                0x00800535        0x1 /var/folders/f8/qwbwqdc504lddb_gqcxyf_wr0000gn/T//cc24TX6P.ltrans0.ltrans.o
 .bss.USB_Device_ConfigurationNumber
                0x00800536        0x1 /var/folders/f8/qwbwqdc504lddb_gqcxyf_wr0000gn/T//cc24TX6P.ltrans0.ltrans.o
 .bss.USB_ControlRequest
                0x00800537        0x8 /var/folders/f8/qwbwqdc504lddb_gqcxyf_wr0000gn/T//cc24TX6P.ltrans0.ltrans.o
 .bss.waiting_buffer_head
                0x0080053f        0x1 /var/folders/f8/qwbwqdc504lddb_gqcxyf_wr0000gn/T//cc24TX6P.ltrans0.ltrans.o
 .bss.waiting_buffer
                0x00800540       0x48 /var/folders/f8/qwbwqdc504lddb_gqcxyf_wr0000gn/T//cc24TX6P.ltrans0.ltrans.o
 .bss.waiting_buffer_tail
                0x00800588        0x1 /var/folders/f8/qwbwqdc504lddb_gqcxyf_wr0000gn/T//cc24TX6P.ltrans0.ltrans.o
 .bss.g_rgb_timer
                0x00800589        0x4 /var/folders/f8/qwbwqdc504lddb_gqcxyf_wr0000gn/T//cc24TX6P.ltrans0.ltrans.o
 .bss.g_last_hit_tracker
                0x0080058d       0x29 /var/folders/f8/qwbwqdc504lddb_gqcxyf_wr0000gn/T//cc24TX6P.ltrans0.ltrans.o
 .bss.sc_timer  0x008005b6        0x2 /var/folders/f8/qwbwqdc504lddb_gqcxyf_wr0000gn/T//cc24TX6P.ltrans0.ltrans.o
 .bss.sc_last   0x008005b8        0x1 /var/folders/f8/qwbwqdc504lddb_gqcxyf_wr0000gn/T//cc24TX6P.ltrans0.ltrans.o
 .bss.dirty_rgb_matrix
                0x008005b9        0x1 /var/folders/f8/qwbwqdc504lddb_gqcxyf_wr0000gn/T//cc24TX6P.ltrans0.ltrans.o
 .bss.rgb_matrix_config
                0x008005ba        0x8 /var/folders/f8/qwbwqdc504lddb_gqcxyf_wr0000gn/T//cc24TX6P.ltrans0.ltrans.o
 .bss.oled_rotation_width
                0x008005c2        0x1 /var/folders/f8/qwbwqdc504lddb_gqcxyf_wr0000gn/T//cc24TX6P.ltrans0.ltrans.o
 .bss.oled_dirty
                0x008005c3        0x2 /var/folders/f8/qwbwqdc504lddb_gqcxyf_wr0000gn/T//cc24TX6P.ltrans0.ltrans.o
 .bss.oled_buffer
                0x008005c5      0x200 /var/folders/f8/qwbwqdc504lddb_gqcxyf_wr0000gn/T//cc24TX6P.ltrans0.ltrans.o
 .bss.oled_temp_buffer.2373
                0x008007c5        0x6 /var/folders/f8/qwbwqdc504lddb_gqcxyf_wr0000gn/T//cc24TX6P.ltrans0.ltrans.o
 .bss.oled_cursor
                0x008007cb        0x2 /var/folders/f8/qwbwqdc504lddb_gqcxyf_wr0000gn/T//cc24TX6P.ltrans0.ltrans.o
 *(COMMON)
                0x008007cd                        PROVIDE (__bss_end = .)
                0x00005dde                        __data_load_start = LOADADDR (.data)
                0x00005fd0                        __data_load_end = (__data_load_start + SIZEOF (.data))

.noinit         0x008007cd        0x4
                [!provide]                        PROVIDE (__noinit_start = .)
 *(.noinit .noinit.* .gnu.linkonce.n.*)
 .noinit        0x008007cd        0x4 /var/folders/f8/qwbwqdc504lddb_gqcxyf_wr0000gn/T//cc24TX6P.ltrans0.ltrans.o
                [!provide]                        PROVIDE (__noinit_end = .)
                0x008007d1                        _end = .
                [!provide]                        PROVIDE (__heap_start = .)
                [!provide]                        PROVIDE (__flmap_init_label = DEFINED (__flmap_noinit_start)?__flmap_noinit_start:0x0)
                [!provide]                        PROVIDE (__flmap = DEFINED (__flmap)?__flmap:0x0)

.eeprom         0x00810000        0x0
 *(.eeprom*)
                0x00810000                        __eeprom_end = .

.fuse
 *(.fuse)
 *(.lfuse)
 *(.hfuse)
 *(.efuse)

.lock
 *(.lock*)

.signature
 *(.signature*)

.stab
 *(.stab)

.stabstr
 *(.stabstr)

.stab.excl
 *(.stab.excl)

.stab.exclstr
 *(.stab.exclstr)

.stab.index
 *(.stab.index)

.stab.indexstr
 *(.stab.indexstr)

.comment        0x00000000       0x26
 *(.comment)
 .comment       0x00000000       0x27 /var/folders/f8/qwbwqdc504lddb_gqcxyf_wr0000gn/T//cc24TX6P.ltrans0.ltrans.o
 .comment       0x00000000       0x26 .build/obj_lily58_r2g_paulomp90/i2c_master.a(i2c_master.o)
                                 0x27 (size before relaxing)
 .comment       0x00000026       0x27 .build/obj_lily58_r2g_paulomp90/serial.a(serial.o)

.note.gnu.avr.deviceinfo
                0x00000000       0x40
 .note.gnu.avr.deviceinfo
                0x00000000       0x40 /opt/homebrew/Cellar/avr-gcc@8/8.5.0_2/lib/avr-gcc/8/gcc/avr/8.5.0/../../../../../../avr/lib/avr5/crtatmega32u4.o

.gnu.build.attributes
 *(.gnu.build.attributes .gnu.build.attributes.*)

.note.gnu.build-id
 *(.note.gnu.build-id)

.debug
 *(.debug)

.line
 *(.line)

.debug_srcinfo
 *(.debug_srcinfo)

.debug_sfnames
 *(.debug_sfnames)

.debug_aranges  0x00000000      0x618
 *(.debug_aranges)
 .debug_aranges
                0x00000000      0x3d0 /var/folders/f8/qwbwqdc504lddb_gqcxyf_wr0000gn/T//cc24TX6P.ltrans0.ltrans.o
 .debug_aranges
                0x000003d0       0x80 .build/obj_lily58_r2g_paulomp90/i2c_master.a(i2c_master.o)
 .debug_aranges
                0x00000450       0x68 .build/obj_lily58_r2g_paulomp90/serial.a(serial.o)
 .debug_aranges
                0x000004b8       0x20 /opt/homebrew/Cellar/avr-gcc@8/8.5.0_2/lib/avr-gcc/8/gcc/avr/8.5.0/avr5/libgcc.a(_udivmodhi4.o)
 .debug_aranges
                0x000004d8       0x20 /opt/homebrew/Cellar/avr-gcc@8/8.5.0_2/lib/avr-gcc/8/gcc/avr/8.5.0/avr5/libgcc.a(_exit.o)
 .debug_aranges
                0x000004f8       0x20 /opt/homebrew/Cellar/avr-gcc@8/8.5.0_2/lib/avr-gcc/8/gcc/avr/8.5.0/avr5/libgcc.a(_prologue.o)
 .debug_aranges
                0x00000518       0x20 /opt/homebrew/Cellar/avr-gcc@8/8.5.0_2/lib/avr-gcc/8/gcc/avr/8.5.0/avr5/libgcc.a(_epilogue.o)
 .debug_aranges
                0x00000538       0x20 /opt/homebrew/Cellar/avr-gcc@8/8.5.0_2/lib/avr-gcc/8/gcc/avr/8.5.0/avr5/libgcc.a(_udivmodqi4.o)
 .debug_aranges
                0x00000558       0x20 /opt/homebrew/Cellar/avr-gcc@8/8.5.0_2/lib/avr-gcc/8/gcc/avr/8.5.0/avr5/libgcc.a(_udivmodsi4.o)
 .debug_aranges
                0x00000578       0x20 /opt/homebrew/Cellar/avr-gcc@8/8.5.0_2/lib/avr-gcc/8/gcc/avr/8.5.0/avr5/libgcc.a(_divmodsi4.o)
 .debug_aranges
                0x00000598       0x20 /opt/homebrew/Cellar/avr-gcc@8/8.5.0_2/lib/avr-gcc/8/gcc/avr/8.5.0/avr5/libgcc.a(_negsi2.o)
 .debug_aranges
                0x000005b8       0x20 /opt/homebrew/Cellar/avr-gcc@8/8.5.0_2/lib/avr-gcc/8/gcc/avr/8.5.0/avr5/libgcc.a(_tablejump2.o)
 .debug_aranges
                0x000005d8       0x20 /opt/homebrew/Cellar/avr-gcc@8/8.5.0_2/lib/avr-gcc/8/gcc/avr/8.5.0/avr5/libgcc.a(_copy_data.o)
 .debug_aranges
                0x000005f8       0x20 /opt/homebrew/Cellar/avr-gcc@8/8.5.0_2/lib/avr-gcc/8/gcc/avr/8.5.0/avr5/libgcc.a(_clear_bss.o)

.debug_pubnames
 *(.debug_pubnames)

.debug_info     0x00000000    0x4422f
 *(.debug_info .gnu.linkonce.wi.*)
 .debug_info    0x00000000      0x9f4 /opt/homebrew/Cellar/avr-gcc@8/8.5.0_2/lib/avr-gcc/8/gcc/avr/8.5.0/../../../../../../avr/lib/avr5/crtatmega32u4.o
 .debug_info    0x000009f4    0x35c41 /var/folders/f8/qwbwqdc504lddb_gqcxyf_wr0000gn/T//ccSulx08debugobj
                0x000009f4                rgb_state_reader.c.a0e4b5da
                0x00000a11                layer_state_reader.c.661feca7
                0x00001347                logo_reader.c.d20e5cc9
                0x000013ad                keylogger.c.8f74192f
                0x00001791                r2g.c.b8ec773e
                0x000026ba                default_keyboard.c.3d90bc72
                0x00002fc2                keymap_introspection.c.65093e1e
                0x000061df                quantum.c.19177b85
                0x000094c0                bitwise.c.756811c4
                0x00009689                led.c.503b5ce6
                0x00009a67                action.c.ab3c7eaf
                0x0000d1b8                action_layer.c.9f96a08f
                0x0000da22                action_tapping.c.56be7621
                0x00010269                action_util.c.336d1469
                0x00010ab5                eeconfig.c.d47de335
                0x00010d68                keyboard.c.95944074
                0x0001184d                keymap_common.c.f7cd847b
                0x000146a1                keycode_config.c.064b88a9
                0x00016a43                sync_timer.c.0dc44076
                0x00016b74                debug.c.84991c92
                0x00016d69                sendchar.c.749ea970
                0x00016df0                matrix_common.c.6f3bf2fd
                0x000177db                matrix.c.da6aafe2
                0x00018064                sym_defer_g.c.0c2b9e31
                0x000181e9                split_util.c.2552214c
                0x0001897f                transport.c.498d1376
                0x000191e0                transactions.c.0999d812
                0x00019e6d                main.c.51691b3f
                0x00019f0b                printf.c.16da6cf4
                0x00019fd2                color.c.665d3d8f
                0x0001a1f9                rgb_matrix.c.fd54249e
                0x0001bd3d                rgb_matrix_drivers.c.0b900d02
                0x0001bf88                process_rgb.c.0b618edc
                0x0001e79f                led_tables.c.ae3d7fcb
                0x0001e82c                lib8tion.c.4afc24b2
                0x0001e951                oled_driver.c.72e0d879
                0x0001f51a                ws2812_bitbang.c.a4fe91bf
                0x0001f6e9                process_caps_word.c.45272b79
                0x00021f0e                caps_word.c.fa01cd5c
                0x000220cd                crc.c.b5bb2677
                0x000221cb                process_repeat_key.c.07ce9ef1
                0x000249d4                repeat_key.c.169a28eb
                0x000273c3                send_string.c.860b6613
                0x00029cd5                process_space_cadet.c.5282a173
                0x0002c172                process_tri_layer.c.98c7c83d
                0x0002e567                tri_layer.c.9e3ce828
                0x0002e697                host.c.52e69326
                0x0002ee48                report.c.8a986be0
                0x0003149e                usb_device_state.c.dceac2c0
                0x0003161d                usb_util.c.d7e1b2cf
                0x000316a0                suspend.c.2b26c95b
                0x00031764                synchronization_util.c.bd993847
                0x000317cc                timer.c.44aea485
                0x00031886                hardware_id.c.1c8b0015
                0x00031974                platform.c.6a03cc71
                0x000319e9                suspend.c.1401ddae
                0x00031f34                timer.c.8801245e
                0x0003213d                dfu.c.0c4c7b1b
                0x00032267                lufa.c.8e102783
                0x00032eb6                usb_descriptor.c.b9cd1c46
                0x000337f4                HIDParser.c.0006535b
                0x00033e6a                Device_AVR8.c.a93c3d11
                0x00033fd1                EndpointStream_AVR8.c.1e09942b
                0x00034aeb                Endpoint_AVR8.c.57554ca1
                0x00034f22                Host_AVR8.c.52daf144
                0x00034f7f                PipeStream_AVR8.c.7210cd19
                0x00034fdc                Pipe_AVR8.c.154a0dd2
                0x00035039                USBController_AVR8.c.3636aff5
                0x0003535d                USBInterrupt_AVR8.c.68615d83
                0x000356ed                ConfigDescriptors.c.035f4a96
                0x00035a4e                DeviceStandardReq.c.176296fb
                0x00035ff1                Events.c.5c274693
                0x000360a8                HostStandardReq.c.93e4ae36
                0x00036105                USBTask.c.19ac605b
                0x000362fc                usb_util.c.a54bc504
 .debug_info    0x00036635     0xb6a7 /var/folders/f8/qwbwqdc504lddb_gqcxyf_wr0000gn/T//cc24TX6P.ltrans0.ltrans.o
 .debug_info    0x00041cdc     0x10ca .build/obj_lily58_r2g_paulomp90/i2c_master.a(i2c_master.o)
 .debug_info    0x00042da6     0x12e7 .build/obj_lily58_r2g_paulomp90/serial.a(serial.o)
 .debug_info    0x0004408d       0x26 /opt/homebrew/Cellar/avr-gcc@8/8.5.0_2/lib/avr-gcc/8/gcc/avr/8.5.0/avr5/libgcc.a(_udivmodhi4.o)
 .debug_info    0x000440b3       0x26 /opt/homebrew/Cellar/avr-gcc@8/8.5.0_2/lib/avr-gcc/8/gcc/avr/8.5.0/avr5/libgcc.a(_exit.o)
 .debug_info    0x000440d9       0x26 /opt/homebrew/Cellar/avr-gcc@8/8.5.0_2/lib/avr-gcc/8/gcc/avr/8.5.0/avr5/libgcc.a(_prologue.o)
 .debug_info    0x000440ff       0x26 /opt/homebrew/Cellar/avr-gcc@8/8.5.0_2/lib/avr-gcc/8/gcc/avr/8.5.0/avr5/libgcc.a(_epilogue.o)
 .debug_info    0x00044125       0x26 /opt/homebrew/Cellar/avr-gcc@8/8.5.0_2/lib/avr-gcc/8/gcc/avr/8.5.0/avr5/libgcc.a(_udivmodqi4.o)
 .debug_info    0x0004414b       0x26 /opt/homebrew/Cellar/avr-gcc@8/8.5.0_2/lib/avr-gcc/8/gcc/avr/8.5.0/avr5/libgcc.a(_udivmodsi4.o)
 .debug_info    0x00044171       0x26 /opt/homebrew/Cellar/avr-gcc@8/8.5.0_2/lib/avr-gcc/8/gcc/avr/8.5.0/avr5/libgcc.a(_divmodsi4.o)
 .debug_info    0x00044197       0x26 /opt/homebrew/Cellar/avr-gcc@8/8.5.0_2/lib/avr-gcc/8/gcc/avr/8.5.0/avr5/libgcc.a(_negsi2.o)
 .debug_info    0x000441bd       0x26 /opt/homebrew/Cellar/avr-gcc@8/8.5.0_2/lib/avr-gcc/8/gcc/avr/8.5.0/avr5/libgcc.a(_tablejump2.o)
 .debug_info    0x000441e3       0x26 /opt/homebrew/Cellar/avr-gcc@8/8.5.0_2/lib/avr-gcc/8/gcc/avr/8.5.0/avr5/libgcc.a(_copy_data.o)
 .debug_info    0x00044209       0x26 /opt/homebrew/Cellar/avr-gcc@8/8.5.0_2/lib/avr-gcc/8/gcc/avr/8.5.0/avr5/libgcc.a(_clear_bss.o)

.debug_abbrev   0x00000000     0x7897
 *(.debug_abbrev)
 .debug_abbrev  0x00000000      0x96a /opt/homebrew/Cellar/avr-gcc@8/8.5.0_2/lib/avr-gcc/8/gcc/avr/8.5.0/../../../../../../avr/lib/avr5/crtatmega32u4.o
 .debug_abbrev  0x0000096a     0x63ba /var/folders/f8/qwbwqdc504lddb_gqcxyf_wr0000gn/T//ccSulx08debugobj
 .debug_abbrev  0x00006d24      0x375 /var/folders/f8/qwbwqdc504lddb_gqcxyf_wr0000gn/T//cc24TX6P.ltrans0.ltrans.o
 .debug_abbrev  0x00007099      0x2d2 .build/obj_lily58_r2g_paulomp90/i2c_master.a(i2c_master.o)
 .debug_abbrev  0x0000736b      0x450 .build/obj_lily58_r2g_paulomp90/serial.a(serial.o)
 .debug_abbrev  0x000077bb       0x14 /opt/homebrew/Cellar/avr-gcc@8/8.5.0_2/lib/avr-gcc/8/gcc/avr/8.5.0/avr5/libgcc.a(_udivmodhi4.o)
 .debug_abbrev  0x000077cf       0x14 /opt/homebrew/Cellar/avr-gcc@8/8.5.0_2/lib/avr-gcc/8/gcc/avr/8.5.0/avr5/libgcc.a(_exit.o)
 .debug_abbrev  0x000077e3       0x14 /opt/homebrew/Cellar/avr-gcc@8/8.5.0_2/lib/avr-gcc/8/gcc/avr/8.5.0/avr5/libgcc.a(_prologue.o)
 .debug_abbrev  0x000077f7       0x14 /opt/homebrew/Cellar/avr-gcc@8/8.5.0_2/lib/avr-gcc/8/gcc/avr/8.5.0/avr5/libgcc.a(_epilogue.o)
 .debug_abbrev  0x0000780b       0x14 /opt/homebrew/Cellar/avr-gcc@8/8.5.0_2/lib/avr-gcc/8/gcc/avr/8.5.0/avr5/libgcc.a(_udivmodqi4.o)
 .debug_abbrev  0x0000781f       0x14 /opt/homebrew/Cellar/avr-gcc@8/8.5.0_2/lib/avr-gcc/8/gcc/avr/8.5.0/avr5/libgcc.a(_udivmodsi4.o)
 .debug_abbrev  0x00007833       0x14 /opt/homebrew/Cellar/avr-gcc@8/8.5.0_2/lib/avr-gcc/8/gcc/avr/8.5.0/avr5/libgcc.a(_divmodsi4.o)
 .debug_abbrev  0x00007847       0x14 /opt/homebrew/Cellar/avr-gcc@8/8.5.0_2/lib/avr-gcc/8/gcc/avr/8.5.0/avr5/libgcc.a(_negsi2.o)
 .debug_abbrev  0x0000785b       0x14 /opt/homebrew/Cellar/avr-gcc@8/8.5.0_2/lib/avr-gcc/8/gcc/avr/8.5.0/avr5/libgcc.a(_tablejump2.o)
 .debug_abbrev  0x0000786f       0x14 /opt/homebrew/Cellar/avr-gcc@8/8.5.0_2/lib/avr-gcc/8/gcc/avr/8.5.0/avr5/libgcc.a(_copy_data.o)
 .debug_abbrev  0x00007883       0x14 /opt/homebrew/Cellar/avr-gcc@8/8.5.0_2/lib/avr-gcc/8/gcc/avr/8.5.0/avr5/libgcc.a(_clear_bss.o)

.debug_line     0x00000000    0x16c18
 *(.debug_line .debug_line.* .debug_line_end)
 .debug_line    0x00000000       0x1d /opt/homebrew/Cellar/avr-gcc@8/8.5.0_2/lib/avr-gcc/8/gcc/avr/8.5.0/../../../../../../avr/lib/avr5/crtatmega32u4.o
 .debug_line    0x0000001d     0x5a52 /var/folders/f8/qwbwqdc504lddb_gqcxyf_wr0000gn/T//ccSulx08debugobj
 .debug_line    0x00005a6f     0xe3d4 /var/folders/f8/qwbwqdc504lddb_gqcxyf_wr0000gn/T//cc24TX6P.ltrans0.ltrans.o
 .debug_line    0x00013e43     0x138c .build/obj_lily58_r2g_paulomp90/i2c_master.a(i2c_master.o)
 .debug_line    0x000151cf     0x12c7 .build/obj_lily58_r2g_paulomp90/serial.a(serial.o)
 .debug_line    0x00016496       0xca /opt/homebrew/Cellar/avr-gcc@8/8.5.0_2/lib/avr-gcc/8/gcc/avr/8.5.0/avr5/libgcc.a(_udivmodhi4.o)
 .debug_line    0x00016560       0x5e /opt/homebrew/Cellar/avr-gcc@8/8.5.0_2/lib/avr-gcc/8/gcc/avr/8.5.0/avr5/libgcc.a(_exit.o)
 .debug_line    0x000165be       0xfa /opt/homebrew/Cellar/avr-gcc@8/8.5.0_2/lib/avr-gcc/8/gcc/avr/8.5.0/avr5/libgcc.a(_prologue.o)
 .debug_line    0x000166b8       0xf4 /opt/homebrew/Cellar/avr-gcc@8/8.5.0_2/lib/avr-gcc/8/gcc/avr/8.5.0/avr5/libgcc.a(_epilogue.o)
 .debug_line    0x000167ac       0x9a /opt/homebrew/Cellar/avr-gcc@8/8.5.0_2/lib/avr-gcc/8/gcc/avr/8.5.0/avr5/libgcc.a(_udivmodqi4.o)
 .debug_line    0x00016846      0x11e /opt/homebrew/Cellar/avr-gcc@8/8.5.0_2/lib/avr-gcc/8/gcc/avr/8.5.0/avr5/libgcc.a(_udivmodsi4.o)
 .debug_line    0x00016964       0xca /opt/homebrew/Cellar/avr-gcc@8/8.5.0_2/lib/avr-gcc/8/gcc/avr/8.5.0/avr5/libgcc.a(_divmodsi4.o)
 .debug_line    0x00016a2e       0x5e /opt/homebrew/Cellar/avr-gcc@8/8.5.0_2/lib/avr-gcc/8/gcc/avr/8.5.0/avr5/libgcc.a(_negsi2.o)
 .debug_line    0x00016a8c       0x76 /opt/homebrew/Cellar/avr-gcc@8/8.5.0_2/lib/avr-gcc/8/gcc/avr/8.5.0/avr5/libgcc.a(_tablejump2.o)
 .debug_line    0x00016b02       0x94 /opt/homebrew/Cellar/avr-gcc@8/8.5.0_2/lib/avr-gcc/8/gcc/avr/8.5.0/avr5/libgcc.a(_copy_data.o)
 .debug_line    0x00016b96       0x82 /opt/homebrew/Cellar/avr-gcc@8/8.5.0_2/lib/avr-gcc/8/gcc/avr/8.5.0/avr5/libgcc.a(_clear_bss.o)

.debug_frame    0x00000000      0xf68
 *(.debug_frame)
 .debug_frame   0x00000000      0xbd4 /var/folders/f8/qwbwqdc504lddb_gqcxyf_wr0000gn/T//cc24TX6P.ltrans0.ltrans.o
 .debug_frame   0x00000bd4      0x240 .build/obj_lily58_r2g_paulomp90/i2c_master.a(i2c_master.o)
 .debug_frame   0x00000e14      0x154 .build/obj_lily58_r2g_paulomp90/serial.a(serial.o)

.debug_str      0x00000000     0xc0e3
 *(.debug_str)
 .debug_str     0x00000000      0x371 /opt/homebrew/Cellar/avr-gcc@8/8.5.0_2/lib/avr-gcc/8/gcc/avr/8.5.0/../../../../../../avr/lib/avr5/crtatmega32u4.o
 .debug_str     0x00000371    0x4e65f /var/folders/f8/qwbwqdc504lddb_gqcxyf_wr0000gn/T//ccSulx08debugobj
 .debug_str     0x00000371      0x183 /var/folders/f8/qwbwqdc504lddb_gqcxyf_wr0000gn/T//cc24TX6P.ltrans0.ltrans.o
 .debug_str     0x00000371     0xbd72 .build/obj_lily58_r2g_paulomp90/i2c_master.a(i2c_master.o)
                                0x36a (size before relaxing)
 .debug_str     0x0000c0e3      0x7e0 .build/obj_lily58_r2g_paulomp90/serial.a(serial.o)
 .debug_str     0x0000c0e3       0x82 /opt/homebrew/Cellar/avr-gcc@8/8.5.0_2/lib/avr-gcc/8/gcc/avr/8.5.0/avr5/libgcc.a(_udivmodhi4.o)
 .debug_str     0x0000c0e3       0x82 /opt/homebrew/Cellar/avr-gcc@8/8.5.0_2/lib/avr-gcc/8/gcc/avr/8.5.0/avr5/libgcc.a(_exit.o)
 .debug_str     0x0000c0e3       0x82 /opt/homebrew/Cellar/avr-gcc@8/8.5.0_2/lib/avr-gcc/8/gcc/avr/8.5.0/avr5/libgcc.a(_prologue.o)
 .debug_str     0x0000c0e3       0x82 /opt/homebrew/Cellar/avr-gcc@8/8.5.0_2/lib/avr-gcc/8/gcc/avr/8.5.0/avr5/libgcc.a(_epilogue.o)
 .debug_str     0x0000c0e3       0x82 /opt/homebrew/Cellar/avr-gcc@8/8.5.0_2/lib/avr-gcc/8/gcc/avr/8.5.0/avr5/libgcc.a(_udivmodqi4.o)
 .debug_str     0x0000c0e3       0x82 /opt/homebrew/Cellar/avr-gcc@8/8.5.0_2/lib/avr-gcc/8/gcc/avr/8.5.0/avr5/libgcc.a(_udivmodsi4.o)
 .debug_str     0x0000c0e3       0x82 /opt/homebrew/Cellar/avr-gcc@8/8.5.0_2/lib/avr-gcc/8/gcc/avr/8.5.0/avr5/libgcc.a(_divmodsi4.o)
 .debug_str     0x0000c0e3       0x82 /opt/homebrew/Cellar/avr-gcc@8/8.5.0_2/lib/avr-gcc/8/gcc/avr/8.5.0/avr5/libgcc.a(_negsi2.o)
 .debug_str     0x0000c0e3       0x82 /opt/homebrew/Cellar/avr-gcc@8/8.5.0_2/lib/avr-gcc/8/gcc/avr/8.5.0/avr5/libgcc.a(_tablejump2.o)
 .debug_str     0x0000c0e3       0x82 /opt/homebrew/Cellar/avr-gcc@8/8.5.0_2/lib/avr-gcc/8/gcc/avr/8.5.0/avr5/libgcc.a(_copy_data.o)
 .debug_str     0x0000c0e3       0x82 /opt/homebrew/Cellar/avr-gcc@8/8.5.0_2/lib/avr-gcc/8/gcc/avr/8.5.0/avr5/libgcc.a(_clear_bss.o)

.debug_loc      0x00000000     0xbea6
 *(.debug_loc)
 .debug_loc     0x00000000     0x9c47 /var/folders/f8/qwbwqdc504lddb_gqcxyf_wr0000gn/T//cc24TX6P.ltrans0.ltrans.o
 .debug_loc     0x00009c47     0x17ba .build/obj_lily58_r2g_paulomp90/i2c_master.a(i2c_master.o)
 .debug_loc     0x0000b401      0xaa5 .build/obj_lily58_r2g_paulomp90/serial.a(serial.o)

.debug_macinfo
 *(.debug_macinfo)

.debug_weaknames
 *(.debug_weaknames)

.debug_funcnames
 *(.debug_funcnames)

.debug_typenames
 *(.debug_typenames)

.debug_varnames
 *(.debug_varnames)

.debug_pubtypes
 *(.debug_pubtypes)

.debug_ranges   0x00000000     0x2a98
 *(.debug_ranges)
 .debug_ranges  0x00000000     0x2648 /var/folders/f8/qwbwqdc504lddb_gqcxyf_wr0000gn/T//cc24TX6P.ltrans0.ltrans.o
 .debug_ranges  0x00002648      0x130 .build/obj_lily58_r2g_paulomp90/i2c_master.a(i2c_master.o)
 .debug_ranges  0x00002778      0x320 .build/obj_lily58_r2g_paulomp90/serial.a(serial.o)

.debug_addr
 *(.debug_addr)

.debug_line_str
 *(.debug_line_str)

.debug_loclists
 *(.debug_loclists)

.debug_macro
 *(.debug_macro)

.debug_names
 *(.debug_names)

.debug_rnglists
 *(.debug_rnglists)

.debug_str_offsets
 *(.debug_str_offsets)

.debug_sup
 *(.debug_sup)
OUTPUT(.build/lily58_r2g_paulomp90.elf elf32-avr)
LOAD linker stubs

Cross Reference Table

Symbol                                            File
ALPHAS_MODS                                       .build/obj_lily58_r2g_paulomp90/quantum/rgb_matrix/rgb_matrix.o (symbol from plugin)
BREATHING                                         .build/obj_lily58_r2g_paulomp90/quantum/rgb_matrix/rgb_matrix.o (symbol from plugin)
CALLBACK_HIDParser_FilterHIDReportItem            .build/obj_lily58_r2g_paulomp90/lib/lufa/LUFA/Drivers/USB/Class/Common/HIDParser.o (symbol from plugin)
CALLBACK_USB_GetDescriptor                        .build/obj_lily58_r2g_paulomp90/lufa.o (symbol from plugin)
                                                  .build/obj_lily58_r2g_paulomp90/lib/lufa/LUFA/Drivers/USB/Core/DeviceStandardReq.o (symbol from plugin)
CIE1931_CURVE                                     .build/obj_lily58_r2g_paulomp90/quantum/led_tables.o (symbol from plugin)
                                                  .build/obj_lily58_r2g_paulomp90/quantum/color.o (symbol from plugin)
ConfigDescriptors.c.035f4a96                      /var/folders/f8/qwbwqdc504lddb_gqcxyf_wr0000gn/T//ccSulx08debugobj
ConfigurationDescriptor                           .build/obj_lily58_r2g_paulomp90/usb_descriptor.o (symbol from plugin)
DeviceDescriptor                                  .build/obj_lily58_r2g_paulomp90/usb_descriptor.o (symbol from plugin)
DeviceStandardReq.c.176296fb                      /var/folders/f8/qwbwqdc504lddb_gqcxyf_wr0000gn/T//ccSulx08debugobj
                                                  /var/folders/f8/qwbwqdc504lddb_gqcxyf_wr0000gn/T//cc24TX6P.ltrans0.ltrans.o
Device_AVR8.c.a93c3d11                            /var/folders/f8/qwbwqdc504lddb_gqcxyf_wr0000gn/T//ccSulx08debugobj
                                                  /var/folders/f8/qwbwqdc504lddb_gqcxyf_wr0000gn/T//cc24TX6P.ltrans0.ltrans.o
EVENT_USB_Device_ConfigurationChanged             .build/obj_lily58_r2g_paulomp90/lufa.o (symbol from plugin)
                                                  .build/obj_lily58_r2g_paulomp90/lib/lufa/LUFA/Drivers/USB/Core/DeviceStandardReq.o (symbol from plugin)
EVENT_USB_Device_Connect                          .build/obj_lily58_r2g_paulomp90/lufa.o (symbol from plugin)
                                                  .build/obj_lily58_r2g_paulomp90/lib/lufa/LUFA/Drivers/USB/Core/AVR8/USBInterrupt_AVR8.o (symbol from plugin)
EVENT_USB_Device_ControlRequest                   .build/obj_lily58_r2g_paulomp90/lufa.o (symbol from plugin)
                                                  .build/obj_lily58_r2g_paulomp90/lib/lufa/LUFA/Drivers/USB/Core/DeviceStandardReq.o (symbol from plugin)
EVENT_USB_Device_Disconnect                       .build/obj_lily58_r2g_paulomp90/lufa.o (symbol from plugin)
                                                  .build/obj_lily58_r2g_paulomp90/lib/lufa/LUFA/Drivers/USB/Core/AVR8/USBInterrupt_AVR8.o (symbol from plugin)
EVENT_USB_Device_Reset                            .build/obj_lily58_r2g_paulomp90/lufa.o (symbol from plugin)
                                                  .build/obj_lily58_r2g_paulomp90/lib/lufa/LUFA/Drivers/USB/Core/AVR8/USBInterrupt_AVR8.o (symbol from plugin)
EVENT_USB_Device_StartOfFrame                     .build/obj_lily58_r2g_paulomp90/lib/lufa/LUFA/Drivers/USB/Core/Events.o (symbol from plugin)
                                                  .build/obj_lily58_r2g_paulomp90/lib/lufa/LUFA/Drivers/USB/Core/AVR8/USBInterrupt_AVR8.o (symbol from plugin)
EVENT_USB_Device_Suspend                          .build/obj_lily58_r2g_paulomp90/lufa.o (symbol from plugin)
                                                  .build/obj_lily58_r2g_paulomp90/lib/lufa/LUFA/Drivers/USB/Core/AVR8/USBInterrupt_AVR8.o (symbol from plugin)
EVENT_USB_Device_WakeUp                           .build/obj_lily58_r2g_paulomp90/lufa.o (symbol from plugin)
                                                  .build/obj_lily58_r2g_paulomp90/lib/lufa/LUFA/Drivers/USB/Core/AVR8/USBInterrupt_AVR8.o (symbol from plugin)
EndpointStream_AVR8.c.1e09942b                    /var/folders/f8/qwbwqdc504lddb_gqcxyf_wr0000gn/T//ccSulx08debugobj
                                                  /var/folders/f8/qwbwqdc504lddb_gqcxyf_wr0000gn/T//cc24TX6P.ltrans0.ltrans.o
Endpoint_AVR8.c.57554ca1                          /var/folders/f8/qwbwqdc504lddb_gqcxyf_wr0000gn/T//ccSulx08debugobj
                                                  /var/folders/f8/qwbwqdc504lddb_gqcxyf_wr0000gn/T//cc24TX6P.ltrans0.ltrans.o
Endpoint_ClearEndpoints                           .build/obj_lily58_r2g_paulomp90/lib/lufa/LUFA/Drivers/USB/Core/AVR8/Endpoint_AVR8.o (symbol from plugin)
Endpoint_ClearStatusStage                         .build/obj_lily58_r2g_paulomp90/lib/lufa/LUFA/Drivers/USB/Core/AVR8/Endpoint_AVR8.o (symbol from plugin)
                                                  .build/obj_lily58_r2g_paulomp90/lib/lufa/LUFA/Drivers/USB/Core/DeviceStandardReq.o (symbol from plugin)
                                                  .build/obj_lily58_r2g_paulomp90/lufa.o (symbol from plugin)
Endpoint_ConfigureEndpointTable                   .build/obj_lily58_r2g_paulomp90/lib/lufa/LUFA/Drivers/USB/Core/AVR8/Endpoint_AVR8.o (symbol from plugin)
Endpoint_ConfigureEndpoint_Prv                    .build/obj_lily58_r2g_paulomp90/lib/lufa/LUFA/Drivers/USB/Core/AVR8/Endpoint_AVR8.o (symbol from plugin)
                                                  .build/obj_lily58_r2g_paulomp90/lib/lufa/LUFA/Drivers/USB/Core/AVR8/USBInterrupt_AVR8.o (symbol from plugin)
                                                  .build/obj_lily58_r2g_paulomp90/lib/lufa/LUFA/Drivers/USB/Core/AVR8/USBController_AVR8.o (symbol from plugin)
                                                  .build/obj_lily58_r2g_paulomp90/lufa.o (symbol from plugin)
Endpoint_Discard_Stream                           .build/obj_lily58_r2g_paulomp90/lib/lufa/LUFA/Drivers/USB/Core/AVR8/EndpointStream_AVR8.o (symbol from plugin)
Endpoint_Null_Stream                              .build/obj_lily58_r2g_paulomp90/lib/lufa/LUFA/Drivers/USB/Core/AVR8/EndpointStream_AVR8.o (symbol from plugin)
Endpoint_Read_Control_EStream_BE                  .build/obj_lily58_r2g_paulomp90/lib/lufa/LUFA/Drivers/USB/Core/AVR8/EndpointStream_AVR8.o (symbol from plugin)
Endpoint_Read_Control_EStream_LE                  .build/obj_lily58_r2g_paulomp90/lib/lufa/LUFA/Drivers/USB/Core/AVR8/EndpointStream_AVR8.o (symbol from plugin)
Endpoint_Read_Control_Stream_BE                   .build/obj_lily58_r2g_paulomp90/lib/lufa/LUFA/Drivers/USB/Core/AVR8/EndpointStream_AVR8.o (symbol from plugin)
Endpoint_Read_Control_Stream_LE                   .build/obj_lily58_r2g_paulomp90/lib/lufa/LUFA/Drivers/USB/Core/AVR8/EndpointStream_AVR8.o (symbol from plugin)
Endpoint_Read_EStream_BE                          .build/obj_lily58_r2g_paulomp90/lib/lufa/LUFA/Drivers/USB/Core/AVR8/EndpointStream_AVR8.o (symbol from plugin)
Endpoint_Read_EStream_LE                          .build/obj_lily58_r2g_paulomp90/lib/lufa/LUFA/Drivers/USB/Core/AVR8/EndpointStream_AVR8.o (symbol from plugin)
Endpoint_Read_Stream_BE                           .build/obj_lily58_r2g_paulomp90/lib/lufa/LUFA/Drivers/USB/Core/AVR8/EndpointStream_AVR8.o (symbol from plugin)
Endpoint_Read_Stream_LE                           .build/obj_lily58_r2g_paulomp90/lib/lufa/LUFA/Drivers/USB/Core/AVR8/EndpointStream_AVR8.o (symbol from plugin)
Endpoint_WaitUntilReady                           .build/obj_lily58_r2g_paulomp90/lib/lufa/LUFA/Drivers/USB/Core/AVR8/Endpoint_AVR8.o (symbol from plugin)
                                                  .build/obj_lily58_r2g_paulomp90/lib/lufa/LUFA/Drivers/USB/Core/AVR8/EndpointStream_AVR8.o (symbol from plugin)
Endpoint_Write_Control_EStream_BE                 .build/obj_lily58_r2g_paulomp90/lib/lufa/LUFA/Drivers/USB/Core/AVR8/EndpointStream_AVR8.o (symbol from plugin)
Endpoint_Write_Control_EStream_LE                 .build/obj_lily58_r2g_paulomp90/lib/lufa/LUFA/Drivers/USB/Core/AVR8/EndpointStream_AVR8.o (symbol from plugin)
Endpoint_Write_Control_PStream_BE                 .build/obj_lily58_r2g_paulomp90/lib/lufa/LUFA/Drivers/USB/Core/AVR8/EndpointStream_AVR8.o (symbol from plugin)
Endpoint_Write_Control_PStream_LE                 .build/obj_lily58_r2g_paulomp90/lib/lufa/LUFA/Drivers/USB/Core/AVR8/EndpointStream_AVR8.o (symbol from plugin)
                                                  .build/obj_lily58_r2g_paulomp90/lib/lufa/LUFA/Drivers/USB/Core/DeviceStandardReq.o (symbol from plugin)
Endpoint_Write_Control_Stream_BE                  .build/obj_lily58_r2g_paulomp90/lib/lufa/LUFA/Drivers/USB/Core/AVR8/EndpointStream_AVR8.o (symbol from plugin)
Endpoint_Write_Control_Stream_LE                  .build/obj_lily58_r2g_paulomp90/lib/lufa/LUFA/Drivers/USB/Core/AVR8/EndpointStream_AVR8.o (symbol from plugin)
                                                  .build/obj_lily58_r2g_paulomp90/lib/lufa/LUFA/Drivers/USB/Core/DeviceStandardReq.o (symbol from plugin)
                                                  .build/obj_lily58_r2g_paulomp90/lufa.o (symbol from plugin)
Endpoint_Write_EStream_BE                         .build/obj_lily58_r2g_paulomp90/lib/lufa/LUFA/Drivers/USB/Core/AVR8/EndpointStream_AVR8.o (symbol from plugin)
Endpoint_Write_EStream_LE                         .build/obj_lily58_r2g_paulomp90/lib/lufa/LUFA/Drivers/USB/Core/AVR8/EndpointStream_AVR8.o (symbol from plugin)
Endpoint_Write_PStream_BE                         .build/obj_lily58_r2g_paulomp90/lib/lufa/LUFA/Drivers/USB/Core/AVR8/EndpointStream_AVR8.o (symbol from plugin)
Endpoint_Write_PStream_LE                         .build/obj_lily58_r2g_paulomp90/lib/lufa/LUFA/Drivers/USB/Core/AVR8/EndpointStream_AVR8.o (symbol from plugin)
Endpoint_Write_Stream_BE                          .build/obj_lily58_r2g_paulomp90/lib/lufa/LUFA/Drivers/USB/Core/AVR8/EndpointStream_AVR8.o (symbol from plugin)
Endpoint_Write_Stream_LE                          .build/obj_lily58_r2g_paulomp90/lib/lufa/LUFA/Drivers/USB/Core/AVR8/EndpointStream_AVR8.o (symbol from plugin)
                                                  .build/obj_lily58_r2g_paulomp90/lufa.o (symbol from plugin)
Events.c.5c274693                                 /var/folders/f8/qwbwqdc504lddb_gqcxyf_wr0000gn/T//ccSulx08debugobj
                                                  /var/folders/f8/qwbwqdc504lddb_gqcxyf_wr0000gn/T//cc24TX6P.ltrans0.ltrans.o
GRADIENT_LEFT_RIGHT                               .build/obj_lily58_r2g_paulomp90/quantum/rgb_matrix/rgb_matrix.o (symbol from plugin)
GRADIENT_UP_DOWN                                  .build/obj_lily58_r2g_paulomp90/quantum/rgb_matrix/rgb_matrix.o (symbol from plugin)
HIDParser.c.0006535b                              /var/folders/f8/qwbwqdc504lddb_gqcxyf_wr0000gn/T//ccSulx08debugobj
HUE_WAVE                                          .build/obj_lily58_r2g_paulomp90/quantum/rgb_matrix/rgb_matrix.o (symbol from plugin)
HostStandardReq.c.93e4ae36                        /var/folders/f8/qwbwqdc504lddb_gqcxyf_wr0000gn/T//ccSulx08debugobj
Host_AVR8.c.52daf144                              /var/folders/f8/qwbwqdc504lddb_gqcxyf_wr0000gn/T//ccSulx08debugobj
KeyboardReport                                    .build/obj_lily58_r2g_paulomp90/usb_descriptor.o (symbol from plugin)
LanguageString                                    .build/obj_lily58_r2g_paulomp90/usb_descriptor.o (symbol from plugin)
ManufacturerString                                .build/obj_lily58_r2g_paulomp90/usb_descriptor.o (symbol from plugin)
PipeStream_AVR8.c.7210cd19                        /var/folders/f8/qwbwqdc504lddb_gqcxyf_wr0000gn/T//ccSulx08debugobj
Pipe_AVR8.c.154a0dd2                              /var/folders/f8/qwbwqdc504lddb_gqcxyf_wr0000gn/T//ccSulx08debugobj
ProductString                                     .build/obj_lily58_r2g_paulomp90/usb_descriptor.o (symbol from plugin)
RAINBOW_BEACON                                    .build/obj_lily58_r2g_paulomp90/quantum/rgb_matrix/rgb_matrix.o (symbol from plugin)
RAINBOW_MOVING_CHEVRON                            .build/obj_lily58_r2g_paulomp90/quantum/rgb_matrix/rgb_matrix.o (symbol from plugin)
SOLID_COLOR                                       .build/obj_lily58_r2g_paulomp90/quantum/rgb_matrix/rgb_matrix.o (symbol from plugin)
SOLID_REACTIVE                                    .build/obj_lily58_r2g_paulomp90/quantum/rgb_matrix/rgb_matrix.o (symbol from plugin)
SOLID_REACTIVE_SIMPLE                             .build/obj_lily58_r2g_paulomp90/quantum/rgb_matrix/rgb_matrix.o (symbol from plugin)
SharedReport                                      .build/obj_lily58_r2g_paulomp90/usb_descriptor.o (symbol from plugin)
USBController_AVR8.c.3636aff5                     /var/folders/f8/qwbwqdc504lddb_gqcxyf_wr0000gn/T//ccSulx08debugobj
                                                  /var/folders/f8/qwbwqdc504lddb_gqcxyf_wr0000gn/T//cc24TX6P.ltrans0.ltrans.o
USBInterrupt_AVR8.c.68615d83                      /var/folders/f8/qwbwqdc504lddb_gqcxyf_wr0000gn/T//ccSulx08debugobj
                                                  /var/folders/f8/qwbwqdc504lddb_gqcxyf_wr0000gn/T//cc24TX6P.ltrans0.ltrans.o
USBTask.c.19ac605b                                /var/folders/f8/qwbwqdc504lddb_gqcxyf_wr0000gn/T//ccSulx08debugobj
                                                  /var/folders/f8/qwbwqdc504lddb_gqcxyf_wr0000gn/T//cc24TX6P.ltrans0.ltrans.o
USB_ControlRequest                                .build/obj_lily58_r2g_paulomp90/lib/lufa/LUFA/Drivers/USB/Core/USBTask.o (symbol from plugin)
                                                  .build/obj_lily58_r2g_paulomp90/lib/lufa/LUFA/Drivers/USB/Core/DeviceStandardReq.o (symbol from plugin)
                                                  .build/obj_lily58_r2g_paulomp90/lib/lufa/LUFA/Drivers/USB/Core/AVR8/Endpoint_AVR8.o (symbol from plugin)
                                                  .build/obj_lily58_r2g_paulomp90/lib/lufa/LUFA/Drivers/USB/Core/AVR8/EndpointStream_AVR8.o (symbol from plugin)
                                                  .build/obj_lily58_r2g_paulomp90/lufa.o (symbol from plugin)
USB_DeviceState                                   .build/obj_lily58_r2g_paulomp90/lib/lufa/LUFA/Drivers/USB/Core/USBTask.o (symbol from plugin)
                                                  .build/obj_lily58_r2g_paulomp90/protocol/lufa/usb_util.o (symbol from plugin)
                                                  .build/obj_lily58_r2g_paulomp90/lib/lufa/LUFA/Drivers/USB/Core/DeviceStandardReq.o (symbol from plugin)
                                                  .build/obj_lily58_r2g_paulomp90/lib/lufa/LUFA/Drivers/USB/Core/AVR8/USBInterrupt_AVR8.o (symbol from plugin)
                                                  .build/obj_lily58_r2g_paulomp90/lib/lufa/LUFA/Drivers/USB/Core/AVR8/USBController_AVR8.o (symbol from plugin)
                                                  .build/obj_lily58_r2g_paulomp90/lib/lufa/LUFA/Drivers/USB/Core/AVR8/Endpoint_AVR8.o (symbol from plugin)
                                                  .build/obj_lily58_r2g_paulomp90/lib/lufa/LUFA/Drivers/USB/Core/AVR8/EndpointStream_AVR8.o (symbol from plugin)
                                                  .build/obj_lily58_r2g_paulomp90/lufa.o (symbol from plugin)
                                                  .build/obj_lily58_r2g_paulomp90/platforms/avr/suspend.o (symbol from plugin)
USB_Device_ConfigurationNumber                    .build/obj_lily58_r2g_paulomp90/lib/lufa/LUFA/Drivers/USB/Core/DeviceStandardReq.o (symbol from plugin)
                                                  .build/obj_lily58_r2g_paulomp90/lib/lufa/LUFA/Drivers/USB/Core/AVR8/USBInterrupt_AVR8.o (symbol from plugin)
                                                  .build/obj_lily58_r2g_paulomp90/lib/lufa/LUFA/Drivers/USB/Core/AVR8/USBController_AVR8.o (symbol from plugin)
                                                  .build/obj_lily58_r2g_paulomp90/lufa.o (symbol from plugin)
USB_Device_CurrentlySelfPowered                   .build/obj_lily58_r2g_paulomp90/lib/lufa/LUFA/Drivers/USB/Core/DeviceStandardReq.o (symbol from plugin)
                                                  .build/obj_lily58_r2g_paulomp90/lib/lufa/LUFA/Drivers/USB/Core/AVR8/USBController_AVR8.o (symbol from plugin)
USB_Device_ProcessControlRequest                  .build/obj_lily58_r2g_paulomp90/lib/lufa/LUFA/Drivers/USB/Core/DeviceStandardReq.o (symbol from plugin)
                                                  .build/obj_lily58_r2g_paulomp90/lib/lufa/LUFA/Drivers/USB/Core/USBTask.o (symbol from plugin)
                                                  .build/obj_lily58_r2g_paulomp90/lib/lufa/LUFA/Drivers/USB/Core/AVR8/USBInterrupt_AVR8.o (symbol from plugin)
USB_Device_RemoteWakeupEnabled                    .build/obj_lily58_r2g_paulomp90/lib/lufa/LUFA/Drivers/USB/Core/DeviceStandardReq.o (symbol from plugin)